../grbl/ngc_params.c:130:14:probe_result	0	static
../grbl/ngc_params.c:142:14:m66_result	0	static
../grbl/ngc_params.c:147:14:tool_number	0	static
../grbl/ngc_params.c:152:14:tool_offset	0	static
../grbl/ngc_params.c:189:14:coord_system	0	static
../grbl/ngc_params.c:208:14:g92_offset_applied	0	static
../grbl/ngc_params.c:213:14:g92_offset	0	static
../grbl/ngc_params.c:231:14:debug_output	0	static
../grbl/ngc_params.c:575:14:ngc_name_tolower	8	static
../grbl/ngc_params.c:194:14:coord_system_offset	24	static
../grbl/ngc_params.c:171:14:g30_home	24	static
../grbl/ngc_params.c:159:14:g28_home	24	static
../grbl/ngc_params.c:106:14:probe_coord	32	static
../grbl/ngc_params.c:122:14:scaling_factors	8	static
../grbl/ngc_params.c:90:14:_relative_pos.part.0	16	static
../grbl/ngc_params.c:220:14:work_position	0	static
../grbl/ngc_params.c:261:6:ngc_param_get	24	static
../grbl/ngc_params.c:287:6:ngc_param_is_rw	0	static
../grbl/ngc_params.c:292:6:ngc_param_exists	0	static
../grbl/ngc_params.c:297:6:ngc_param_set	32	static
../grbl/ngc_params.c:386:7:ngc_named_param_get_by_id	0	static
../grbl/ngc_params.c:593:6:ngc_named_param_get	24	static
../grbl/ngc_params.c:622:6:ngc_named_param_exists	32	static
../grbl/ngc_params.c:654:6:ngc_named_param_set	40	static
../grbl/ngc_params.c:703:6:ngc_modal_state_save	16	static
../grbl/ngc_params.c:716:6:ngc_modal_state_invalidate	8	static
../grbl/ngc_params.c:726:6:ngc_modal_state_restore	0	static
../grbl/ngc_params.c:731:6:ngc_call_push	8	static
../grbl/ngc_params.c:741:6:ngc_call_pop	32	static
../grbl/ngc_params.c:795:14:ngc_call_level	0	static
../grbl/ngc_params.c:800:9:ngc_float_decimals	0	static
