../grbl/settings.c:312:13:group_is_available	0	static
../grbl/settings.c:926:22:set_ganged_dir_invert	8	static
../grbl/settings.c:936:22:set_stepper_deenergize_mask	8	static
../grbl/settings.c:945:22:set_report_interval	0	static
../grbl/settings.c:953:22:set_report_mask	0	static
../grbl/settings.c:997:22:set_pwm_mode	0	static
../grbl/settings.c:1004:22:set_pwm_options	0	static
../grbl/settings.c:1103:22:set_estop_unlock	0	static
../grbl/settings.c:1115:22:set_offset_lock	0	static
../grbl/settings.c:1135:22:set_hard_limits_enable	8	static
../grbl/settings.c:1153:22:set_jog_soft_limited	0	static
../grbl/settings.c:1197:22:set_enable_legacy_rt_commands	0	static
../grbl/settings.c:1245:22:set_parking_enable	0	static
../grbl/settings.c:1252:22:set_restore_overrides	0	static
../grbl/settings.c:1261:22:set_sleep_enable	0	static
../grbl/settings.c:1268:22:set_hold_actions	0	static
../grbl/settings.c:1277:22:set_g92_disable_persistence	0	static
../grbl/settings.c:1285:22:set_force_initialization_alarm	0	static
../grbl/settings.c:1292:22:set_probe_allow_feed_override	0	static
../grbl/settings.c:1314:22:set_tool_change_probing_distance	0	static
../grbl/settings.c:1324:22:set_tool_restore_pos	0	static
../grbl/settings.c:1578:17:get_int	0	static
../grbl/settings.c:2292:20:is_available	8	static
../grbl/settings.c:1034:22:set_encoder_spindle	8	static
../grbl/settings.c:1020:22:set_spindle_type	8	static
../grbl/settings.c:1299:22:set_tool_change_mode	8	static
../grbl/settings.c:1204:22:set_homing_cycle	8	static
../grbl/settings.c:1214:22:set_mode	8	static
../grbl/settings.c:1046:22:set_spindle_invert	8	static
../grbl/settings.c:1066:22:set_probe_disable_pullup	8	static
../grbl/settings.c:1057:22:set_control_disable_pullup	8	static
../grbl/settings.c:912:22:set_probe_invert	8	static
../grbl/settings.c:987:22:set_control_invert	8	static
../grbl/settings.c:965:22:set_report_inches	8	static
../grbl/settings.c:1763:23:get_decimal_places	16	static
../grbl/settings.c:2475:22:validate_value	24	static
../grbl/settings.c:1078:13:tmp_set_soft_limits	0	static
../grbl/settings.c:1091:22:set_soft_limits_enable	8	static
../grbl/settings.c:1163:22:set_homing_enable	0	static
../grbl/settings.c:1428:28:normalize_id	0	static
../grbl/settings.c:1935:13:is_setting_available	8	static
../grbl/settings.c:2220:6:settings_write_global	4	static
../grbl/settings.c:2740:13:settings_changed_spindle	8	static
../grbl/settings.c:2532:17:strnumentries.constprop	8	static
../grbl/settings.c:856:6:settings_override_acceleration	16	static
../grbl/settings.c:879:6:settings_register	0	static
../grbl/settings.c:885:20:settings_get_details	0	static
../grbl/settings.c:1443:14:settings_get_axis_base	16	static
../grbl/settings.c:1526:14:get_float	16	static
../grbl/settings.c:1451:22:set_axis_setting	32	static
../grbl/settings.c:1770:7:setting_get_value	16	static
../grbl/settings.c:1852:10:setting_get_int_value	0	static
../grbl/settings.c:1908:7:setting_get_float_value	0	static
../grbl/settings.c:2064:6:settings_write_build_info	4	static
../grbl/settings.c:2071:6:settings_read_build_info	16	static
../grbl/settings.c:2083:6:settings_write_startup_line	16	static
../grbl/settings.c:2096:6:settings_read_startup_line	16	static
../grbl/settings.c:2110:6:settings_write_coord_data	8	static
../grbl/settings.c:2123:6:settings_read_coord_data	16	static
../grbl/settings.c:2182:6:read_global_settings	16	static
../grbl/settings.c:2233:6:settings_restore	104	static
../grbl/settings.c:2357:17:settings_normalize_group	0	static
../grbl/settings.c:2389:25:setting_get_details	32	static
../grbl/settings.c:2362:6:settings_iterator	32	static
../grbl/settings.c:2417:13:setting_get_description	16	static
../grbl/settings.c:2450:31:setting_get_group_details	20	static
../grbl/settings.c:2302:6:settings_is_group_available	24	static
../grbl/settings.c:2297:13:is_group_available	0	static
../grbl/settings.c:2548:20:setting_datatype_to_external	0	static
../grbl/settings.c:2564:6:setting_is_list	0	static
../grbl/settings.c:2569:6:setting_is_integer	0	static
../grbl/settings.c:2607:6:setting_remove_elements	24	static
../grbl/settings.c:2686:15:setting_validate_me	40	static
../grbl/settings.c:2732:15:setting_validate	16	static
../grbl/settings.c:2753:15:settings_store_setting	40	static
../grbl/settings.c:2874:6:settings_add_spindle_type	16	static
../grbl/settings.c:2888:6:settings_clear	0	static
../grbl/settings.c:2895:6:settings_init	32	static
