../grbl/stream.c:120:9:stream_get_null	0	static
../grbl/stream.c:182:6:stream_connected	0	static
../grbl/stream.c:187:13:is_not_connected	0	static
../grbl/stream.c:215:13:stream_write_all	16	static
../grbl/stream.c:420:13:_open_instance	8	static
../grbl/stream.c:579:17:null_rx_free	0	static
../grbl/stream.c:584:17:null_count	0	static
../grbl/stream.c:589:13:null_put_c	0	static
../grbl/stream.c:594:13:null_write_string	0	static
../grbl/stream.c:598:13:null_write	0	static
../grbl/stream.c:602:13:null_suspend_disable	0	static
../grbl/stream.c:607:13:null_set_baudrate	0	static
../grbl/stream.c:612:13:null_enqueue_rt_command	0	static
../grbl/stream.c:617:37:null_set_rt_handler	0	static
../grbl/stream.c:627:20:stream_null_init	0	static
../grbl/stream.c:125:22:await_toolchange_ack	24	static
../grbl/stream.c:226:29:add_connection	16	static
../grbl/stream.c:192:13:connection_is_up	4	static
../grbl/stream.c:81:6:stream_register_streams	0	static
../grbl/stream.c:89:6:stream_enumerate_streams	16	static
../grbl/stream.c:110:6:stream_tx_blocking	8	static
../grbl/stream.c:142:6:stream_rx_suspend	16	static
../grbl/stream.c:165:15:stream_buffer_all	0	static
../grbl/stream.c:170:15:stream_enqueue_realtime_command	8	static
../grbl/stream.c:368:20:stream_get_base	0	static
../grbl/stream.c:373:19:stream_get_flags	16	static
../grbl/stream.c:392:6:stream_set_description	16	static
../grbl/stream.c:443:20:stream_open_instance	16	static
../grbl/stream.c:465:15:stream_mpg_check_enable	8	static
../grbl/stream.c:478:6:stream_mpg_register	24	static
../grbl/stream.c:520:6:stream_mpg_enable	32	static
../grbl/stream.c:254:13:stream_select	32	static
../grbl/stream.c:404:6:stream_connect	16	static
../grbl/stream.c:428:6:stream_connect_instance	8	static
../grbl/stream.c:437:6:stream_disconnect	0	static
../grbl/stream.c:460:6:stream_mpg_set_mode	0	static
../grbl/stream.c:739:6:debug_printf	0	static
