../grbl/tool_change.c:74:13:change_completed	16	static
../grbl/tool_change.c:161:13:execute_warning	0	static
../grbl/tool_change.c:305:22:on_toolchange_ack	8	static
../grbl/tool_change.c:102:13:reset	16	static
../grbl/tool_change.c:53:13:tc_on_homing_complete	8	static
../grbl/tool_change.c:283:22:trap_stream_cycle_start	16	static
../grbl/tool_change.c:265:22:trap_control_cycle_start	16	static
../grbl/tool_change.c:122:13:restore	64	static
../grbl/tool_change.c:322:22:tool_change	80	static
../grbl/tool_change.c:64:13:on_probe_completed	0	static
../grbl/tool_change.c:314:13:tool_select	12	static
../grbl/tool_change.c:168:13:execute_restore	8	static
../grbl/tool_change.c:184:13:set_probe_target.constprop	8	static
../grbl/tool_change.c:194:13:execute_probe	80	static
../grbl/tool_change.c:434:6:tc_init	8	static
../grbl/tool_change.c:474:15:tc_probe_workpiece	72	static
