../grbl/vfs.c:36:20:fs_open	0	static
../grbl/vfs.c:41:13:fs_close	0	static
../grbl/vfs.c:45:15:fs_read	0	static
../grbl/vfs.c:55:15:fs_tell	0	static
../grbl/vfs.c:60:12:fs_seek	0	static
../grbl/vfs.c:65:13:fs_eof	0	static
../grbl/vfs.c:70:12:fs_unlink	0	static
../grbl/vfs.c:80:19:fs_opendir	0	static
../grbl/vfs.c:89:12:fs_stat	0	static
../grbl/vfs.c:99:14:fs_getcwd	0	static
../grbl/vfs.c:94:12:fs_chdir	8	static
../grbl/vfs.c:190:20:get_filename	8	static
../grbl/vfs.c:165:21:get_mount	24	static
../grbl/vfs.c:50:15:fs_write	0	static
../grbl/vfs.c:75:12:fs_dirop	0	static
../grbl/vfs.c:85:13:fs_closedir	0	static
../grbl/vfs.c:137:7:vfs_fixpath	16	static
../grbl/vfs.c:199:13:vfs_open	24	static
../grbl/vfs.c:212:6:vfs_close	8	static
../grbl/vfs.c:222:8:vfs_read	8	static
../grbl/vfs.c:229:8:vfs_write	8	static
../grbl/vfs.c:236:5:vfs_puts	24	static
../grbl/vfs.c:248:8:vfs_tell	0	static
../grbl/vfs.c:255:5:vfs_seek	0	static
../grbl/vfs.c:262:6:vfs_eof	0	static
../grbl/vfs.c:269:5:vfs_rename	24	static
../grbl/vfs.c:285:5:vfs_unlink	16	static
../grbl/vfs.c:297:5:vfs_mkdir	16	static
../grbl/vfs.c:309:5:vfs_rmdir	16	static
../grbl/vfs.c:321:5:vfs_chdir	24	static
../grbl/vfs.c:361:12:vfs_opendir	32	static
../grbl/vfs.c:391:15:vfs_readdir	24	static
../grbl/vfs.c:417:6:vfs_closedir	8	static
../grbl/vfs.c:430:7:vfs_getcwd	16	static
../grbl/vfs.c:445:5:vfs_stat	24	static
../grbl/vfs.c:473:5:vfs_utime	16	static
../grbl/vfs.c:480:13:vfs_fgetfree	8	static
../grbl/vfs.c:492:6:vfs_mount	24	static
../grbl/vfs.c:523:6:vfs_unmount	8	static
../grbl/vfs.c:553:14:vfs_get_drive	8	static
../grbl/vfs.c:567:15:vfs_drives_open	8	static
../grbl/vfs.c:591:14:vfs_drives_read	12	static
../grbl/vfs.c:616:6:vfs_drives_close	0	static
../grbl/vfs.c:621:13:vfs_drive_getfree	8	static
../grbl/vfs.c:630:5:vfs_drive_format	0	static
