../Src/serial.c:458:17:serialRxFree	0	static
../Src/serial.c:468:17:serialRxCount	0	static
../Src/serial.c:478:13:serialRxFlush	0	static
../Src/serial.c:486:13:serialRxCancel	0	static
../Src/serial.c:496:13:serialPutC	24	static
../Src/serial.c:514:13:serialWriteS	8	static
../Src/serial.c:525:13:serialWrite	16	static
../Src/serial.c:536:13:serialTxFlush	0	static
../Src/serial.c:545:17:serialTxCount	0	static
../Src/serial.c:555:16:serialGetC	0	static
../Src/serial.c:592:13:serialEnqueueRtCommand	0	static
../Src/serial.c:597:37:serialSetRtHandler	0	static
../Src/serial.c:573:13:serialSetBaudRate	48	static
../Src/serial.c:568:13:serialSuspendInput	0	static
../Src/serial.c:582:13:serialDisable	0	static
../Src/serial.c:607:27:serialInit	48	static
../Src/serial.c:347:6:serialRegisterStreams	8	static
../Src/serial.c:651:6:USART2_IRQHandler	8	static
