Archive member included to satisfy reference by file (symbol)

C:/ST/STM32CubeIDE_1.15.1/STM32CubeIDE/plugins/com.st.stm32cube.ide.mcu.externaltools.gnu-tools-for-stm32.12.3.rel1.win32_1.0.100.202403111256/tools/bin/../lib/gcc/arm-none-eabi/12.3.1/../../../../arm-none-eabi/lib/thumb/v7e-m+fp/hard\libc_nano.a(libc_a-assert.o)
                              ./grbl/settings.o (__assert_func)
C:/ST/STM32CubeIDE_1.15.1/STM32CubeIDE/plugins/com.st.stm32cube.ide.mcu.externaltools.gnu-tools-for-stm32.12.3.rel1.win32_1.0.100.202403111256/tools/bin/../lib/gcc/arm-none-eabi/12.3.1/../../../../arm-none-eabi/lib/thumb/v7e-m+fp/hard\libc_nano.a(libc_a-atoi.o)
                              ./lwip/src/core/netif.o (atoi)
C:/ST/STM32CubeIDE_1.15.1/STM32CubeIDE/plugins/com.st.stm32cube.ide.mcu.externaltools.gnu-tools-for-stm32.12.3.rel1.win32_1.0.100.202403111256/tools/bin/../lib/gcc/arm-none-eabi/12.3.1/../../../../arm-none-eabi/lib/thumb/v7e-m+fp/hard\libc_nano.a(libc_a-calloc.o)
                              ./grbl/report.o (calloc)
C:/ST/STM32CubeIDE_1.15.1/STM32CubeIDE/plugins/com.st.stm32cube.ide.mcu.externaltools.gnu-tools-for-stm32.12.3.rel1.win32_1.0.100.202403111256/tools/bin/../lib/gcc/arm-none-eabi/12.3.1/../../../../arm-none-eabi/lib/thumb/v7e-m+fp/hard\libc_nano.a(libc_a-callocr.o)
                              C:/ST/STM32CubeIDE_1.15.1/STM32CubeIDE/plugins/com.st.stm32cube.ide.mcu.externaltools.gnu-tools-for-stm32.12.3.rel1.win32_1.0.100.202403111256/tools/bin/../lib/gcc/arm-none-eabi/12.3.1/../../../../arm-none-eabi/lib/thumb/v7e-m+fp/hard\libc_nano.a(libc_a-calloc.o) (_calloc_r)
C:/ST/STM32CubeIDE_1.15.1/STM32CubeIDE/plugins/com.st.stm32cube.ide.mcu.externaltools.gnu-tools-for-stm32.12.3.rel1.win32_1.0.100.202403111256/tools/bin/../lib/gcc/arm-none-eabi/12.3.1/../../../../arm-none-eabi/lib/thumb/v7e-m+fp/hard\libc_nano.a(libc_a-exit.o)
                              C:/ST/STM32CubeIDE_1.15.1/STM32CubeIDE/plugins/com.st.stm32cube.ide.mcu.externaltools.gnu-tools-for-stm32.12.3.rel1.win32_1.0.100.202403111256/tools/bin/../lib/gcc/arm-none-eabi/12.3.1/../../../../arm-none-eabi/lib/thumb/v7e-m+fp/hard/crt0.o (exit)
C:/ST/STM32CubeIDE_1.15.1/STM32CubeIDE/plugins/com.st.stm32cube.ide.mcu.externaltools.gnu-tools-for-stm32.12.3.rel1.win32_1.0.100.202403111256/tools/bin/../lib/gcc/arm-none-eabi/12.3.1/../../../../arm-none-eabi/lib/thumb/v7e-m+fp/hard\libc_nano.a(libc_a-itoa.o)
                              ./networking/urlencode.o (itoa)
C:/ST/STM32CubeIDE_1.15.1/STM32CubeIDE/plugins/com.st.stm32cube.ide.mcu.externaltools.gnu-tools-for-stm32.12.3.rel1.win32_1.0.100.202403111256/tools/bin/../lib/gcc/arm-none-eabi/12.3.1/../../../../arm-none-eabi/lib/thumb/v7e-m+fp/hard\libc_nano.a(libc_a-malloc.o)
                              ./Middlewares/ST/STM32_USB_Device_Library/Class/CDC/Src/usbd_cdc.o (malloc)
C:/ST/STM32CubeIDE_1.15.1/STM32CubeIDE/plugins/com.st.stm32cube.ide.mcu.externaltools.gnu-tools-for-stm32.12.3.rel1.win32_1.0.100.202403111256/tools/bin/../lib/gcc/arm-none-eabi/12.3.1/../../../../arm-none-eabi/lib/thumb/v7e-m+fp/hard\libc_nano.a(libc_a-mallocr.o)
                              C:/ST/STM32CubeIDE_1.15.1/STM32CubeIDE/plugins/com.st.stm32cube.ide.mcu.externaltools.gnu-tools-for-stm32.12.3.rel1.win32_1.0.100.202403111256/tools/bin/../lib/gcc/arm-none-eabi/12.3.1/../../../../arm-none-eabi/lib/thumb/v7e-m+fp/hard\libc_nano.a(libc_a-callocr.o) (_malloc_r)
C:/ST/STM32CubeIDE_1.15.1/STM32CubeIDE/plugins/com.st.stm32cube.ide.mcu.externaltools.gnu-tools-for-stm32.12.3.rel1.win32_1.0.100.202403111256/tools/bin/../lib/gcc/arm-none-eabi/12.3.1/../../../../arm-none-eabi/lib/thumb/v7e-m+fp/hard\libc_nano.a(libc_a-mlock.o)
                              C:/ST/STM32CubeIDE_1.15.1/STM32CubeIDE/plugins/com.st.stm32cube.ide.mcu.externaltools.gnu-tools-for-stm32.12.3.rel1.win32_1.0.100.202403111256/tools/bin/../lib/gcc/arm-none-eabi/12.3.1/../../../../arm-none-eabi/lib/thumb/v7e-m+fp/hard\libc_nano.a(libc_a-mallocr.o) (__malloc_lock)
C:/ST/STM32CubeIDE_1.15.1/STM32CubeIDE/plugins/com.st.stm32cube.ide.mcu.externaltools.gnu-tools-for-stm32.12.3.rel1.win32_1.0.100.202403111256/tools/bin/../lib/gcc/arm-none-eabi/12.3.1/../../../../arm-none-eabi/lib/thumb/v7e-m+fp/hard\libc_nano.a(libc_a-mstats.o)
                              ./Src/driver.o (mallinfo)
C:/ST/STM32CubeIDE_1.15.1/STM32CubeIDE/plugins/com.st.stm32cube.ide.mcu.externaltools.gnu-tools-for-stm32.12.3.rel1.win32_1.0.100.202403111256/tools/bin/../lib/gcc/arm-none-eabi/12.3.1/../../../../arm-none-eabi/lib/thumb/v7e-m+fp/hard\libc_nano.a(libc_a-rand.o)
                              ./lwip/src/core/dns.o (rand)
C:/ST/STM32CubeIDE_1.15.1/STM32CubeIDE/plugins/com.st.stm32cube.ide.mcu.externaltools.gnu-tools-for-stm32.12.3.rel1.win32_1.0.100.202403111256/tools/bin/../lib/gcc/arm-none-eabi/12.3.1/../../../../arm-none-eabi/lib/thumb/v7e-m+fp/hard\libc_nano.a(libc_a-realloc.o)
                              ./networking/cJSON.o (realloc)
[...]
Memory Configuration

Name             Origin             Length             Attributes
RAM              0x20000000         0x00010000         xrw
BOOT_FLASH       0x08000000         0x00004000         xr
EEPROM_EMUL      0x08004000         0x00004000         xrw
FLASH            0x08008000         0x00038000         xr
*default*        0x00000000         0xffffffff

Linker script and memory map

LOAD C:/ST/STM32CubeIDE_1.15.1/STM32CubeIDE/plugins/com.st.stm32cube.ide.mcu.externaltools.gnu-tools-for-stm32.12.3.rel1.win32_1.0.100.202403111256/tools/bin/../lib/gcc/arm-none-eabi/12.3.1/thumb/v7e-m+fp/hard/crti.o
LOAD C:/ST/STM32CubeIDE_1.15.1/STM32CubeIDE/plugins/com.st.stm32cube.ide.mcu.externaltools.gnu-tools-for-stm32.12.3.rel1.win32_1.0.100.202403111256/tools/bin/../lib/gcc/arm-none-eabi/12.3.1/thumb/v7e-m+fp/hard/crtbegin.o
LOAD C:/ST/STM32CubeIDE_1.15.1/STM32CubeIDE/plugins/com.st.stm32cube.ide.mcu.externaltools.gnu-tools-for-stm32.12.3.rel1.win32_1.0.100.202403111256/tools/bin/../lib/gcc/arm-none-eabi/12.3.1/../../../../arm-none-eabi/lib/thumb/v7e-m+fp/hard/crt0.o
LOAD ./Drivers/FATFS/App/fatfs.o
LOAD ./Drivers/FATFS/Target/bsp_driver_sd.o
LOAD ./Drivers/FATFS/Target/sd_diskio.o
LOAD ./Drivers/STM32F4xx_HAL_Driver/Src/stm32f4xx_hal.o
LOAD ./Drivers/STM32F4xx_HAL_Driver/Src/stm32f4xx_hal_adc.o
LOAD ./Drivers/STM32F4xx_HAL_Driver/Src/stm32f4xx_hal_adc_ex.o
LOAD ./Drivers/STM32F4xx_HAL_Driver/Src/stm32f4xx_hal_can.o
LOAD ./Drivers/STM32F4xx_HAL_Driver/Src/stm32f4xx_hal_cortex.o
LOAD ./Drivers/STM32F4xx_HAL_Driver/Src/stm32f4xx_hal_dac.o
LOAD ./Drivers/STM32F4xx_HAL_Driver/Src/stm32f4xx_hal_dac_ex.o
LOAD ./Drivers/STM32F4xx_HAL_Driver/Src/stm32f4xx_hal_dma.o
LOAD ./Drivers/STM32F4xx_HAL_Driver/Src/stm32f4xx_hal_dma_ex.o
LOAD ./Drivers/STM32F4xx_HAL_Driver/Src/stm32f4xx_hal_exti.o
LOAD ./Drivers/STM32F4xx_HAL_Driver/Src/stm32f4xx_hal_flash.o
LOAD ./Drivers/STM32F4xx_HAL_Driver/Src/stm32f4xx_hal_flash_ex.o
LOAD ./Drivers/STM32F4xx_HAL_Driver/Src/stm32f4xx_hal_flash_ramfunc.o
LOAD ./Drivers/STM32F4xx_HAL_Driver/Src/stm32f4xx_hal_fmpi2c.o
LOAD ./Drivers/STM32F4xx_HAL_Driver/Src/stm32f4xx_hal_fmpi2c_ex.o
LOAD ./Drivers/STM32F4xx_HAL_Driver/Src/stm32f4xx_hal_gpio.o
LOAD ./Drivers/STM32F4xx_HAL_Driver/Src/stm32f4xx_hal_i2c.o
LOAD ./Drivers/STM32F4xx_HAL_Driver/Src/stm32f4xx_hal_i2c_ex.o
LOAD ./Drivers/STM32F4xx_HAL_Driver/Src/stm32f4xx_hal_i2s.o
LOAD ./Drivers/STM32F4xx_HAL_Driver/Src/stm32f4xx_hal_i2s_ex.o
LOAD ./Drivers/STM32F4xx_HAL_Driver/Src/stm32f4xx_hal_pcd.o
LOAD ./Drivers/STM32F4xx_HAL_Driver/Src/stm32f4xx_hal_pcd_ex.o
LOAD ./Drivers/STM32F4xx_HAL_Driver/Src/stm32f4xx_hal_pwr.o
LOAD ./Drivers/STM32F4xx_HAL_Driver/Src/stm32f4xx_hal_pwr_ex.o
LOAD ./Drivers/STM32F4xx_HAL_Driver/Src/stm32f4xx_hal_rcc.o
LOAD ./Drivers/STM32F4xx_HAL_Driver/Src/stm32f4xx_hal_rcc_ex.o
LOAD ./Drivers/STM32F4xx_HAL_Driver/Src/stm32f4xx_hal_rtc.o
LOAD ./Drivers/STM32F4xx_HAL_Driver/Src/stm32f4xx_hal_rtc_ex.o
LOAD ./Drivers/STM32F4xx_HAL_Driver/Src/stm32f4xx_hal_sd.o
LOAD ./Drivers/STM32F4xx_HAL_Driver/Src/stm32f4xx_hal_spi.o
LOAD ./Drivers/STM32F4xx_HAL_Driver/Src/stm32f4xx_hal_tim.o
LOAD ./Drivers/STM32F4xx_HAL_Driver/Src/stm32f4xx_hal_tim_ex.o
LOAD ./Drivers/STM32F4xx_HAL_Driver/Src/stm32f4xx_hal_uart.o
LOAD ./Drivers/STM32F4xx_HAL_Driver/Src/stm32f4xx_ll_sdmmc.o
LOAD ./Drivers/STM32F4xx_HAL_Driver/Src/stm32f4xx_ll_usb.o
LOAD ./FatFs/STM/diskio.o
LOAD ./FatFs/STM/ff_gen_drv.o
LOAD ./FatFs/ff.o
LOAD ./FatFs/ffsystem.o
LOAD ./FatFs/ffunicode.o
LOAD ./Middlewares/ST/STM32_USB_Device_Library/Class/CDC/Src/usbd_cdc.o
LOAD ./Middlewares/ST/STM32_USB_Device_Library/Core/Src/usbd_core.o
LOAD ./Middlewares/ST/STM32_USB_Device_Library/Core/Src/usbd_ctlreq.o
LOAD ./Middlewares/ST/STM32_USB_Device_Library/Core/Src/usbd_ioreq.o
LOAD ./Src/MCP3221.o
LOAD ./Src/Modbus.o
LOAD ./Src/can.o
LOAD ./Src/diskio.o
LOAD ./Src/driver.o
LOAD ./Src/driver_spindles.o
LOAD ./Src/flash.o
LOAD ./Src/i2c.o
LOAD ./Src/ioports.o
LOAD ./Src/ioports_analog.o
LOAD ./Src/main.o
LOAD ./Src/my_plugin.o
LOAD ./Src/neopixel_gpo.o
LOAD ./Src/neopixel_spi.o
LOAD ./Src/pwm.o
LOAD ./Src/serial.o
LOAD ./Src/spi.o
LOAD ./Src/stm32f4xx_hal_msp.o
LOAD ./Src/stm32f4xx_it.o
LOAD ./Src/syscalls.o
LOAD ./Src/sysmem.o
LOAD ./Src/system_stm32f4xx.o
LOAD ./Src/tmc_spi.o
LOAD ./Src/tmc_uart.o
LOAD ./Src/usb_serial.o
LOAD ./Src/w5x00_ll_driver.o
LOAD ./Startup/startup_stm32f401ccux.o
LOAD ./USB_DEVICE/App/usb_device.o
LOAD ./USB_DEVICE/App/usbd_cdc_if.o
LOAD ./USB_DEVICE/App/usbd_desc.o
LOAD ./USB_DEVICE/Target/usbd_conf.o
LOAD ./bluetooth/hc_05.o
LOAD ./boards/Devtronic_CNC_Controller.o
LOAD ./boards/btt_skr_2.0.o
LOAD ./boards/flexi_hal.o
LOAD ./boards/longboard32.o
LOAD ./boards/st_morpho.o
LOAD ./boards/st_morpo_dac.o
LOAD ./eeprom/eeprom_24AAxxx.o
LOAD ./eeprom/eeprom_24LC16B.o
LOAD ./embroidery/brother.o
LOAD ./embroidery/embroidery.o
LOAD ./embroidery/tajima.o
LOAD ./encoder/encoder.o
LOAD ./fans/fans.o
LOAD ./grbl/alarms.o
LOAD ./grbl/canbus.o
LOAD ./grbl/coolant_control.o
LOAD ./grbl/crossbar.o
LOAD ./grbl/errors.o
LOAD ./grbl/gcode.o
LOAD ./grbl/grbllib.o
LOAD ./grbl/ioports.o
LOAD ./grbl/machine_limits.o
LOAD ./grbl/messages.o
LOAD ./grbl/modbus.o
LOAD ./grbl/motion_control.o
LOAD ./grbl/my_plugin.o
LOAD ./grbl/ngc_expr.o
LOAD ./grbl/ngc_flowctrl.o
LOAD ./grbl/ngc_params.o
LOAD ./grbl/nuts_bolts.o
LOAD ./grbl/nvs_buffer.o
LOAD ./grbl/override.o
LOAD ./grbl/pid.o
LOAD ./grbl/planner.o
LOAD ./grbl/protocol.o
LOAD ./grbl/regex.o
LOAD ./grbl/report.o
LOAD ./grbl/settings.o
LOAD ./grbl/sleep.o
LOAD ./grbl/spindle_control.o
LOAD ./grbl/state_machine.o
LOAD ./grbl/stepper.o
LOAD ./grbl/stepper2.o
LOAD ./grbl/stream.o
LOAD ./grbl/system.o
LOAD ./grbl/tool_change.o
LOAD ./grbl/vfs.o
LOAD ./grbl/kinematics/corexy.o
LOAD ./grbl/kinematics/delta.o
LOAD ./grbl/kinematics/maslow.o
LOAD ./grbl/kinematics/polar.o
LOAD ./grbl/kinematics/wall_plotter.o
LOAD ./keypad/display/i2c_interface.o
LOAD ./keypad/display/i2c_leds.o
LOAD ./keypad/keypad.o
LOAD ./keypad/macros.o
LOAD ./laser/coolant.o
LOAD ./laser/lb_clusters.o
LOAD ./laser/ppi.o
LOAD ./lwip/src/api/api_lib.o
LOAD ./lwip/src/api/api_msg.o
LOAD ./lwip/src/api/err.o
LOAD ./lwip/src/api/if_api.o
LOAD ./lwip/src/api/netbuf.o
LOAD ./lwip/src/api/netdb.o
LOAD ./lwip/src/api/netifapi.o
LOAD ./lwip/src/api/sockets.o
LOAD ./lwip/src/api/tcpip.o
LOAD ./lwip/src/apps/altcp_tls/altcp_tls_mbedtls.o
LOAD ./lwip/src/apps/altcp_tls/altcp_tls_mbedtls_mem.o
LOAD ./lwip/src/apps/mdns/mdns.o
LOAD ./lwip/src/apps/mqtt/mqtt.o
LOAD ./lwip/src/core/altcp.o
LOAD ./lwip/src/core/altcp_alloc.o
LOAD ./lwip/src/core/altcp_tcp.o
LOAD ./lwip/src/core/def.o
LOAD ./lwip/src/core/dns.o
LOAD ./lwip/src/core/inet_chksum.o
LOAD ./lwip/src/core/init.o
LOAD ./lwip/src/core/ip.o
LOAD ./lwip/src/core/mem.o
LOAD ./lwip/src/core/memp.o
LOAD ./lwip/src/core/netif.o
LOAD ./lwip/src/core/pbuf.o
LOAD ./lwip/src/core/raw.o
LOAD ./lwip/src/core/stats.o
LOAD ./lwip/src/core/sys.o
LOAD ./lwip/src/core/tcp.o
LOAD ./lwip/src/core/tcp_in.o
LOAD ./lwip/src/core/tcp_out.o
LOAD ./lwip/src/core/timeouts.o
LOAD ./lwip/src/core/udp.o
LOAD ./lwip/src/core/ipv4/autoip.o
LOAD ./lwip/src/core/ipv4/dhcp.o
LOAD ./lwip/src/core/ipv4/etharp.o
LOAD ./lwip/src/core/ipv4/icmp.o
LOAD ./lwip/src/core/ipv4/igmp.o
LOAD ./lwip/src/core/ipv4/ip4.o
LOAD ./lwip/src/core/ipv4/ip4_addr.o
LOAD ./lwip/src/core/ipv4/ip4_frag.o
LOAD ./lwip/src/core/ipv6/dhcp6.o
LOAD ./lwip/src/core/ipv6/ethip6.o
LOAD ./lwip/src/core/ipv6/icmp6.o
LOAD ./lwip/src/core/ipv6/inet6.o
LOAD ./lwip/src/core/ipv6/ip6.o
LOAD ./lwip/src/core/ipv6/ip6_addr.o
LOAD ./lwip/src/core/ipv6/ip6_frag.o
LOAD ./lwip/src/core/ipv6/mld6.o
LOAD ./lwip/src/core/ipv6/nd6.o
LOAD ./lwip/src/netif/bridgeif.o
LOAD ./lwip/src/netif/bridgeif_fdb.o
LOAD ./lwip/src/netif/ethernet.o
LOAD ./lwip/src/netif/lowpan6.o
LOAD ./lwip/src/netif/lowpan6_ble.o
LOAD ./lwip/src/netif/lowpan6_common.o
LOAD ./lwip/src/netif/slipif.o
LOAD ./lwip/src/netif/zepif.o
LOAD ./lwip/src/netif/ppp/auth.o
LOAD ./lwip/src/netif/ppp/ccp.o
LOAD ./lwip/src/netif/ppp/chap-md5.o
LOAD ./lwip/src/netif/ppp/chap-new.o
LOAD ./lwip/src/netif/ppp/chap_ms.o
LOAD ./lwip/src/netif/ppp/demand.o
LOAD ./lwip/src/netif/ppp/eap.o
LOAD ./lwip/src/netif/ppp/ecp.o
LOAD ./lwip/src/netif/ppp/eui64.o
LOAD ./lwip/src/netif/ppp/fsm.o
LOAD ./lwip/src/netif/ppp/ipcp.o
LOAD ./lwip/src/netif/ppp/ipv6cp.o
LOAD ./lwip/src/netif/ppp/lcp.o
LOAD ./lwip/src/netif/ppp/magic.o
LOAD ./lwip/src/netif/ppp/mppe.o
LOAD ./lwip/src/netif/ppp/multilink.o
LOAD ./lwip/src/netif/ppp/ppp.o
LOAD ./lwip/src/netif/ppp/pppapi.o
LOAD ./lwip/src/netif/ppp/pppcrypt.o
LOAD ./lwip/src/netif/ppp/pppoe.o
LOAD ./lwip/src/netif/ppp/pppol2tp.o
LOAD ./lwip/src/netif/ppp/pppos.o
LOAD ./lwip/src/netif/ppp/upap.o
LOAD ./lwip/src/netif/ppp/utils.o
LOAD ./lwip/src/netif/ppp/vj.o
LOAD ./lwip/src/netif/ppp/polarssl/arc4.o
LOAD ./lwip/src/netif/ppp/polarssl/des.o
LOAD ./lwip/src/netif/ppp/polarssl/md4.o
LOAD ./lwip/src/netif/ppp/polarssl/md5.o
LOAD ./lwip/src/netif/ppp/polarssl/sha1.o
LOAD ./motors/trinamic.o
LOAD ./networking/base64.o
LOAD ./networking/cJSON.o
LOAD ./networking/fs_ram.o
LOAD ./networking/fs_stream.o
LOAD ./networking/ftpd.o
LOAD ./networking/http_upload.o
LOAD ./networking/httpd.o
LOAD ./networking/mqtt.o
LOAD ./networking/multipartparser.o
LOAD ./networking/networking.o
LOAD ./networking/sfifo.o
LOAD ./networking/sha1.o
LOAD ./networking/ssdp.o
LOAD ./networking/strutils.o
LOAD ./networking/telnetd.o
LOAD ./networking/urldecode.o
LOAD ./networking/urlencode.o
LOAD ./networking/utils.o
LOAD ./networking/webdav.o
LOAD ./networking/websocketd.o
LOAD ./networking/modbus/client.o
LOAD ./networking/wiznet/W5100S/w5100s.o
LOAD ./networking/wiznet/W5500/w5500.o
LOAD ./networking/wiznet/arch/checksum.o
LOAD ./networking/wiznet/arch/memcpy.o
LOAD ./networking/wiznet/arch/sys_arch.o
LOAD ./networking/wiznet/enet.o
LOAD ./networking/wiznet/socket.o
LOAD ./networking/wiznet/wizchip_conf.o
LOAD ./networking/wiznet/port/w5x00_lwip.o
LOAD ./odometer/odometer.o
LOAD ./plasma/thc.o
LOAD ./sdcard/fs_fatfs.o
LOAD ./sdcard/fs_littlefs.o
LOAD ./sdcard/macros.o
LOAD ./sdcard/sdcard.o
LOAD ./sdcard/ymodem.o
LOAD ./spindle/modbus_rtu.o
LOAD ./spindle/onoff.o
LOAD ./spindle/pwm.o
LOAD ./spindle/pwm_clone.o
LOAD ./spindle/select.o
LOAD ./spindle/stepper.o
LOAD ./spindle/vfd/gs20.o
LOAD ./spindle/vfd/h100.o
LOAD ./spindle/vfd/huanyang.o
LOAD ./spindle/vfd/huanyang2.o
LOAD ./spindle/vfd/modvfd.o
LOAD ./spindle/vfd/nowforever.o
LOAD ./spindle/vfd/spindle.o
LOAD ./spindle/vfd/yl620.o
LOAD ./trinamic/common.o
LOAD ./trinamic/tmc2130.o
LOAD ./trinamic/tmc2130hal.o
LOAD ./trinamic/tmc2209.o
LOAD ./trinamic/tmc2209hal.o
LOAD ./trinamic/tmc2660.o
LOAD ./trinamic/tmc2660hal.o
LOAD ./trinamic/tmc26x.o
LOAD ./trinamic/tmc5160.o
LOAD ./trinamic/tmc5160hal.o
LOAD ./trinamic/tmc_interface.o
START GROUP
LOAD C:/ST/STM32CubeIDE_1.15.1/STM32CubeIDE/plugins/com.st.stm32cube.ide.mcu.externaltools.gnu-tools-for-stm32.12.3.rel1.win32_1.0.100.202403111256/tools/bin/../lib/gcc/arm-none-eabi/12.3.1/../../../../arm-none-eabi/lib/thumb/v7e-m+fp/hard\libc_nano.a
LOAD C:/ST/STM32CubeIDE_1.15.1/STM32CubeIDE/plugins/com.st.stm32cube.ide.mcu.externaltools.gnu-tools-for-stm32.12.3.rel1.win32_1.0.100.202403111256/tools/bin/../lib/gcc/arm-none-eabi/12.3.1/../../../../arm-none-eabi/lib/thumb/v7e-m+fp/hard\libm.a
END GROUP
START GROUP
LOAD C:/ST/STM32CubeIDE_1.15.1/STM32CubeIDE/plugins/com.st.stm32cube.ide.mcu.externaltools.gnu-tools-for-stm32.12.3.rel1.win32_1.0.100.202403111256/tools/bin/../lib/gcc/arm-none-eabi/12.3.1/thumb/v7e-m+fp/hard\libgcc.a
LOAD C:/ST/STM32CubeIDE_1.15.1/STM32CubeIDE/plugins/com.st.stm32cube.ide.mcu.externaltools.gnu-tools-for-stm32.12.3.rel1.win32_1.0.100.202403111256/tools/bin/../lib/gcc/arm-none-eabi/12.3.1/../../../../arm-none-eabi/lib/thumb/v7e-m+fp/hard\libc_nano.a
END GROUP
START GROUP
LOAD C:/ST/STM32CubeIDE_1.15.1/STM32CubeIDE/plugins/com.st.stm32cube.ide.mcu.externaltools.gnu-tools-for-stm32.12.3.rel1.win32_1.0.100.202403111256/tools/bin/../lib/gcc/arm-none-eabi/12.3.1/thumb/v7e-m+fp/hard\libgcc.a
LOAD C:/ST/STM32CubeIDE_1.15.1/STM32CubeIDE/plugins/com.st.stm32cube.ide.mcu.externaltools.gnu-tools-for-stm32.12.3.rel1.win32_1.0.100.202403111256/tools/bin/../lib/gcc/arm-none-eabi/12.3.1/../../../../arm-none-eabi/lib/thumb/v7e-m+fp/hard\libc_nano.a
LOAD C:/ST/STM32CubeIDE_1.15.1/STM32CubeIDE/plugins/com.st.stm32cube.ide.mcu.externaltools.gnu-tools-for-stm32.12.3.rel1.win32_1.0.100.202403111256/tools/bin/../lib/gcc/arm-none-eabi/12.3.1/../../../../arm-none-eabi/lib/thumb/v7e-m+fp/hard\libnosys.a
END GROUP
START GROUP
LOAD C:/ST/STM32CubeIDE_1.15.1/STM32CubeIDE/plugins/com.st.stm32cube.ide.mcu.externaltools.gnu-tools-for-stm32.12.3.rel1.win32_1.0.100.202403111256/tools/bin/../lib/gcc/arm-none-eabi/12.3.1/thumb/v7e-m+fp/hard\libgcc.a
LOAD C:/ST/STM32CubeIDE_1.15.1/STM32CubeIDE/plugins/com.st.stm32cube.ide.mcu.externaltools.gnu-tools-for-stm32.12.3.rel1.win32_1.0.100.202403111256/tools/bin/../lib/gcc/arm-none-eabi/12.3.1/../../../../arm-none-eabi/lib/thumb/v7e-m+fp/hard\libc_nano.a
LOAD C:/ST/STM32CubeIDE_1.15.1/STM32CubeIDE/plugins/com.st.stm32cube.ide.mcu.externaltools.gnu-tools-for-stm32.12.3.rel1.win32_1.0.100.202403111256/tools/bin/../lib/gcc/arm-none-eabi/12.3.1/../../../../arm-none-eabi/lib/thumb/v7e-m+fp/hard\libnosys.a
END GROUP
LOAD C:/ST/STM32CubeIDE_1.15.1/STM32CubeIDE/plugins/com.st.stm32cube.ide.mcu.externaltools.gnu-tools-for-stm32.12.3.rel1.win32_1.0.100.202403111256/tools/bin/../lib/gcc/arm-none-eabi/12.3.1/thumb/v7e-m+fp/hard/crtend.o
LOAD C:/ST/STM32CubeIDE_1.15.1/STM32CubeIDE/plugins/com.st.stm32cube.ide.mcu.externaltools.gnu-tools-for-stm32.12.3.rel1.win32_1.0.100.202403111256/tools/bin/../lib/gcc/arm-none-eabi/12.3.1/thumb/v7e-m+fp/hard/crtn.o
                0x20010000                        _estack = (ORIGIN (RAM) + LENGTH (RAM))
                0x00002000                        _Min_Heap_Size = 0x2000
                0x00000400                        _Min_Stack_Size = 0x400
                0x08004000                        _EEPROM_Emul_Start = ORIGIN (EEPROM_EMUL)
                0x00000001                        _EEPROM_Emul_Sector = 0x1

.isr_vector     0x08000000      0x194
                0x08000000                        . = ALIGN (0x4)
 *(.isr_vector)
 .isr_vector    0x08000000      0x194 ./Startup/startup_stm32f401ccux.o
                0x08000000                g_pfnVectors
                0x08000194                        . = ALIGN (0x4)

.text           0x08008000    0x20a94
                0x08008000                        . = ALIGN (0x4)
 *(.text)
 .text          0x08008000       0x40 C:/ST/STM32CubeIDE_1.15.1/STM32CubeIDE/plugins/com.st.stm32cube.ide.mcu.externaltools.gnu-tools-for-stm32.12.3.rel1.win32_1.0.100.202403111256/tools/bin/../lib/gcc/arm-none-eabi/12.3.1/thumb/v7e-m+fp/hard/crtbegin.o
 .text          0x08008040       0x14 C:/ST/STM32CubeIDE_1.15.1/STM32CubeIDE/plugins/com.st.stm32cube.ide.mcu.externaltools.gnu-tools-for-stm32.12.3.rel1.win32_1.0.100.202403111256/tools/bin/../lib/gcc/arm-none-eabi/12.3.1/../../../../arm-none-eabi/lib/thumb/v7e-m+fp/hard\libc_nano.a(libc_a-strcmp.o)
                0x08008040                strcmp
 *fill*         0x08008054        0xc 
 .text          0x08008060       0xa0 C:/ST/STM32CubeIDE_1.15.1/STM32CubeIDE/plugins/com.st.stm32cube.ide.mcu.externaltools.gnu-tools-for-stm32.12.3.rel1.win32_1.0.100.202403111256/tools/bin/../lib/gcc/arm-none-eabi/12.3.1/../../../../arm-none-eabi/lib/thumb/v7e-m+fp/hard\libc_nano.a(libc_a-memchr.o)
                0x08008060                memchr
 .text          0x08008100       0x10 C:/ST/STM32CubeIDE_1.15.1/STM32CubeIDE/plugins/com.st.stm32cube.ide.mcu.externaltools.gnu-tools-for-stm32.12.3.rel1.win32_1.0.100.202403111256/tools/bin/../lib/gcc/arm-none-eabi/12.3.1/../../../../arm-none-eabi/lib/thumb/v7e-m+fp/hard\libc_nano.a(libc_a-strlen.o)
                0x08008100                strlen
 .text          0x08008110      0x378 C:/ST/STM32CubeIDE_1.15.1/STM32CubeIDE/plugins/com.st.stm32cube.ide.mcu.externaltools.gnu-tools-for-stm32.12.3.rel1.win32_1.0.100.202403111256/tools/bin/../lib/gcc/arm-none-eabi/12.3.1/thumb/v7e-m+fp/hard\libgcc.a(_arm_addsubdf3.o)
                0x08008110                __aeabi_drsub
                0x08008118                __aeabi_dsub
                0x08008118                __subdf3
                0x0800811c                __aeabi_dadd
                0x0800811c                __adddf3
                0x08008394                __floatunsidf
                0x08008394                __aeabi_ui2d
                0x080083b4                __floatsidf
                0x080083b4                __aeabi_i2d
                0x080083d8                __aeabi_f2d
                0x080083d8                __extendsfdf2
                0x0800841c                __floatundidf
                0x0800841c                __aeabi_ul2d
                0x0800842c                __floatdidf
                0x0800842c                __aeabi_l2d
 .text          0x08008488      0x424 C:/ST/STM32CubeIDE_1.15.1/STM32CubeIDE/plugins/com.st.stm32cube.ide.mcu.externaltools.gnu-tools-for-stm32.12.3.rel1.win32_1.0.100.202403111256/tools/bin/../lib/gcc/arm-none-eabi/12.3.1/thumb/v7e-m+fp/hard\libgcc.a(_arm_muldivdf3.o)
                0x08008488                __aeabi_dmul
                0x08008488                __muldf3
                0x080086dc                __divdf3
                0x080086dc                __aeabi_ddiv
 .text          0x080088ac      0x110 C:/ST/STM32CubeIDE_1.15.1/STM32CubeIDE/plugins/com.st.stm32cube.ide.mcu.externaltools.gnu-tools-for-stm32.12.3.rel1.win32_1.0.100.202403111256/tools/bin/../lib/gcc/arm-none-eabi/12.3.1/thumb/v7e-m+fp/hard\libgcc.a(_arm_cmpdf2.o)
                0x080088ac                __gtdf2
                0x080088ac                __gedf2
                0x080088b4                __ltdf2
                0x080088b4                __ledf2
                0x080088bc                __nedf2
                0x080088bc                __eqdf2
                0x080088bc                __cmpdf2
                0x08008938                __aeabi_cdrcmple
                0x08008948                __aeabi_cdcmpeq
                0x08008948                __aeabi_cdcmple
                0x08008958                __aeabi_dcmpeq
                0x0800896c                __aeabi_dcmplt
                0x08008980                __aeabi_dcmple
                0x08008994                __aeabi_dcmpge
                0x080089a8                __aeabi_dcmpgt
 .text          0x080089bc       0x2c C:/ST/STM32CubeIDE_1.15.1/STM32CubeIDE/plugins/com.st.stm32cube.ide.mcu.externaltools.gnu-tools-for-stm32.12.3.rel1.win32_1.0.100.202403111256/tools/bin/../lib/gcc/arm-none-eabi/12.3.1/thumb/v7e-m+fp/hard\libgcc.a(_arm_unorddf2.o)
                0x080089bc                __unorddf2
                0x080089bc                __aeabi_dcmpun
 .text          0x080089e8       0x50 C:/ST/STM32CubeIDE_1.15.1/STM32CubeIDE/plugins/com.st.stm32cube.ide.mcu.externaltools.gnu-tools-for-stm32.12.3.rel1.win32_1.0.100.202403111256/tools/bin/../lib/gcc/arm-none-eabi/12.3.1/thumb/v7e-m+fp/hard\libgcc.a(_arm_fixdfsi.o)
                0x080089e8                __aeabi_d2iz
                0x080089e8                __fixdfsi
 .text          0x08008a38       0x40 C:/ST/STM32CubeIDE_1.15.1/STM32CubeIDE/plugins/com.st.stm32cube.ide.mcu.externaltools.gnu-tools-for-stm32.12.3.rel1.win32_1.0.100.202403111256/tools/bin/../lib/gcc/arm-none-eabi/12.3.1/thumb/v7e-m+fp/hard\libgcc.a(_arm_fixunsdfsi.o)
                0x08008a38                __aeabi_d2uiz
                0x08008a38                __fixunsdfsi
 .text          0x08008a78       0xa0 C:/ST/STM32CubeIDE_1.15.1/STM32CubeIDE/plugins/com.st.stm32cube.ide.mcu.externaltools.gnu-tools-for-stm32.12.3.rel1.win32_1.0.100.202403111256/tools/bin/../lib/gcc/arm-none-eabi/12.3.1/thumb/v7e-m+fp/hard\libgcc.a(_arm_truncdfsf2.o)
                0x08008a78                __truncdfsf2
                0x08008a78                __aeabi_d2f
 .text          0x08008b18       0x30 C:/ST/STM32CubeIDE_1.15.1/STM32CubeIDE/plugins/com.st.stm32cube.ide.mcu.externaltools.gnu-tools-for-stm32.12.3.rel1.win32_1.0.100.202403111256/tools/bin/../lib/gcc/arm-none-eabi/12.3.1/thumb/v7e-m+fp/hard\libgcc.a(_aeabi_uldivmod.o)
                0x08008b18                __aeabi_uldivmod
 .text          0x08008b48       0x30 C:/ST/STM32CubeIDE_1.15.1/STM32CubeIDE/plugins/com.st.stm32cube.ide.mcu.externaltools.gnu-tools-for-stm32.12.3.rel1.win32_1.0.100.202403111256/tools/bin/../lib/gcc/arm-none-eabi/12.3.1/thumb/v7e-m+fp/hard\libgcc.a(_fixdfdi.o)
                0x08008b48                __fixdfdi
                0x08008b48                __aeabi_d2lz
 .text          0x08008b78       0x3c C:/ST/STM32CubeIDE_1.15.1/STM32CubeIDE/plugins/com.st.stm32cube.ide.mcu.externaltools.gnu-tools-for-stm32.12.3.rel1.win32_1.0.100.202403111256/tools/bin/../lib/gcc/arm-none-eabi/12.3.1/thumb/v7e-m+fp/hard\libgcc.a(_fixunsdfdi.o)
                0x08008b78                __fixunsdfdi
                0x08008b78                __aeabi_d2ulz
 .text          0x08008bb4      0x2bc C:/ST/STM32CubeIDE_1.15.1/STM32CubeIDE/plugins/com.st.stm32cube.ide.mcu.externaltools.gnu-tools-for-stm32.12.3.rel1.win32_1.0.100.202403111256/tools/bin/../lib/gcc/arm-none-eabi/12.3.1/thumb/v7e-m+fp/hard\libgcc.a(_udivmoddi4.o)
                0x08008bb4                __udivmoddi4
 .text          0x08008e70        0x4 C:/ST/STM32CubeIDE_1.15.1/STM32CubeIDE/plugins/com.st.stm32cube.ide.mcu.externaltools.gnu-tools-for-stm32.12.3.rel1.win32_1.0.100.202403111256/tools/bin/../lib/gcc/arm-none-eabi/12.3.1/thumb/v7e-m+fp/hard\libgcc.a(_dvmd_tls.o)
                0x08008e70                __aeabi_idiv0
                0x08008e70                __aeabi_ldiv0
 *(.text*)
 .text.HAL_MspDeInit
                0x08008e74        0x2 ./Drivers/STM32F4xx_HAL_Driver/Src/stm32f4xx_hal.o
                0x08008e74                HAL_MspDeInit
 *fill*         0x08008e76        0x2 
 .text.HAL_DeInit
                0x08008e78       0x2c ./Drivers/STM32F4xx_HAL_Driver/Src/stm32f4xx_hal.o
                0x08008e78                HAL_DeInit
 .text.HAL_InitTick
                0x08008ea4       0x4c ./Drivers/STM32F4xx_HAL_Driver/Src/stm32f4xx_hal.o
                0x08008ea4                HAL_InitTick
 .text.HAL_Init
                0x08008ef0       0x34 ./Drivers/STM32F4xx_HAL_Driver/Src/stm32f4xx_hal.o
                0x08008ef0                HAL_Init
 .text.HAL_IncTick
                0x08008f24       0x18 ./Drivers/STM32F4xx_HAL_Driver/Src/stm32f4xx_hal.o
                0x08008f24                HAL_IncTick
 .text.HAL_GetTick
                0x08008f3c        0xc ./Drivers/STM32F4xx_HAL_Driver/Src/stm32f4xx_hal.o
                0x08008f3c                HAL_GetTick
 .text.HAL_Delay
                0x08008f48       0x28 ./Drivers/STM32F4xx_HAL_Driver/Src/stm32f4xx_hal.o
                0x08008f48                HAL_Delay
 .text.__NVIC_DisableIRQ
                0x08008f70       0x24 ./Drivers/STM32F4xx_HAL_Driver/Src/stm32f4xx_hal_cortex.o
 .text.__NVIC_SetPriority
                0x08008f94       0x28 ./Drivers/STM32F4xx_HAL_Driver/Src/stm32f4xx_hal_cortex.o
 .text.NVIC_EncodePriority
                0x08008fbc       0x3e ./Drivers/STM32F4xx_HAL_Driver/Src/stm32f4xx_hal_cortex.o
 *fill*         0x08008ffa        0x2 
 .text.HAL_NVIC_SetPriorityGrouping
                0x08008ffc       0x24 ./Drivers/STM32F4xx_HAL_Driver/Src/stm32f4xx_hal_cortex.o
                0x08008ffc                HAL_NVIC_SetPriorityGrouping
 .text.HAL_NVIC_SetPriority
                0x08009020       0x20 ./Drivers/STM32F4xx_HAL_Driver/Src/stm32f4xx_hal_cortex.o
                0x08009020                HAL_NVIC_SetPriority
 .text.HAL_NVIC_EnableIRQ
                0x08009040       0x1c ./Drivers/STM32F4xx_HAL_Driver/Src/stm32f4xx_hal_cortex.o
                0x08009040                HAL_NVIC_EnableIRQ
 .text.HAL_NVIC_DisableIRQ
                0x0800905c        0x8 ./Drivers/STM32F4xx_HAL_Driver/Src/stm32f4xx_hal_cortex.o
                0x0800905c                HAL_NVIC_DisableIRQ
 .text.HAL_SYSTICK_Config
                0x08009064       0x28 ./Drivers/STM32F4xx_HAL_Driver/Src/stm32f4xx_hal_cortex.o
                0x08009064                HAL_SYSTICK_Config
 .text.FLASH_Program_DoubleWord
                0x0800908c       0x30 ./Drivers/STM32F4xx_HAL_Driver/Src/stm32f4xx_hal_flash.o
 .text.FLASH_Program_Word
                0x080090bc       0x24 ./Drivers/STM32F4xx_HAL_Driver/Src/stm32f4xx_hal_flash.o
 .text.FLASH_Program_HalfWord
                0x080090e0       0x24 ./Drivers/STM32F4xx_HAL_Driver/Src/stm32f4xx_hal_flash.o
 .text.FLASH_Program_Byte
                0x08009104       0x20 ./Drivers/STM32F4xx_HAL_Driver/Src/stm32f4xx_hal_flash.o
 .text.FLASH_SetErrorCode
                0x08009124       0x8c ./Drivers/STM32F4xx_HAL_Driver/Src/stm32f4xx_hal_flash.o
 .text.HAL_FLASH_Unlock
                0x080091b0       0x30 ./Drivers/STM32F4xx_HAL_Driver/Src/stm32f4xx_hal_flash.o
                0x080091b0                HAL_FLASH_Unlock
 .text.HAL_FLASH_Lock
                0x080091e0       0x14 ./Drivers/STM32F4xx_HAL_Driver/Src/stm32f4xx_hal_flash.o
                0x080091e0                HAL_FLASH_Lock
 .text.FLASH_WaitForLastOperation
                0x080091f4       0x60 ./Drivers/STM32F4xx_HAL_Driver/Src/stm32f4xx_hal_flash.o
                0x080091f4                FLASH_WaitForLastOperation
 .text.HAL_FLASH_Program
                0x08009254       0x7c ./Drivers/STM32F4xx_HAL_Driver/Src/stm32f4xx_hal_flash.o
                0x08009254                HAL_FLASH_Program
 .text.FLASH_MassErase
                0x080092d0       0x24 ./Drivers/STM32F4xx_HAL_Driver/Src/stm32f4xx_hal_flash_ex.o
 .text.FLASH_Erase_Sector
                0x080092f4       0x4c ./Drivers/STM32F4xx_HAL_Driver/Src/stm32f4xx_hal_flash_ex.o
                0x080092f4                FLASH_Erase_Sector
 .text.FLASH_FlushCaches
                0x08009340       0x60 ./Drivers/STM32F4xx_HAL_Driver/Src/stm32f4xx_hal_flash_ex.o
                0x08009340                FLASH_FlushCaches
 .text.HAL_FLASHEx_Erase
                0x080093a0       0x94 ./Drivers/STM32F4xx_HAL_Driver/Src/stm32f4xx_hal_flash_ex.o
                0x080093a0                HAL_FLASHEx_Erase
 .text.HAL_GPIO_Init
                0x08009434      0x1d0 ./Drivers/STM32F4xx_HAL_Driver/Src/stm32f4xx_hal_gpio.o
                0x08009434                HAL_GPIO_Init
 .text.HAL_RCC_OscConfig
                0x08009604      0x3ec ./Drivers/STM32F4xx_HAL_Driver/Src/stm32f4xx_hal_rcc.o
                0x08009604                HAL_RCC_OscConfig
 .text.HAL_RCC_GetSysClockFreq
                0x080099f0       0xdc ./Drivers/STM32F4xx_HAL_Driver/Src/stm32f4xx_hal_rcc.o
                0x080099f0                HAL_RCC_GetSysClockFreq
 .text.HAL_RCC_ClockConfig
                0x08009acc      0x160 ./Drivers/STM32F4xx_HAL_Driver/Src/stm32f4xx_hal_rcc.o
                0x08009acc                HAL_RCC_ClockConfig
 .text.HAL_RCC_GetHCLKFreq
                0x08009c2c        0xc ./Drivers/STM32F4xx_HAL_Driver/Src/stm32f4xx_hal_rcc.o
                0x08009c2c                HAL_RCC_GetHCLKFreq
 .text.HAL_RCC_GetPCLK1Freq
                0x08009c38       0x20 ./Drivers/STM32F4xx_HAL_Driver/Src/stm32f4xx_hal_rcc.o
                0x08009c38                HAL_RCC_GetPCLK1Freq
 .text.HAL_RCC_GetClockConfig
                0x08009c58       0x3c ./Drivers/STM32F4xx_HAL_Driver/Src/stm32f4xx_hal_rcc.o
                0x08009c58                HAL_RCC_GetClockConfig
 .text.HAL_RCC_DeInit
                0x08009c94      0x13c ./Drivers/STM32F4xx_HAL_Driver/Src/stm32f4xx_hal_rcc_ex.o
                0x08009c94                HAL_RCC_DeInit
 .text.__enable_irq
                0x08009dd0        0x4 ./Src/driver.o
 .text.__disable_irq
                0x08009dd4        0x4 ./Src/driver.o
 .text.motor_iterator
                0x08009dd8       0x26 ./Src/driver.o
 *fill*         0x08009dfe        0x2 
 .text.aux_ctrl_remap_explicit
                0x08009e00       0x38 ./Src/driver.o
 .text.stepperEnable
                0x08009e38        0x2 ./Src/driver.o
 *fill*         0x08009e3a        0x2 
 .text.stepperWakeUp
                0x08009e3c       0x3c ./Src/driver.o
 .text.stepperGoIdle
                0x08009e78       0x14 ./Src/driver.o
 .text.stepperCyclesPerTick
                0x08009e8c       0x18 ./Src/driver.o
 .text.stepperPulseStart
                0x08009ea4       0x78 ./Src/driver.o
 .text.stepperPulseStartDelayed
                0x08009f1c       0xa0 ./Src/driver.o
 .text.limitsGetState
                0x08009fbc       0x84 ./Src/driver.o
 .text.systemGetState
                0x0800a040       0x20 ./Src/driver.o
 .text.coolantSetState
                0x0800a060       0x2c ./Src/driver.o
 .text.coolantGetState
                0x0800a08c       0x2c ./Src/driver.o
 .text.bitsSetAtomic
                0x0800a0b8        0xc ./Src/driver.o
 .text.bitsClearAtomic
                0x0800a0c4       0x12 ./Src/driver.o
 .text.valueSetAtomic
                0x0800a0d6        0xc ./Src/driver.o
 *fill*         0x0800a0e2        0x2 
 .text.getElapsedMicros
                0x0800a0e4       0x54 ./Src/driver.o
 .text.getElapsedTicks
                0x0800a138        0xc ./Src/driver.o
 .text.port2char
                0x0800a144       0x70 ./Src/driver.o
 .text.enumeratePins
                0x0800a1b4      0x168 ./Src/driver.o
 .text.setPeriphPinDescription
                0x0800a31c       0x40 ./Src/driver.o
                0x0800a31c                setPeriphPinDescription
 .text.settings_changed
                0x0800a35c      0x750 ./Src/driver.o
                0x0800a35c                settings_changed
 .text.registerPeriphPin
                0x0800aaac       0x4c ./Src/driver.o
                0x0800aaac                registerPeriphPin
 .text.driver_setup
                0x0800aaf8      0x208 ./Src/driver.o
 .text.driver_delay
                0x0800ad00       0x38 ./Src/driver.o
 .text.get_free_mem
                0x0800ad38       0x28 ./Src/driver.o
 .text.core_pin_debounce
                0x0800ad60       0x78 ./Src/driver.o
                0x0800ad60                core_pin_debounce
 .text.core_pin_irq
                0x0800add8       0x50 ./Src/driver.o
 .text.gpio_irq_enable
                0x0800ae28       0x70 ./Src/driver.o
                0x0800ae28                gpio_irq_enable
 .text.limitsEnable
                0x0800ae98       0x84 ./Src/driver.o
 .text.driver_init
                0x0800af1c      0x480 ./Src/driver.o
                0x0800af1c                driver_init
 .text.TIM5_IRQHandler
                0x0800b39c       0x28 ./Src/driver.o
                0x0800b39c                TIM5_IRQHandler
 .text.TIM4_IRQHandler
                0x0800b3c4       0x94 ./Src/driver.o
                0x0800b3c4                TIM4_IRQHandler
 .text.EXTI15_10_IRQHandler
                0x0800b458       0x24 ./Src/driver.o
                0x0800b458                EXTI15_10_IRQHandler
 .text.Driver_IncTick
                0x0800b47c       0x24 ./Src/driver.o
                0x0800b47c                Driver_IncTick
 .text.memcpy_from_flash
                0x0800b4a0       0x1c ./Src/flash.o
                0x0800b4a0                memcpy_from_flash
 .text.memcpy_to_flash
                0x0800b4bc       0x9c ./Src/flash.o
                0x0800b4bc                memcpy_to_flash
 .text.digital_out
                0x0800b558       0x44 ./Src/ioports.o
 .text.digital_out_state
                0x0800b59c       0x48 ./Src/ioports.o
 .text.digital_in_state
                0x0800b5e4       0x48 ./Src/ioports.o
 .text.get_pin_info
                0x0800b62c      0x108 ./Src/ioports.o
 .text.set_pin_description
                0x0800b734       0x70 ./Src/ioports.o
 .text.digital_out_cfg
                0x0800b7a4       0xe0 ./Src/ioports.o
 .text.digital_in_cfg
                0x0800b884       0xbc ./Src/ioports.o
 .text.swap_pins
                0x0800b940      0x18c ./Src/ioports.o
 .text.claim    0x0800bacc      0x1b8 ./Src/ioports.o
 .text.register_interrupt_handler
                0x0800bc84       0x94 ./Src/ioports.o
 .text.wait_on_input
                0x0800bd18      0x170 ./Src/ioports.o
 .text.ioports_init
                0x0800be88       0x9c ./Src/ioports.o
                0x0800be88                ioports_init
 .text.MX_GPIO_Init
                0x0800bf24       0xb0 ./Src/main.o
 .text.SystemClock_Config
                0x0800bfd4       0x90 ./Src/main.o
 .text.main     0x0800c064       0x48 ./Src/main.o
                0x0800c064                main
 .text.flush_input_buffer
                0x0800c0ac       0x18 ./Src/my_plugin.o
 .text.on_report_my_options
                0x0800c0c4       0x44 ./Src/my_plugin.o
 .text.poll_for_received_data
                0x0800c108       0x84 ./Src/my_plugin.o
 .text.check_register_and_execute_gcode
                0x0800c18c       0x18 ./Src/my_plugin.o
 .text.my_plugin_init
                0x0800c1a4       0x2c ./Src/my_plugin.o
                0x0800c1a4                my_plugin_init
 .text.serialClaimPort
                0x0800c1d0       0x38 ./Src/serial.o
 .text.serialRxFree
                0x0800c208       0x28 ./Src/serial.o
 .text.serialRxCount
                0x0800c230       0x24 ./Src/serial.o
 .text.serialRxFlush
                0x0800c254        0xc ./Src/serial.o
 .text.serialRxCancel
                0x0800c260       0x20 ./Src/serial.o
 .text.serialPutC
                0x0800c280       0x4c ./Src/serial.o
 .text.serialWriteS
                0x0800c2cc       0x14 ./Src/serial.o
 .text.serialWrite
                0x0800c2e0       0x1a ./Src/serial.o
 *fill*         0x0800c2fa        0x2 
 .text.serialTxFlush
                0x0800c2fc       0x1c ./Src/serial.o
 .text.serialTxCount
                0x0800c318       0x3c ./Src/serial.o
 .text.serialGetC
                0x0800c354       0x24 ./Src/serial.o
 .text.serialDisable
                0x0800c378       0x20 ./Src/serial.o
 .text.serialEnqueueRtCommand
                0x0800c398       0x10 ./Src/serial.o
 .text.serialSetRtHandler
                0x0800c3a8       0x14 ./Src/serial.o
 .text.serialSetBaudRate
                0x0800c3bc      0x140 ./Src/serial.o
 .text.serialInit
                0x0800c4fc       0x70 ./Src/serial.o
 .text.serialSuspendInput
                0x0800c56c       0x10 ./Src/serial.o
 .text.serialRegisterStreams
                0x0800c57c       0x2c ./Src/serial.o
                0x0800c57c                serialRegisterStreams
 .text.USART2_IRQHandler
                0x0800c5a8       0x88 ./Src/serial.o
                0x0800c5a8                USART2_IRQHandler
 .text.HAL_MspInit
                0x0800c630       0x40 ./Src/stm32f4xx_hal_msp.o
                0x0800c630                HAL_MspInit
 .text.NMI_Handler
                0x0800c670        0x2 ./Src/stm32f4xx_it.o
                0x0800c670                NMI_Handler
 .text.HardFault_Handler
                0x0800c672        0x2 ./Src/stm32f4xx_it.o
                0x0800c672                HardFault_Handler
 .text.MemManage_Handler
                0x0800c674        0x2 ./Src/stm32f4xx_it.o
                0x0800c674                MemManage_Handler
 .text.BusFault_Handler
                0x0800c676        0x2 ./Src/stm32f4xx_it.o
                0x0800c676                BusFault_Handler
 .text.UsageFault_Handler
                0x0800c678        0x2 ./Src/stm32f4xx_it.o
                0x0800c678                UsageFault_Handler
 .text.SVC_Handler
                0x0800c67a        0x2 ./Src/stm32f4xx_it.o
                0x0800c67a                SVC_Handler
 .text.DebugMon_Handler
                0x0800c67c        0x2 ./Src/stm32f4xx_it.o
                0x0800c67c                DebugMon_Handler
 .text.PendSV_Handler
                0x0800c67e        0x2 ./Src/stm32f4xx_it.o
                0x0800c67e                PendSV_Handler
 .text.SysTick_Handler
                0x0800c680       0x1c ./Src/stm32f4xx_it.o
                0x0800c680                SysTick_Handler
 .text._getpid  0x0800c69c        0x4 ./Src/syscalls.o
                0x0800c69c                _getpid
 .text._kill    0x0800c6a0       0x10 ./Src/syscalls.o
                0x0800c6a0                _kill
 .text._exit    0x0800c6b0        0xc ./Src/syscalls.o
                0x0800c6b0                _exit
 .text._read    0x0800c6bc       0x20 ./Src/syscalls.o
                0x0800c6bc                _read
 .text._write   0x0800c6dc       0x1c ./Src/syscalls.o
                0x0800c6dc                _write
 .text._close   0x0800c6f8        0x6 ./Src/syscalls.o
                0x0800c6f8                _close
 .text._fstat   0x0800c6fe        0xa ./Src/syscalls.o
                0x0800c6fe                _fstat
 .text._isatty  0x0800c708        0x4 ./Src/syscalls.o
                0x0800c708                _isatty
 .text._lseek   0x0800c70c        0x4 ./Src/syscalls.o
                0x0800c70c                _lseek
 .text._sbrk    0x0800c710       0x3c ./Src/sysmem.o
                0x0800c710                _sbrk
 .text.SystemInit
                0x0800c74c       0xa0 ./Src/system_stm32f4xx.o
                0x0800c74c                SystemInit
 .text.Reset_Handler
                0x0800c7ec       0x50 ./Startup/startup_stm32f401ccux.o
                0x0800c7ec                Reset_Handler
 .text.Default_Handler
                0x0800c83c        0x2 ./Startup/startup_stm32f401ccux.o
                0x0800c83c                RTC_Alarm_IRQHandler
                0x0800c83c                EXTI2_IRQHandler
                0x0800c83c                SPI4_IRQHandler
                0x0800c83c                TIM1_CC_IRQHandler
                0x0800c83c                DMA2_Stream5_IRQHandler
                0x0800c83c                DMA1_Stream5_IRQHandler
                0x0800c83c                PVD_IRQHandler
                0x0800c83c                SDIO_IRQHandler
                0x0800c83c                TAMP_STAMP_IRQHandler
                0x0800c83c                EXTI3_IRQHandler
                0x0800c83c                TIM1_UP_TIM10_IRQHandler
                0x0800c83c                I2C3_ER_IRQHandler
                0x0800c83c                EXTI0_IRQHandler
                0x0800c83c                I2C2_EV_IRQHandler
                0x0800c83c                DMA1_Stream2_IRQHandler
                0x0800c83c                FPU_IRQHandler
                0x0800c83c                DMA2_Stream2_IRQHandler
                0x0800c83c                SPI1_IRQHandler
                0x0800c83c                TIM1_BRK_TIM9_IRQHandler
                0x0800c83c                DMA2_Stream3_IRQHandler
                0x0800c83c                USART6_IRQHandler
                0x0800c83c                DMA2_Stream0_IRQHandler
                0x0800c83c                I2C1_EV_IRQHandler
                0x0800c83c                DMA1_Stream6_IRQHandler
                0x0800c83c                DMA1_Stream1_IRQHandler
                0x0800c83c                TIM3_IRQHandler
                0x0800c83c                RCC_IRQHandler
                0x0800c83c                Default_Handler
                0x0800c83c                ADC_IRQHandler
                0x0800c83c                DMA1_Stream7_IRQHandler
                0x0800c83c                TIM7_IRQHandler
                0x0800c83c                DMA2_Stream7_IRQHandler
                0x0800c83c                I2C3_EV_IRQHandler
                0x0800c83c                EXTI9_5_IRQHandler
                0x0800c83c                RTC_WKUP_IRQHandler
                0x0800c83c                SPI2_IRQHandler
                0x0800c83c                DMA1_Stream0_IRQHandler
                0x0800c83c                EXTI4_IRQHandler
                0x0800c83c                WWDG_IRQHandler
                0x0800c83c                TIM2_IRQHandler
                0x0800c83c                OTG_FS_WKUP_IRQHandler
                0x0800c83c                TIM1_TRG_COM_TIM11_IRQHandler
                0x0800c83c                EXTI1_IRQHandler
                0x0800c83c                I2C2_ER_IRQHandler
                0x0800c83c                DMA2_Stream1_IRQHandler
                0x0800c83c                FLASH_IRQHandler
                0x0800c83c                DMA2_Stream4_IRQHandler
                0x0800c83c                USART1_IRQHandler
                0x0800c83c                OTG_FS_IRQHandler
                0x0800c83c                SPI3_IRQHandler
                0x0800c83c                DMA1_Stream4_IRQHandler
                0x0800c83c                I2C1_ER_IRQHandler
                0x0800c83c                DMA2_Stream6_IRQHandler
                0x0800c83c                DMA1_Stream3_IRQHandler
 *fill*         0x0800c83e        0x2 
 .text.alarms_get_details
                0x0800c840        0x8 ./grbl/alarms.o
                0x0800c840                alarms_get_details
 .text.canbus_enabled
                0x0800c848        0xc ./grbl/canbus.o
                0x0800c848                canbus_enabled
 .text.coolant_set_state
                0x0800c854       0x24 ./grbl/coolant_control.o
                0x0800c854                coolant_set_state
 .text.coolant_sync
                0x0800c878       0x24 ./grbl/coolant_control.o
                0x0800c878                coolant_sync
 .text.xbar_fn_to_axismask
                0x0800c89c       0x34 ./grbl/crossbar.o
                0x0800c89c                xbar_fn_to_axismask
 .text.xbar_set_homing_source
                0x0800c8d0       0x4c ./grbl/crossbar.o
                0x0800c8d0                xbar_set_homing_source
 .text.xbar_get_homing_source
                0x0800c91c       0x34 ./grbl/crossbar.o
                0x0800c91c                xbar_get_homing_source
 .text.xbar_get_homing_source_from_cycle
                0x0800c950       0x84 ./grbl/crossbar.o
                0x0800c950                xbar_get_homing_source_from_cycle
 .text.xbar_fn_to_pinname
                0x0800c9d4       0x34 ./grbl/crossbar.o
                0x0800c9d4                xbar_fn_to_pinname
 .text.xbar_fn_to_signals_mask
                0x0800ca08       0x12 ./grbl/crossbar.o
                0x0800ca08                xbar_fn_to_signals_mask
 *fill*         0x0800ca1a        0x2 
 .text.errors_get_details
                0x0800ca1c        0x8 ./grbl/errors.o
                0x0800ca1c                errors_get_details
 .text.init_sync_motion
                0x0800ca24       0xc0 ./grbl/gcode.o
 .text.tool_get_pending
                0x0800cae4       0x48 ./grbl/gcode.o
 .text.add_offset
                0x0800cb2c       0x3c ./grbl/gcode.o
 .text.add_output_command
                0x0800cb68       0x3c ./grbl/gcode.o
 .text.gc_get_scaling
                0x0800cba4        0x8 ./grbl/gcode.o
                0x0800cba4                gc_get_scaling
 .text.gc_get_g51_state
                0x0800cbac       0x3c ./grbl/gcode.o
                0x0800cbac                gc_get_g51_state
 .text.set_scaling
                0x0800cbe8       0x64 ./grbl/gcode.o
 .text.gc_get_offset
                0x0800cc4c       0x80 ./grbl/gcode.o
                0x0800cc4c                gc_get_offset
 .text.gc_set_tool_offset
                0x0800cccc       0xcc ./grbl/gcode.o
                0x0800cccc                gc_set_tool_offset
 .text.gc_get_plane_data
                0x0800cd98       0x30 ./grbl/gcode.o
                0x0800cd98                gc_get_plane_data
 .text.gc_init  0x0800cdc8      0x140 ./grbl/gcode.o
                0x0800cdc8                gc_init
 .text.gc_spindle_off
                0x0800cf08       0x1c ./grbl/gcode.o
                0x0800cf08                gc_spindle_off
 .text.gc_coolant
                0x0800cf24       0x20 ./grbl/gcode.o
                0x0800cf24                gc_coolant
 .text.gc_spindle_get
                0x0800cf44        0xc ./grbl/gcode.o
                0x0800cf44                gc_spindle_get
 .text.gc_output_message
                0x0800cf50       0x2c ./grbl/gcode.o
                0x0800cf50                gc_output_message
 .text.gc_modal_state_restore
                0x0800cf7c       0xbc ./grbl/gcode.o
                0x0800cf7c                gc_modal_state_restore
 .text.gc_normalize_block
                0x0800d038      0x144 ./grbl/gcode.o
                0x0800d038                gc_normalize_block
 .text.gc_execute_block
                0x0800d17c     0x3ec8 ./grbl/gcode.o
                0x0800d17c                gc_execute_block
 .text.dummy_bool_handler
                0x08011044        0x2 ./grbl/grbllib.o
                0x08011044                dummy_bool_handler
 .text.dummy_irq_claim
                0x08011046        0x4 ./grbl/grbllib.o
 *fill*         0x0801104a        0x2 
 .text.get_homing_status
                0x0801104c       0x40 ./grbl/grbllib.o
 .text.task_alloc
                0x0801108c       0x30 ./grbl/grbllib.o
 .text.task_execute
                0x080110bc       0xbc ./grbl/grbllib.o
 .text.reset_handler
                0x08011178       0x14 ./grbl/grbllib.o
                0x08011178                reset_handler
 .text.get_homing_status2
                0x0801118c       0x6c ./grbl/grbllib.o
 .text.report_driver_error
                0x080111f8       0x60 ./grbl/grbllib.o
 .text.task_add_delayed
                0x08011258       0x78 ./grbl/grbllib.o
                0x08011258                task_add_delayed
 .text.grbl_enter
                0x080112d0      0x414 ./grbl/grbllib.o
                0x080112d0                grbl_enter
 .text.auto_realtime_report
                0x080116e4       0x50 ./grbl/grbllib.o
 .text.realtime_report_check
                0x08011734       0x30 ./grbl/grbllib.o
 .text.task_delete
                0x08011764       0x54 ./grbl/grbllib.o
                0x08011764                task_delete
 .text.ioports_count
                0x080117b8       0x30 ./grbl/ioports.o
 .text.get_pnum
                0x080117e8       0x18 ./grbl/ioports.o
 .text.is_setting_available
                0x08011800       0x58 ./grbl/ioports.o
 .text.aux_get_value
                0x08011858       0x38 ./grbl/ioports.o
 .text.ioports_available
                0x08011890       0xb8 ./grbl/ioports.o
                0x08011890                ioports_available
 .text.ioports_add
                0x08011948      0x238 ./grbl/ioports.o
                0x08011948                ioports_add
 .text.ioports_map_reverse
                0x08011b80       0x1c ./grbl/ioports.o
                0x08011b80                ioports_map_reverse
 .text.ioport_settings_load
                0x08011b9c      0x1a0 ./grbl/ioports.o
 .text.aux_set_value
                0x08011d3c      0x294 ./grbl/ioports.o
 .text.ioport_save_input_settings
                0x08011fd0       0x98 ./grbl/ioports.o
                0x08011fd0                ioport_save_input_settings
 .text.ioport_save_output_settings
                0x08012068       0x4c ./grbl/ioports.o
                0x08012068                ioport_save_output_settings
 .text.ioport_setting_changed
                0x080120b4      0x1d8 ./grbl/ioports.o
                0x080120b4                ioport_setting_changed
 .text.ioports_add_settings
                0x0801228c       0x24 ./grbl/ioports.o
                0x0801228c                ioports_add_settings
 .text.homing_signals_select
                0x080122b0       0x3c ./grbl/machine_limits.o
 .text.get_homing_rate
                0x080122ec       0x18 ./grbl/machine_limits.o
 .text.check_travel_limits
                0x08012304       0x84 ./grbl/machine_limits.o
 .text.clip_3d_target
                0x08012388      0x1f8 ./grbl/machine_limits.o
 .text.apply_jog_limits
                0x08012580       0xe8 ./grbl/machine_limits.o
 .text.limits_pull_off
                0x08012668      0x180 ./grbl/machine_limits.o
 .text.check_arc_travel_limits
                0x080127e8      0x39c ./grbl/machine_limits.o
 .text.limit_signals_merge
                0x08012b84       0x1e ./grbl/machine_limits.o
                0x08012b84                limit_signals_merge
 *fill*         0x08012ba2        0x2 
 .text.limit_interrupt_handler
                0x08012ba4       0x40 ./grbl/machine_limits.o
                0x08012ba4                limit_interrupt_handler
 .text.limits_set_work_envelope
                0x08012be4      0x114 ./grbl/machine_limits.o
                0x08012be4                limits_set_work_envelope
 .text.limits_set_machine_positions
                0x08012cf8       0xc4 ./grbl/machine_limits.o
                0x08012cf8                limits_set_machine_positions
 .text.homing_cycle
                0x08012dbc      0x4fc ./grbl/machine_limits.o
 .text.limits_go_home
                0x080132b8       0xa8 ./grbl/machine_limits.o
                0x080132b8                limits_go_home
 .text.limits_soft_check
                0x08013360       0x88 ./grbl/machine_limits.o
                0x08013360                limits_soft_check
 .text.limits_set_homing_axes
                0x080133e8       0x34 ./grbl/machine_limits.o
                0x080133e8                limits_set_homing_axes
 .text.limits_homing_required
                0x0801341c       0x48 ./grbl/machine_limits.o
                0x0801341c                limits_homing_required
 .text.limits_init
                0x08013464       0x40 ./grbl/machine_limits.o
                0x08013464                limits_init
 .text.message_get
                0x080134a4       0x24 ./grbl/messages.o
                0x080134a4                message_get
 .text.eval_bezier
                0x080134c8       0x52 ./grbl/motion_control.o
 *fill*         0x0801351a        0x2 
 .text.mc_line  0x0801351c       0x8c ./grbl/motion_control.o
                0x0801351c                mc_line
 .text.mc_arc   0x080135a8      0x580 ./grbl/motion_control.o
                0x080135a8                mc_arc
 .text.mc_cubic_b_spline
                0x08013b28      0x230 ./grbl/motion_control.o
                0x08013b28                mc_cubic_b_spline
 .text.mc_thread
                0x08013d58      0x300 ./grbl/motion_control.o
                0x08013d58                mc_thread
 .text.mc_jog_execute
                0x08014058       0xb4 ./grbl/motion_control.o
                0x08014058                mc_jog_execute
 .text.mc_dwell
                0x0801410c       0x28 ./grbl/motion_control.o
                0x0801410c                mc_dwell
 .text.mc_canned_drill
                0x08014134      0x204 ./grbl/motion_control.o
                0x08014134                mc_canned_drill
 .text.mc_probe_cycle
                0x08014338      0x250 ./grbl/motion_control.o
                0x08014338                mc_probe_cycle
 .text.mc_parking_motion
                0x08014588       0x3c ./grbl/motion_control.o
                0x08014588                mc_parking_motion
 .text.mc_override_ctrl_update
                0x080145c4       0x1c ./grbl/motion_control.o
                0x080145c4                mc_override_ctrl_update
 .text.mc_reset
                0x080145e0       0xb0 ./grbl/motion_control.o
                0x080145e0                mc_reset
 .text.mc_homing_cycle
                0x08014690      0x224 ./grbl/motion_control.o
                0x08014690                mc_homing_cycle
 .text.probe_result
                0x080148b4       0x20 ./grbl/ngc_params.o
 .text.m66_result
                0x080148d4       0x10 ./grbl/ngc_params.o
 .text.tool_number
                0x080148e4       0x14 ./grbl/ngc_params.o
 .text.tool_offset
                0x080148f8       0x38 ./grbl/ngc_params.o
 .text.coord_system
                0x08014930       0x1c ./grbl/ngc_params.o
 .text.g92_offset_applied
                0x0801494c       0x14 ./grbl/ngc_params.o
 .text.g92_offset
                0x08014960       0x38 ./grbl/ngc_params.o
 .text.debug_output
                0x08014998       0x18 ./grbl/ngc_params.o
 .text.ngc_name_tolower
                0x080149b0       0x3c ./grbl/ngc_params.o
 .text._relative_pos
                0x080149ec       0x68 ./grbl/ngc_params.o
 .text.work_position
                0x08014a54       0x2c ./grbl/ngc_params.o
 .text.coord_system_offset
                0x08014a80       0x64 ./grbl/ngc_params.o
 .text.g30_home
                0x08014ae4       0x48 ./grbl/ngc_params.o
 .text.g28_home
                0x08014b2c       0x48 ./grbl/ngc_params.o
 .text.probe_coord
                0x08014b74       0xbc ./grbl/ngc_params.o
 .text.scaling_factors
                0x08014c30       0x3c ./grbl/ngc_params.o
 .text.ngc_param_get
                0x08014c6c       0x9c ./grbl/ngc_params.o
                0x08014c6c                ngc_param_get
 .text.ngc_named_param_set
                0x08014d08       0xdc ./grbl/ngc_params.o
                0x08014d08                ngc_named_param_set
 .text.ngc_modal_state_save
                0x08014de4       0x70 ./grbl/ngc_params.o
                0x08014de4                ngc_modal_state_save
 .text.ngc_modal_state_invalidate
                0x08014e54       0x38 ./grbl/ngc_params.o
                0x08014e54                ngc_modal_state_invalidate
 .text.ngc_modal_state_restore
                0x08014e8c       0x30 ./grbl/ngc_params.o
                0x08014e8c                ngc_modal_state_restore
 .text.ngc_call_push
                0x08014ebc       0x34 ./grbl/ngc_params.o
                0x08014ebc                ngc_call_push
 .text.ngc_call_level
                0x08014ef0        0xc ./grbl/ngc_params.o
                0x08014ef0                ngc_call_level
 .text.ngc_named_param_get_by_id
                0x08014efc      0x308 ./grbl/ngc_params.o
                0x08014efc                ngc_named_param_get_by_id
 .text.ngc_named_param_get
                0x08015204       0xa4 ./grbl/ngc_params.o
                0x08015204                ngc_named_param_get
 .text.ngc_float_decimals
                0x080152a8       0x18 ./grbl/ngc_params.o
                0x080152a8                ngc_float_decimals
 .text.uitoa    0x080152c0       0x44 ./grbl/nuts_bolts.o
                0x080152c0                uitoa
 .text.ftoa     0x08015304       0xf8 ./grbl/nuts_bolts.o
                0x08015304                ftoa
 .text.trim_float
                0x080153fc       0x32 ./grbl/nuts_bolts.o
                0x080153fc                trim_float
 *fill*         0x0801542e        0x2 
 .text.read_uint
                0x08015430       0x94 ./grbl/nuts_bolts.o
                0x08015430                read_uint
 .text.read_float
                0x080154c4       0xec ./grbl/nuts_bolts.o
                0x080154c4                read_float
 .text.isintf   0x080155b0       0x34 ./grbl/nuts_bolts.o
                0x080155b0                isintf
 .text.delay_sec
                0x080155e4       0x58 ./grbl/nuts_bolts.o
                0x080155e4                delay_sec
 .text.convert_delta_vector_to_unit_vector
                0x0801563c       0x58 ./grbl/nuts_bolts.o
                0x0801563c                convert_delta_vector_to_unit_vector
 .text.get_datetime
                0x08015694      0x138 ./grbl/nuts_bolts.o
                0x08015694                get_datetime
 .text.calc_checksum
                0x080157cc       0x22 ./grbl/nuts_bolts.o
                0x080157cc                calc_checksum
 .text.dummy_handler
                0x080157ee        0x2 ./grbl/nuts_bolts.o
                0x080157ee                dummy_handler
 .text.ram_get_byte
                0x080157f0        0xc ./grbl/nvs_buffer.o
 .text.ram_put_byte
                0x080157fc       0x44 ./grbl/nvs_buffer.o
 .text.memcpy_from_ram
                0x08015840       0x80 ./grbl/nvs_buffer.o
 .text.memcpy_to_ram
                0x080158c0      0x154 ./grbl/nvs_buffer.o
 .text.nvs_buffer_alloc
                0x08015a14       0x28 ./grbl/nvs_buffer.o
                0x08015a14                nvs_buffer_alloc
 .text.nvs_buffer_init
                0x08015a3c      0x12c ./grbl/nvs_buffer.o
                0x08015a3c                nvs_buffer_init
 .text.nvs_buffer_sync_physical
                0x08015b68      0x1cc ./grbl/nvs_buffer.o
                0x08015b68                nvs_buffer_sync_physical
 .text.nvs_buffer_free
                0x08015d34       0x1c ./grbl/nvs_buffer.o
                0x08015d34                nvs_buffer_free
 .text.nvs_buffer_get_physical
                0x08015d50       0x20 ./grbl/nvs_buffer.o
                0x08015d50                nvs_buffer_get_physical
 .text.enqueue_feed_override
                0x08015d70       0x20 ./grbl/override.o
                0x08015d70                enqueue_feed_override
 .text.get_feed_override
                0x08015d90       0x24 ./grbl/override.o
                0x08015d90                get_feed_override
 .text.enqueue_spindle_override
                0x08015db4       0x20 ./grbl/override.o
                0x08015db4                enqueue_spindle_override
 .text.get_spindle_override
                0x08015dd4       0x24 ./grbl/override.o
                0x08015dd4                get_spindle_override
 .text.enqueue_coolant_override
                0x08015df8       0x20 ./grbl/override.o
                0x08015df8                enqueue_coolant_override
 .text.get_coolant_override
                0x08015e18       0x24 ./grbl/override.o
                0x08015e18                get_coolant_override
 .text.flush_override_buffers
                0x08015e3c       0x24 ./grbl/override.o
                0x08015e3c                flush_override_buffers
 .text.limit_acceleration_by_axis_maximum
                0x08015e60       0x50 ./grbl/planner.o
 .text.limit_max_rate_by_axis_maximum
                0x08015eb0       0x50 ./grbl/planner.o
 .text.plan_cleanup
                0x08015f00       0x22 ./grbl/planner.o
 *fill*         0x08015f22        0x2 
 .text.plan_reset_buffer
                0x08015f24       0x50 ./grbl/planner.o
 .text.planner_recalculate
                0x08015f74      0x118 ./grbl/planner.o
 .text.plan_get_buffer_size
                0x0801608c        0xc ./grbl/planner.o
                0x0801608c                plan_get_buffer_size
 .text.plan_reset
                0x08016098      0x100 ./grbl/planner.o
                0x08016098                plan_reset
 .text.plan_discard_current_block
                0x08016198       0x3c ./grbl/planner.o
                0x08016198                plan_discard_current_block
 .text.plan_get_system_motion_block
                0x080161d4        0xc ./grbl/planner.o
                0x080161d4                plan_get_system_motion_block
 .text.plan_get_current_block
                0x080161e0       0x1c ./grbl/planner.o
                0x080161e0                plan_get_current_block
 .text.plan_get_exec_block_exit_speed_sqr
                0x080161fc       0x28 ./grbl/planner.o
                0x080161fc                plan_get_exec_block_exit_speed_sqr
 .text.plan_check_full_buffer
                0x08016224       0x1c ./grbl/planner.o
                0x08016224                plan_check_full_buffer
 .text.plan_compute_profile_nominal_speed
                0x08016240       0xa4 ./grbl/planner.o
                0x08016240                plan_compute_profile_nominal_speed
 .text.plan_update_velocity_profile_parameters
                0x080162e4       0x84 ./grbl/planner.o
 .text.plan_buffer_line
                0x08016368      0x38c ./grbl/planner.o
                0x08016368                plan_buffer_line
 .text.plan_sync_position
                0x080166f4       0x14 ./grbl/planner.o
                0x080166f4                plan_sync_position
 .text.plan_get_block_buffer_available
                0x08016708       0x3c ./grbl/planner.o
                0x08016708                plan_get_block_buffer_available
 .text.plan_cycle_reinitialize
                0x08016744       0x28 ./grbl/planner.o
                0x08016744                plan_cycle_reinitialize
 .text.plan_feed_override
                0x0801676c       0x74 ./grbl/planner.o
                0x0801676c                plan_feed_override
 .text.plan_data_init
                0x080167e0       0x48 ./grbl/planner.o
                0x080167e0                plan_data_init
 .text.recheck_line
                0x08016828      0x104 ./grbl/protocol.o
 .text.protocol_execute_rt_commands
                0x0801692c       0x70 ./grbl/protocol.o
 .text.protocol_on_execute_delay
                0x0801699c       0x3c ./grbl/protocol.o
 .text.protocol_poll_cmd
                0x080169d8       0xc8 ./grbl/protocol.o
 .text.protocol_enqueue_gcode
                0x08016aa0       0x6c ./grbl/protocol.o
                0x08016aa0                protocol_enqueue_gcode
 .text.protocol_auto_cycle_start
                0x08016b0c       0x1c ./grbl/protocol.o
                0x08016b0c                protocol_auto_cycle_start
 .text.protocol_exec_rt_system
                0x08016b28      0x5bc ./grbl/protocol.o
                0x08016b28                protocol_exec_rt_system
 .text.protocol_exec_rt_suspend
                0x080170e4       0x94 ./grbl/protocol.o
 .text.protocol_execute_realtime
                0x08017178       0x60 ./grbl/protocol.o
                0x08017178                protocol_execute_realtime
 .text.protocol_main_loop
                0x080171d8      0x53c ./grbl/protocol.o
                0x080171d8                protocol_main_loop
 .text.protocol_buffer_synchronize
                0x08017714       0x3c ./grbl/protocol.o
                0x08017714                protocol_buffer_synchronize
 .text.protocol_enqueue_foreground_task
                0x08017750       0x4c ./grbl/protocol.o
                0x08017750                protocol_enqueue_foreground_task
 .text.protocol_enqueue_realtime_command
                0x0801779c      0x480 ./grbl/protocol.o
                0x0801779c                protocol_enqueue_realtime_command
 .text.matchstar
                0x08017c1c       0x2a ./grbl/regex.o
                0x08017c1c                matchstar
 .text.matchhere
                0x08017c46       0x4c ./grbl/regex.o
                0x08017c46                matchhere
 *fill*         0x08017c92        0x2 
 .text.axis_signals_tostring
                0x08017c94       0x30 ./grbl/report.o
 .text.control_signals_tostring
                0x08017cc4       0x78 ./grbl/report.o
 .text.report_init_message
                0x08017d3c       0x28 ./grbl/report.o
 .text.report_help_message
                0x08017d64       0x18 ./grbl/report.o
 .text.cmp_settings
                0x08017d7c        0xc ./grbl/report.o
 .text.write_quoted
                0x08017d88       0x38 ./grbl/report.o
 .text.cmp_alarms
                0x08017dc0        0xc ./grbl/report.o
 .text.cmp_errors
                0x08017dcc        0xc ./grbl/report.o
 .text.cmp_setting_group_id
                0x08017dd8        0xc ./grbl/report.o
 .text.group_is_dup
                0x08017de4       0x16 ./grbl/report.o
 .text.add_limits
                0x08017dfa       0x38 ./grbl/report.o
 .text.count_pins
                0x08017e32        0x8 ./grbl/report.o
 .text.cmp_pins
                0x08017e3a        0x8 ./grbl/report.o
 *fill*         0x08017e42        0x2 
 .text.irq_mode
                0x08017e44       0x74 ./grbl/report.o
 .text.pull_mode
                0x08017eb8       0x2c ./grbl/report.o
 .text.get_rate_value_mm
                0x08017ee4       0x10 ./grbl/report.o
 .text.get_rate_value_inch
                0x08017ef4       0x1c ./grbl/report.o
 .text.print_setting
                0x08017f10       0x44 ./grbl/report.o
 .text.print_alarm
                0x08017f54       0x94 ./grbl/report.o
 .text.print_error
                0x08017fe8       0x94 ./grbl/report.o
 .text.print_uito2a
                0x0801807c       0x34 ./grbl/report.o
 .text.report_spindle
                0x080180b0      0x1d4 ./grbl/report.o
 .text.get_axis_values_mm
                0x08018284       0x74 ./grbl/report.o
 .text.get_axis_values_inches
                0x080182f8       0x88 ./grbl/report.o
 .text.get_axis_value_mm
                0x08018380       0x18 ./grbl/report.o
 .text.get_axis_value_inches
                0x08018398       0x24 ./grbl/report.o
 .text.map_coord_system
                0x080183bc       0x4c ./grbl/report.o
 .text.get_pin_info
                0x08018408       0x40 ./grbl/report.o
 .text.get_pins
                0x08018448       0x18 ./grbl/report.o
 .text.appendbuf
                0x08018460       0x44 ./grbl/report.o
 .text.report_alarm_message
                0x080184a4       0x34 ./grbl/report.o
 .text.report_status_message
                0x080184d8       0x40 ./grbl/report.o
 .text.report_bitfield
                0x08018518       0xd0 ./grbl/report.o
 .text.cmp_setting_group_name
                0x080185e8       0x10 ./grbl/report.o
 .text.write_name
                0x080185f8       0x4c ./grbl/report.o
 .text.report_settings_detail
                0x08018644      0x698 ./grbl/report.o
 .text.print_unsorted
                0x08018cdc       0x30 ./grbl/report.o
 .text.print_sorted
                0x08018d0c       0x22 ./grbl/report.o
 *fill*         0x08018d2e        0x2 
 .text.print_settings_details
                0x08018d30      0x148 ./grbl/report.o
 .text.print_setting_group
                0x08018e78       0x8c ./grbl/report.o
 .text.report_pin_info
                0x08018f04       0x70 ./grbl/report.o
 .text.report_pin
                0x08018f74       0x14 ./grbl/report.o
 .text.report_setting
                0x08018f88       0x58 ./grbl/report.o
 .text.report_init
                0x08018fe0       0x58 ./grbl/report.o
                0x08018fe0                report_init
 .text.report_message
                0x08019038       0x78 ./grbl/report.o
                0x08019038                report_message
 .text.report_feedback_message
                0x080190b0       0x34 ./grbl/report.o
 .text.report_plain
                0x080190e4        0xa ./grbl/report.o
                0x080190e4                report_plain
 .text.report_warning
                0x080190ee        0xa ./grbl/report.o
                0x080190ee                report_warning
 .text.report_grbl_setting
                0x080190f8       0x28 ./grbl/report.o
                0x080190f8                report_grbl_setting
 .text.report_grbl_settings
                0x08019120      0x108 ./grbl/report.o
                0x08019120                report_grbl_settings
 .text.report_probe_parameters
                0x08019228       0x68 ./grbl/report.o
                0x08019228                report_probe_parameters
 .text.report_home_position
                0x08019290       0x54 ./grbl/report.o
                0x08019290                report_home_position
 .text.report_tool_offsets
                0x080192e4       0x38 ./grbl/report.o
                0x080192e4                report_tool_offsets
 .text.report_ngc_parameter
                0x0801931c       0x84 ./grbl/report.o
                0x0801931c                report_ngc_parameter
 .text.report_named_ngc_parameter
                0x080193a0       0x7c ./grbl/report.o
                0x080193a0                report_named_ngc_parameter
 .text.report_ngc_parameters
                0x0801941c      0x204 ./grbl/report.o
                0x0801941c                report_ngc_parameters
 .text.report_gcode_modes
                0x08019620      0x434 ./grbl/report.o
                0x08019620                report_gcode_modes
 .text.report_startup_line
                0x08019a54       0x40 ./grbl/report.o
                0x08019a54                report_startup_line
 .text.report_execute_startup_message
                0x08019a94       0x3c ./grbl/report.o
                0x08019a94                report_execute_startup_message
 .text.report_build_info
                0x08019ad0      0x798 ./grbl/report.o
                0x08019ad0                report_build_info
 .text.report_realtime_status
                0x0801a268      0xadc ./grbl/report.o
                0x0801a268                report_realtime_status
 .text.report_settings_details
                0x0801ad44       0x34 ./grbl/report.o
                0x0801ad44                report_settings_details
 .text.report_group_settings
                0x0801ad78       0x98 ./grbl/report.o
 .text.report_setting_description
                0x0801ae10       0xb0 ./grbl/report.o
                0x0801ae10                report_setting_description
 .text.report_alarm_details
                0x0801aec0       0xac ./grbl/report.o
                0x0801aec0                report_alarm_details
 .text.report_error_details
                0x0801af6c       0xac ./grbl/report.o
                0x0801af6c                report_error_details
 .text.report_setting_group_details
                0x0801b018       0xc4 ./grbl/report.o
                0x0801b018                report_setting_group_details
 .text.report_help
                0x0801b0dc       0xec ./grbl/report.o
                0x0801b0dc                report_help
 .text.report_last_signals_event
                0x0801b1c8       0x58 ./grbl/report.o
                0x0801b1c8                report_last_signals_event
 .text.report_current_limit_state
                0x0801b220       0x48 ./grbl/report.o
                0x0801b220                report_current_limit_state
 .text.report_current_home_signal_state
                0x0801b268       0x80 ./grbl/report.o
                0x0801b268                report_current_home_signal_state
 .text.report_spindle_data
                0x0801b2e8       0xa8 ./grbl/report.o
                0x0801b2e8                report_spindle_data
 .text.report_pins
                0x0801b390       0x9c ./grbl/report.o
                0x0801b390                report_pins
 .text.report_pin_states
                0x0801b42c      0x3ec ./grbl/report.o
                0x0801b42c                report_pin_states
 .text.report_time
                0x0801b818       0x8c ./grbl/report.o
                0x0801b818                report_time
 .text.report_spindles
                0x0801b8a4       0x2c ./grbl/report.o
                0x0801b8a4                report_spindles
 .text.report_pid_log
                0x0801b8d0       0x10 ./grbl/report.o
                0x0801b8d0                report_pid_log
 .text.report_init_fns
                0x0801b8e0       0x28 ./grbl/report.o
                0x0801b8e0                report_init_fns
 .text.group_is_available
                0x0801b908        0x4 ./grbl/settings.o
 .text.restore_override_backup
                0x0801b90c       0x2c ./grbl/settings.o
 .text.set_ganged_dir_invert
                0x0801b938       0x2c ./grbl/settings.o
 .text.set_stepper_deenergize_mask
                0x0801b964       0x20 ./grbl/settings.o
 .text.set_report_interval
                0x0801b984       0x20 ./grbl/settings.o
 .text.set_report_mask
                0x0801b9a4       0x10 ./grbl/settings.o
 .text.set_pwm_mode
                0x0801b9b4       0x1c ./grbl/settings.o
 .text.set_pwm_options
                0x0801b9d0       0x68 ./grbl/settings.o
 .text.tmp_set_soft_limits
                0x0801ba38       0x50 ./grbl/settings.o
 .text.set_soft_limits_enable
                0x0801ba88       0x38 ./grbl/settings.o
 .text.set_estop_unlock
                0x0801bac0       0x30 ./grbl/settings.o
 .text.set_offset_lock
                0x0801baf0       0x2c ./grbl/settings.o
 .text.set_hard_limits_enable
                0x0801bb1c       0x6c ./grbl/settings.o
 .text.set_jog_soft_limited
                0x0801bb88       0x30 ./grbl/settings.o
 .text.set_homing_enable
                0x0801bbb8       0x84 ./grbl/settings.o
 .text.set_enable_legacy_rt_commands
                0x0801bc3c       0x1c ./grbl/settings.o
 .text.set_parking_enable
                0x0801bc58       0x1c ./grbl/settings.o
 .text.set_restore_overrides
                0x0801bc74       0x1c ./grbl/settings.o
 .text.set_sleep_enable
                0x0801bc90       0x1c ./grbl/settings.o
 .text.set_hold_actions
                0x0801bcac       0x24 ./grbl/settings.o
 .text.set_g92_disable_persistence
                0x0801bcd0       0x1c ./grbl/settings.o
 .text.set_force_initialization_alarm
                0x0801bcec       0x1c ./grbl/settings.o
 .text.set_probe_allow_feed_override
                0x0801bd08       0x1c ./grbl/settings.o
 .text.set_tool_change_probing_distance
                0x0801bd24       0x20 ./grbl/settings.o
 .text.set_tool_restore_pos
                0x0801bd44       0x30 ./grbl/settings.o
 .text.normalize_id
                0x0801bd74       0xac ./grbl/settings.o
 .text.get_int  0x0801be20      0x2b4 ./grbl/settings.o
 .text.settings_write_global
                0x0801c0d4       0x44 ./grbl/settings.o
                0x0801c0d4                settings_write_global
 .text.is_available
                0x0801c118       0x14 ./grbl/settings.o
 .text.remove_element
                0x0801c12c       0x46 ./grbl/settings.o
 *fill*         0x0801c172        0x2 
 .text.set_encoder_spindle
                0x0801c174       0x34 ./grbl/settings.o
 .text.set_spindle_type
                0x0801c1a8       0x3c ./grbl/settings.o
 .text.set_tool_change_mode
                0x0801c1e4       0x3c ./grbl/settings.o
 .text.set_homing_cycle
                0x0801c220       0x18 ./grbl/settings.o
 .text.set_mode
                0x0801c238       0x4c ./grbl/settings.o
 .text.set_spindle_invert
                0x0801c284       0x38 ./grbl/settings.o
 .text.is_setting_available
                0x0801c2bc      0x380 ./grbl/settings.o
 .text.set_probe_disable_pullup
                0x0801c63c       0x34 ./grbl/settings.o
 .text.set_control_disable_pullup
                0x0801c670       0x24 ./grbl/settings.o
 .text.set_probe_invert
                0x0801c694       0x40 ./grbl/settings.o
 .text.set_control_invert
                0x0801c6d4       0x28 ./grbl/settings.o
 .text.set_report_inches
                0x0801c6fc       0x28 ./grbl/settings.o
 .text.strnumentries
                0x0801c724       0x2a ./grbl/settings.o
 .text.get_decimal_places
                0x0801c74e       0x2a ./grbl/settings.o
 .text.validate_uint_value
                0x0801c778       0x5a ./grbl/settings.o
 .text.setting_validate_me_uint
                0x0801c7d2       0x7a ./grbl/settings.o
 .text.validate_value
                0x0801c84c       0x92 ./grbl/settings.o
 *fill*         0x0801c8de        0x2 
 .text.settings_changed_spindle
                0x0801c8e0       0x2c ./grbl/settings.o
 .text.settings_register
                0x0801c90c       0x10 ./grbl/settings.o
                0x0801c90c                settings_register
 .text.settings_get_details
                0x0801c91c        0x8 ./grbl/settings.o
                0x0801c91c                settings_get_details
 .text.settings_get_axis_base
                0x0801c924       0x1a ./grbl/settings.o
                0x0801c924                settings_get_axis_base
 *fill*         0x0801c93e        0x2 
 .text.get_float
                0x0801c940       0xe8 ./grbl/settings.o
 .text.set_axis_setting
                0x0801ca28      0x2b8 ./grbl/settings.o
 .text.setting_get_value
                0x0801cce0       0xf4 ./grbl/settings.o
                0x0801cce0                setting_get_value
 .text.setting_get_int_value
                0x0801cdd4       0x6e ./grbl/settings.o
                0x0801cdd4                setting_get_int_value
 *fill*         0x0801ce42        0x2 
 .text.settings_write_build_info
                0x0801ce44       0x24 ./grbl/settings.o
                0x0801ce44                settings_write_build_info
 .text.settings_read_build_info
                0x0801ce68       0x38 ./grbl/settings.o
                0x0801ce68                settings_read_build_info
 .text.settings_write_startup_line
                0x0801cea0       0x48 ./grbl/settings.o
                0x0801cea0                settings_write_startup_line
 .text.settings_read_startup_line
                0x0801cee8       0x64 ./grbl/settings.o
                0x0801cee8                settings_read_startup_line
 .text.settings_write_coord_data
                0x0801cf4c       0x48 ./grbl/settings.o
                0x0801cf4c                settings_write_coord_data
 .text.settings_read_coord_data
                0x0801cf94       0x68 ./grbl/settings.o
                0x0801cf94                settings_read_coord_data
 .text.read_global_settings
                0x0801cffc       0xb8 ./grbl/settings.o
                0x0801cffc                read_global_settings
 .text.settings_restore
                0x0801d0b4      0x100 ./grbl/settings.o
                0x0801d0b4                settings_restore
 .text.settings_normalize_group
                0x0801d1b4       0x10 ./grbl/settings.o
                0x0801d1b4                settings_normalize_group
 .text.setting_get_details
                0x0801d1c4       0xb4 ./grbl/settings.o
                0x0801d1c4                setting_get_details
 .text.settings_iterator
                0x0801d278       0x78 ./grbl/settings.o
                0x0801d278                settings_iterator
 .text.setting_get_description
                0x0801d2f0       0x5c ./grbl/settings.o
                0x0801d2f0                setting_get_description
 .text.setting_get_group_details
                0x0801d34c       0x38 ./grbl/settings.o
                0x0801d34c                setting_get_group_details
 .text.settings_is_group_available
                0x0801d384       0xc0 ./grbl/settings.o
                0x0801d384                settings_is_group_available
 .text.is_group_available
                0x0801d444        0xa ./grbl/settings.o
 .text.setting_datatype_to_external
                0x0801d44e        0xe ./grbl/settings.o
                0x0801d44e                setting_datatype_to_external
 .text.setting_is_list
                0x0801d45c       0x10 ./grbl/settings.o
                0x0801d45c                setting_is_list
 .text.setting_remove_element
                0x0801d46c       0x20 ./grbl/settings.o
 .text.setting_remove_elements
                0x0801d48c       0x60 ./grbl/settings.o
                0x0801d48c                setting_remove_elements
 .text.setting_validate_me
                0x0801d4ec       0x84 ./grbl/settings.o
                0x0801d4ec                setting_validate_me
 .text.settings_store_setting
                0x0801d570      0x194 ./grbl/settings.o
                0x0801d570                settings_store_setting
 .text.settings_add_spindle_type
                0x0801d704       0x44 ./grbl/settings.o
                0x0801d704                settings_add_spindle_type
 .text.settings_clear
                0x0801d748       0x14 ./grbl/settings.o
                0x0801d748                settings_clear
 .text.settings_init
                0x0801d75c      0x1e4 ./grbl/settings.o
                0x0801d75c                settings_init
 .text.fall_asleep
                0x0801d940        0xc ./grbl/sleep.o
 .text.sleep_execute
                0x0801d94c       0x80 ./grbl/sleep.o
 .text.sleep_check
                0x0801d9cc       0x90 ./grbl/sleep.o
                0x0801d9cc                sleep_check
 .text.null_set_state
                0x0801da5c        0x2 ./grbl/spindle_control.o
 .text.null_get_state
                0x0801da5e        0x6 ./grbl/spindle_control.o
 .text.null_update_pwm
                0x0801da64        0x2 ./grbl/spindle_control.o
 .text.null_get_pwm
                0x0801da66        0x4 ./grbl/spindle_control.o
 .text.null_update_rpm
                0x0801da6a        0x2 ./grbl/spindle_control.o
 .text.spindle_activate
                0x0801da6c      0x280 ./grbl/spindle_control.o
 .text.spindle_get_num
                0x0801dcec       0x2a ./grbl/spindle_control.o
 *fill*         0x0801dd16        0x2 
 .text.spindle_register
                0x0801dd18       0xe8 ./grbl/spindle_control.o
                0x0801dd18                spindle_register
 .text.spindle_get_caps
                0x0801de00       0x48 ./grbl/spindle_control.o
                0x0801de00                spindle_get_caps
 .text.spindle_enumerate_spindles
                0x0801de48       0xb4 ./grbl/spindle_control.o
                0x0801de48                spindle_enumerate_spindles
 .text.spindle_is_enabled
                0x0801defc       0x2c ./grbl/spindle_control.o
                0x0801defc                spindle_is_enabled
 .text.spindle_get
                0x0801df28       0x2c ./grbl/spindle_control.o
                0x0801df28                spindle_get
 .text.spindle_add_null
                0x0801df54       0x48 ./grbl/spindle_control.o
                0x0801df54                spindle_add_null
 .text.spindle_select
                0x0801df9c       0x40 ./grbl/spindle_control.o
                0x0801df9c                spindle_select
 .text.spindle_get_count
                0x0801dfdc       0x30 ./grbl/spindle_control.o
                0x0801dfdc                spindle_get_count
 .text.spindle_set_rpm
                0x0801e00c       0x60 ./grbl/spindle_control.o
                0x0801e00c                spindle_set_rpm
 .text.set_state
                0x0801e06c       0xb0 ./grbl/spindle_control.o
 .text.spindle_set_state
                0x0801e11c        0x8 ./grbl/spindle_control.o
                0x0801e11c                spindle_set_state
 .text.spindle_restore
                0x0801e124       0xc8 ./grbl/spindle_control.o
                0x0801e124                spindle_restore
 .text.spindle_sync
                0x0801e1ec       0xc8 ./grbl/spindle_control.o
                0x0801e1ec                spindle_sync
 .text.spindle_set_override
                0x0801e2b4       0x8c ./grbl/spindle_control.o
                0x0801e2b4                spindle_set_override
 .text.spindle_all_off
                0x0801e340       0x30 ./grbl/spindle_control.o
                0x0801e340                spindle_all_off
 .text.spindle_is_on
                0x0801e370       0x18 ./grbl/spindle_control.o
                0x0801e370                spindle_is_on
 .text.state_noop
                0x0801e388        0x2 ./grbl/state_machine.o
 *fill*         0x0801e38a        0x2 
 .text.state_await_restart_retract
                0x0801e38c       0x40 ./grbl/state_machine.o
 .text.state_await_waypoint_retract
                0x0801e3cc       0xe0 ./grbl/state_machine.o
 .text.restart_retract
                0x0801e4ac       0x60 ./grbl/state_machine.o
 .text.state_spindle_restore
                0x0801e50c       0x14 ./grbl/state_machine.o
 .text.state_restore_conditions
                0x0801e520       0x78 ./grbl/state_machine.o
 .text.state_restore
                0x0801e598       0xd0 ./grbl/state_machine.o
 .text.initiate_hold
                0x0801e668      0x16c ./grbl/state_machine.o
 .text.enter_sleep
                0x0801e7d4       0x34 ./grbl/state_machine.o
 .text.state_spindle_set_state
                0x0801e808       0x14 ./grbl/state_machine.o
 .text.state_door_reopened
                0x0801e81c       0x2c ./grbl/state_machine.o
                0x0801e81c                state_door_reopened
 .text.state_get
                0x0801e848        0xc ./grbl/state_machine.o
                0x0801e848                state_get
 .text.state_set
                0x0801e854      0x264 ./grbl/state_machine.o
                0x0801e854                state_set
 .text.state_idle
                0x0801eab8       0x4c ./grbl/state_machine.o
 .text.state_update
                0x0801eb04       0x2c ./grbl/state_machine.o
                0x0801eb04                state_update
 .text.state_await_resume
                0x0801eb30      0x23c ./grbl/state_machine.o
 .text.state_await_resumed
                0x0801ed6c       0x48 ./grbl/state_machine.o
 .text.state_await_toolchanged
                0x0801edb4       0x74 ./grbl/state_machine.o
 .text.state_cycle
                0x0801ee28       0x78 ./grbl/state_machine.o
 .text.state_await_motion_cancel
                0x0801eea0       0x64 ./grbl/state_machine.o
 .text.state_await_hold
                0x0801ef04      0x24c ./grbl/state_machine.o
 .text.state_suspend_manager
                0x0801f150      0x104 ./grbl/state_machine.o
                0x0801f150                state_suspend_manager
 .text.st_deenergize
                0x0801f254       0x2c ./grbl/stepper.o
                0x0801f254                st_deenergize
 .text.st_wake_up
                0x0801f280       0x1c ./grbl/stepper.o
                0x0801f280                st_wake_up
 .text.st_go_idle
                0x0801f29c       0x88 ./grbl/stepper.o
                0x0801f29c                st_go_idle
 .text.stepper_driver_interrupt_handler
                0x0801f324      0x2ec ./grbl/stepper.o
                0x0801f324                stepper_driver_interrupt_handler
 .text.st_reset
                0x0801f610      0x110 ./grbl/stepper.o
                0x0801f610                st_reset
 .text.st_rpm_changed
                0x0801f720        0xc ./grbl/stepper.o
                0x0801f720                st_rpm_changed
 .text.st_update_plan_block_parameters
                0x0801f72c       0x2c ./grbl/stepper.o
                0x0801f72c                st_update_plan_block_parameters
 .text.st_parking_setup_buffer
                0x0801f758       0x80 ./grbl/stepper.o
                0x0801f758                st_parking_setup_buffer
 .text.st_parking_restore_buffer
                0x0801f7d8       0x8c ./grbl/stepper.o
                0x0801f7d8                st_parking_restore_buffer
 .text.st_prep_buffer
                0x0801f864      0x88c ./grbl/stepper.o
                0x0801f864                st_prep_buffer
 .text.st_get_realtime_rate
                0x080200f0       0x24 ./grbl/stepper.o
                0x080200f0                st_get_realtime_rate
 .text.st_get_offset_id
                0x08020114       0x38 ./grbl/stepper.o
                0x08020114                st_get_offset_id
 .text.stream_get_null
                0x0802014c        0x6 ./grbl/stream.o
                0x0802014c                stream_get_null
 .text.stream_connected
                0x08020152        0x4 ./grbl/stream.o
                0x08020152                stream_connected
 .text.is_not_connected
                0x08020156        0x4 ./grbl/stream.o
 *fill*         0x0802015a        0x2 
 .text.connection_is_up
                0x0802015c       0x48 ./grbl/stream.o
 .text.stream_write_all
                0x080201a4       0x24 ./grbl/stream.o
 .text._open_instance
                0x080201c8       0x3c ./grbl/stream.o
 .text.null_rx_free
                0x08020204        0x6 ./grbl/stream.o
 .text.null_count
                0x0802020a        0x4 ./grbl/stream.o
 .text.null_put_c
                0x0802020e        0x4 ./grbl/stream.o
 .text.null_write_string
                0x08020212        0x2 ./grbl/stream.o
 .text.null_write
                0x08020214        0x2 ./grbl/stream.o
 .text.null_suspend_disable
                0x08020216        0x4 ./grbl/stream.o
 .text.null_set_baudrate
                0x0802021a        0x4 ./grbl/stream.o
 *fill*         0x0802021e        0x2 
 .text.null_enqueue_rt_command
                0x08020220       0x10 ./grbl/stream.o
 .text.null_set_rt_handler
                0x08020230       0x14 ./grbl/stream.o
 .text.stream_null_init
                0x08020244        0x8 ./grbl/stream.o
                0x08020244                stream_null_init
 .text.await_toolchange_ack
                0x0802024c       0x64 ./grbl/stream.o
 .text.add_connection
                0x080202b0       0x68 ./grbl/stream.o
 .text.stream_register_streams
                0x08020318       0x14 ./grbl/stream.o
                0x08020318                stream_register_streams
 .text.stream_enumerate_streams
                0x0802032c       0x3c ./grbl/stream.o
                0x0802032c                stream_enumerate_streams
 .text.stream_tx_blocking
                0x08020368       0x24 ./grbl/stream.o
                0x08020368                stream_tx_blocking
 .text.stream_rx_suspend
                0x0802038c       0x84 ./grbl/stream.o
                0x0802038c                stream_rx_suspend
 .text.stream_enqueue_realtime_command
                0x08020410       0x44 ./grbl/stream.o
                0x08020410                stream_enqueue_realtime_command
 .text.stream_set_description
                0x08020454       0x44 ./grbl/stream.o
                0x08020454                stream_set_description
 .text.stream_mpg_enable
                0x08020498      0x138 ./grbl/stream.o
                0x08020498                stream_mpg_enable
 .text.stream_select
                0x080205d0      0x29c ./grbl/stream.o
 .text.stream_connect
                0x0802086c       0x20 ./grbl/stream.o
                0x0802086c                stream_connect
 .text.stream_connect_instance
                0x0802088c       0x34 ./grbl/stream.o
                0x0802088c                stream_connect_instance
 .text.stream_mpg_set_mode
                0x080208c0        0xe ./grbl/stream.o
                0x080208c0                stream_mpg_set_mode
 *fill*         0x080208ce        0x2 
 .text.toggle_single_block
                0x080208d0       0x50 ./grbl/system.o
 .text.toggle_block_delete
                0x08020920       0x50 ./grbl/system.o
 .text.toggle_optional_stop
                0x08020970       0x50 ./grbl/system.o
 .text.enter_sleep
                0x080209c0       0x38 ./grbl/system.o
 .text.help_rtc
                0x080209f8       0x30 ./grbl/system.o
                0x080209f8                help_rtc
 .text.help_pins
                0x08020a28       0x18 ./grbl/system.o
                0x08020a28                help_pins
 .text.help_pin_state
                0x08020a40       0x18 ./grbl/system.o
                0x08020a40                help_pin_state
 .text.help_switches
                0x08020a58       0x60 ./grbl/system.o
                0x08020a58                help_switches
 .text.help_homing
                0x08020ab8       0x44 ./grbl/system.o
                0x08020ab8                help_homing
 .text.jog      0x08020afc       0x22 ./grbl/system.o
 *fill*         0x08020b1e        0x2 
 .text.help_rst
                0x08020b20       0x60 ./grbl/system.o
                0x08020b20                help_rst
 .text.help_spindle
                0x08020b80       0x4c ./grbl/system.o
                0x08020b80                help_spindle
 .text.spindle_reset_data
                0x08020bcc       0x1a ./grbl/system.o
 *fill*         0x08020be6        0x2 
 .text.rtc_action
                0x08020be8       0x28 ./grbl/system.o
 .text.pin_state
                0x08020c10        0x8 ./grbl/system.o
 .text.enumerate_pins
                0x08020c18        0x8 ./grbl/system.o
 .text.enumerate_alarms_grblformatted
                0x08020c20        0xa ./grbl/system.o
 .text.enumerate_alarms
                0x08020c2a        0xa ./grbl/system.o
 .text.enumerate_errors_grblformatted
                0x08020c34        0xa ./grbl/system.o
 .text.enumerate_errors
                0x08020c3e        0xa ./grbl/system.o
 .text.enumerate_groups
                0x08020c48        0xc ./grbl/system.o
 .text.enumerate_all
                0x08020c54       0x24 ./grbl/system.o
 .text.enumerate_settings_halformatted
                0x08020c78       0x10 ./grbl/system.o
 .text.enumerate_settings_grblformatted
                0x08020c88       0x10 ./grbl/system.o
 .text.enumerate_settings
                0x08020c98       0x10 ./grbl/system.o
 .text.set_startup_line
                0x08020ca8       0x48 ./grbl/system.o
 .text.set_startup_line1
                0x08020cf0        0xa ./grbl/system.o
 .text.set_startup_line0
                0x08020cfa        0xa ./grbl/system.o
 .text.output_startup_lines
                0x08020d04       0x48 ./grbl/system.o
 .text.settings_reset
                0x08020d4c       0x64 ./grbl/system.o
 .text.output_all_build_info
                0x08020db0       0x1a ./grbl/system.o
 .text.build_info
                0x08020dca       0x42 ./grbl/system.o
 .text.tool_probe_workpiece
                0x08020e0c        0x8 ./grbl/system.o
 .text.enumerate_spindles_mr
                0x08020e14        0xa ./grbl/system.o
 .text.enumerate_spindles
                0x08020e1e        0xa ./grbl/system.o
 .text.output_help
                0x08020e28        0xa ./grbl/system.o
 *fill*         0x08020e32        0x2 
 .text.check_mode
                0x08020e34       0x34 ./grbl/system.o
 .text.disable_lock
                0x08020e68       0x94 ./grbl/system.o
 .text.read_int
                0x08020efc       0x4c ./grbl/system.o
 .text.output_setting_description
                0x08020f48       0x2a ./grbl/system.o
 .text.output_all_settings
                0x08020f72       0x3e ./grbl/system.o
 .text.output_settings
                0x08020fb0       0x3e ./grbl/system.o
 .text.output_ngc_parameters
                0x08020fee       0x32 ./grbl/system.o
 .text.system_init_switches
                0x08021020       0x38 ./grbl/system.o
                0x08021020                system_init_switches
 .text.control_interrupt_handler
                0x08021058      0x1c0 ./grbl/system.o
                0x08021058                control_interrupt_handler
 .text.system_execute_startup
                0x08021218       0x4c ./grbl/system.o
                0x08021218                system_execute_startup
 .text.go_home  0x08021264      0x100 ./grbl/system.o
 .text.home_z   0x08021364        0xc ./grbl/system.o
 .text.home_y   0x08021370        0xc ./grbl/system.o
 .text.home_x   0x0802137c        0xc ./grbl/system.o
 .text.home     0x08021388        0xc ./grbl/system.o
 .text._system_output_help
                0x08021394       0x98 ./grbl/system.o
                0x08021394                _system_output_help
 .text.system_command_help
                0x0802142c       0x24 ./grbl/system.o
                0x0802142c                system_command_help
 .text.system_execute_line
                0x08021450      0x22c ./grbl/system.o
                0x08021450                system_execute_line
 .text.system_convert_array_steps_to_mpos
                0x0802167c       0x3c ./grbl/system.o
                0x0802167c                system_convert_array_steps_to_mpos
 .text.system_xy_at_fixture
                0x080216b8       0x70 ./grbl/system.o