Archive member included to satisfy reference by file (symbol)

C:/ST/STM32CubeIDE_1.15.1/STM32CubeIDE/plugins/com.st.stm32cube.ide.mcu.externaltools.gnu-tools-for-stm32.12.3.rel1.win32_1.0.100.202403111256/tools/bin/../lib/gcc/arm-none-eabi/12.3.1/../../../../arm-none-eabi/lib/thumb/v7e-m+fp/hard\libc_nano.a(libc_a-assert.o)
                              ./grbl/settings.o (__assert_func)
C:/ST/STM32CubeIDE_1.15.1/STM32CubeIDE/plugins/com.st.stm32cube.ide.mcu.externaltools.gnu-tools-for-stm32.12.3.rel1.win32_1.0.100.202403111256/tools/bin/../lib/gcc/arm-none-eabi/12.3.1/../../../../arm-none-eabi/lib/thumb/v7e-m+fp/hard\libc_nano.a(libc_a-atoi.o)
                              ./lwip/src/core/netif.o (atoi)
C:/ST/STM32CubeIDE_1.15.1/STM32CubeIDE/plugins/com.st.stm32cube.ide.mcu.externaltools.gnu-tools-for-stm32.12.3.rel1.win32_1.0.100.202403111256/tools/bin/../lib/gcc/arm-none-eabi/12.3.1/../../../../arm-none-eabi/lib/thumb/v7e-m+fp/hard\libc_nano.a(libc_a-calloc.o)
                              ./grbl/report.o (calloc)
C:/ST/STM32CubeIDE_1.15.1/STM32CubeIDE/plugins/com.st.stm32cube.ide.mcu.externaltools.gnu-tools-for-stm32.12.3.rel1.win32_1.0.100.202403111256/tools/bin/../lib/gcc/arm-none-eabi/12.3.1/../../../../arm-none-eabi/lib/thumb/v7e-m+fp/hard\libc_nano.a(libc_a-callocr.o)
                              C:/ST/STM32CubeIDE_1.15.1/STM32CubeIDE/plugins/com.st.stm32cube.ide.mcu.externaltools.gnu-tools-for-stm32.12.3.rel1.win32_1.0.100.202403111256/tools/bin/../lib/gcc/arm-none-eabi/12.3.1/../../../../arm-none-eabi/lib/thumb/v7e-m+fp/hard\libc_nano.a(libc_a-calloc.o) (_calloc_r)
C:/ST/STM32CubeIDE_1.15.1/STM32CubeIDE/plugins/com.st.stm32cube.ide.mcu.externaltools.gnu-tools-for-stm32.12.3.rel1.win32_1.0.100.202403111256/tools/bin/../lib/gcc/arm-none-eabi/12.3.1/../../../../arm-none-eabi/lib/thumb/v7e-m+fp/hard\libc_nano.a(libc_a-exit.o)
                              C:/ST/STM32CubeIDE_1.15.1/STM32CubeIDE/plugins/com.st.stm32cube.ide.mcu.externaltools.gnu-tools-for-stm32.12.3.rel1.win32_1.0.100.202403111256/tools/bin/../lib/gcc/arm-none-eabi/12.3.1/../../../../arm-none-eabi/lib/thumb/v7e-m+fp/hard/crt0.o (exit)
C:/ST/STM32CubeIDE_1.15.1/STM32CubeIDE/plugins/com.st.stm32cube.ide.mcu.externaltools.gnu-tools-for-stm32.12.3.rel1.win32_1.0.100.202403111256/tools/bin/../lib/gcc/arm-none-eabi/12.3.1/../../../../arm-none-eabi/lib/thumb/v7e-m+fp/hard\libc_nano.a(libc_a-itoa.o)
                              ./networking/urlencode.o (itoa)
C:/ST/STM32CubeIDE_1.15.1/STM32CubeIDE/plugins/com.st.stm32cube.ide.mcu.externaltools.gnu-tools-for-stm32.12.3.rel1.win32_1.0.100.202403111256/tools/bin/../lib/gcc/arm-none-eabi/12.3.1/../../../../arm-none-eabi/lib/thumb/v7e-m+fp/hard\libc_nano.a(libc_a-malloc.o)
                              ./Middlewares/ST/STM32_USB_Device_Library/Class/CDC/Src/usbd_cdc.o (malloc)
C:/ST/STM32CubeIDE_1.15.1/STM32CubeIDE/plugins/com.st.stm32cube.ide.mcu.externaltools.gnu-tools-for-stm32.12.3.rel1.win32_1.0.100.202403111256/tools/bin/../lib/gcc/arm-none-eabi/12.3.1/../../../../arm-none-eabi/lib/thumb/v7e-m+fp/hard\libc_nano.a(libc_a-mallocr.o)
                              C:/ST/STM32CubeIDE_1.15.1/STM32CubeIDE/plugins/com.st.stm32cube.ide.mcu.externaltools.gnu-tools-for-stm32.12.3.rel1.win32_1.0.100.202403111256/tools/bin/../lib/gcc/arm-none-eabi/12.3.1/../../../../arm-none-eabi/lib/thumb/v7e-m+fp/hard\libc_nano.a(libc_a-callocr.o) (_malloc_r)
C:/ST/STM32CubeIDE_1.15.1/STM32CubeIDE/plugins/com.st.stm32cube.ide.mcu.externaltools.gnu-tools-for-stm32.12.3.rel1.win32_1.0.100.202403111256/tools/bin/../lib/gcc/arm-none-eabi/12.3.1/../../../../arm-none-eabi/lib/thumb/v7e-m+fp/hard\libc_nano.a(libc_a-mlock.o)
                              C:/ST/STM32CubeIDE_1.15.1/STM32CubeIDE/plugins/com.st.stm32cube.ide.mcu.externaltools.gnu-tools-for-stm32.12.3.rel1.win32_1.0.100.202403111256/tools/bin/../lib/gcc/arm-none-eabi/12.3.1/../../../../arm-none-eabi/lib/thumb/v7e-m+fp/hard\libc_nano.a(libc_a-mallocr.o) (__malloc_lock)
C:/ST/STM32CubeIDE_1.15.1/STM32CubeIDE/plugins/com.st.stm32cube.ide.mcu.externaltools.gnu-tools-for-stm32.12.3.rel1.win32_1.0.100.202403111256/tools/bin/../lib/gcc/arm-none-eabi/12.3.1/../../../../arm-none-eabi/lib/thumb/v7e-m+fp/hard\libc_nano.a(libc_a-mstats.o)
                              ./Src/driver.o (mallinfo)
C:/ST/STM32CubeIDE_1.15.1/STM32CubeIDE/plugins/com.st.stm32cube.ide.mcu.externaltools.gnu-tools-for-stm32.12.3.rel1.win32_1.0.100.202403111256/tools/bin/../lib/gcc/arm-none-eabi/12.3.1/../../../../arm-none-eabi/lib/thumb/v7e-m+fp/hard\libc_nano.a(libc_a-rand.o)
                              ./lwip/src/core/dns.o (rand)
C:/ST/STM32CubeIDE_1.15.1/STM32CubeIDE/plugins/com.st.stm32cube.ide.mcu.externaltools.gnu-tools-for-stm32.12.3.rel1.win32_1.0.100.202403111256/tools/bin/../lib/gcc/arm-none-eabi/12.3.1/../../../../arm-none-eabi/lib/thumb/v7e-m+fp/hard\libc_nano.a(libc_a-realloc.o)
                              ./networking/cJSON.o (realloc)
[...]
Memory Configuration

Name             Origin             Length             Attributes
RAM              0x20000000         0x00010000         xrw
BOOT_FLASH       0x08000000         0x00004000         xr
EEPROM_EMUL      0x08004000         0x00004000         xrw
FLASH            0x08008000         0x00038000         xr
*default*        0x00000000         0xffffffff

Linker script and memory map

LOAD C:/ST/STM32CubeIDE_1.15.1/STM32CubeIDE/plugins/com.st.stm32cube.ide.mcu.externaltools.gnu-tools-for-stm32.12.3.rel1.win32_1.0.100.202403111256/tools/bin/../lib/gcc/arm-none-eabi/12.3.1/thumb/v7e-m+fp/hard/crti.o
LOAD C:/ST/STM32CubeIDE_1.15.1/STM32CubeIDE/plugins/com.st.stm32cube.ide.mcu.externaltools.gnu-tools-for-stm32.12.3.rel1.win32_1.0.100.202403111256/tools/bin/../lib/gcc/arm-none-eabi/12.3.1/thumb/v7e-m+fp/hard/crtbegin.o
LOAD C:/ST/STM32CubeIDE_1.15.1/STM32CubeIDE/plugins/com.st.stm32cube.ide.mcu.externaltools.gnu-tools-for-stm32.12.3.rel1.win32_1.0.100.202403111256/tools/bin/../lib/gcc/arm-none-eabi/12.3.1/../../../../arm-none-eabi/lib/thumb/v7e-m+fp/hard/crt0.o
LOAD ./Drivers/FATFS/App/fatfs.o
LOAD ./Drivers/FATFS/Target/bsp_driver_sd.o
LOAD ./Drivers/FATFS/Target/sd_diskio.o
LOAD ./Drivers/STM32F4xx_HAL_Driver/Src/stm32f4xx_hal.o
LOAD ./Drivers/STM32F4xx_HAL_Driver/Src/stm32f4xx_hal_adc.o
LOAD ./Drivers/STM32F4xx_HAL_Driver/Src/stm32f4xx_hal_adc_ex.o
LOAD ./Drivers/STM32F4xx_HAL_Driver/Src/stm32f4xx_hal_can.o
LOAD ./Drivers/STM32F4xx_HAL_Driver/Src/stm32f4xx_hal_cortex.o
LOAD ./Drivers/STM32F4xx_HAL_Driver/Src/stm32f4xx_hal_dac.o
LOAD ./Drivers/STM32F4xx_HAL_Driver/Src/stm32f4xx_hal_dac_ex.o
LOAD ./Drivers/STM32F4xx_HAL_Driver/Src/stm32f4xx_hal_dma.o
LOAD ./Drivers/STM32F4xx_HAL_Driver/Src/stm32f4xx_hal_dma_ex.o
LOAD ./Drivers/STM32F4xx_HAL_Driver/Src/stm32f4xx_hal_exti.o
LOAD ./Drivers/STM32F4xx_HAL_Driver/Src/stm32f4xx_hal_flash.o
LOAD ./Drivers/STM32F4xx_HAL_Driver/Src/stm32f4xx_hal_flash_ex.o
LOAD ./Drivers/STM32F4xx_HAL_Driver/Src/stm32f4xx_hal_flash_ramfunc.o
LOAD ./Drivers/STM32F4xx_HAL_Driver/Src/stm32f4xx_hal_fmpi2c.o
LOAD ./Drivers/STM32F4xx_HAL_Driver/Src/stm32f4xx_hal_fmpi2c_ex.o
LOAD ./Drivers/STM32F4xx_HAL_Driver/Src/stm32f4xx_hal_gpio.o
LOAD ./Drivers/STM32F4xx_HAL_Driver/Src/stm32f4xx_hal_i2c.o
LOAD ./Drivers/STM32F4xx_HAL_Driver/Src/stm32f4xx_hal_i2c_ex.o
LOAD ./Drivers/STM32F4xx_HAL_Driver/Src/stm32f4xx_hal_i2s.o
LOAD ./Drivers/STM32F4xx_HAL_Driver/Src/stm32f4xx_hal_i2s_ex.o
LOAD ./Drivers/STM32F4xx_HAL_Driver/Src/stm32f4xx_hal_pcd.o
LOAD ./Drivers/STM32F4xx_HAL_Driver/Src/stm32f4xx_hal_pcd_ex.o
LOAD ./Drivers/STM32F4xx_HAL_Driver/Src/stm32f4xx_hal_pwr.o
LOAD ./Drivers/STM32F4xx_HAL_Driver/Src/stm32f4xx_hal_pwr_ex.o
LOAD ./Drivers/STM32F4xx_HAL_Driver/Src/stm32f4xx_hal_rcc.o
LOAD ./Drivers/STM32F4xx_HAL_Driver/Src/stm32f4xx_hal_rcc_ex.o
LOAD ./Drivers/STM32F4xx_HAL_Driver/Src/stm32f4xx_hal_rtc.o
LOAD ./Drivers/STM32F4xx_HAL_Driver/Src/stm32f4xx_hal_rtc_ex.o
LOAD ./Drivers/STM32F4xx_HAL_Driver/Src/stm32f4xx_hal_sd.o
LOAD ./Drivers/STM32F4xx_HAL_Driver/Src/stm32f4xx_hal_spi.o
LOAD ./Drivers/STM32F4xx_HAL_Driver/Src/stm32f4xx_hal_tim.o
LOAD ./Drivers/STM32F4xx_HAL_Driver/Src/stm32f4xx_hal_tim_ex.o
LOAD ./Drivers/STM32F4xx_HAL_Driver/Src/stm32f4xx_hal_uart.o
LOAD ./Drivers/STM32F4xx_HAL_Driver/Src/stm32f4xx_ll_sdmmc.o
LOAD ./Drivers/STM32F4xx_HAL_Driver/Src/stm32f4xx_ll_usb.o
LOAD ./FatFs/STM/diskio.o
LOAD ./FatFs/STM/ff_gen_drv.o
LOAD ./FatFs/ff.o
LOAD ./FatFs/ffsystem.o
LOAD ./FatFs/ffunicode.o
LOAD ./Middlewares/ST/STM32_USB_Device_Library/Class/CDC/Src/usbd_cdc.o
LOAD ./Middlewares/ST/STM32_USB_Device_Library/Core/Src/usbd_core.o
LOAD ./Middlewares/ST/STM32_USB_Device_Library/Core/Src/usbd_ctlreq.o
LOAD ./Middlewares/ST/STM32_USB_Device_Library/Core/Src/usbd_ioreq.o
LOAD ./Src/MCP3221.o
LOAD ./Src/Modbus.o
LOAD ./Src/can.o
LOAD ./Src/diskio.o
LOAD ./Src/driver.o
LOAD ./Src/driver_spindles.o
LOAD ./Src/flash.o
LOAD ./Src/i2c.o
LOAD ./Src/ioports.o
LOAD ./Src/ioports_analog.o
LOAD ./Src/main.o
LOAD ./Src/my_plugin.o
LOAD ./Src/neopixel_gpo.o
LOAD ./Src/neopixel_spi.o
LOAD ./Src/pwm.o
LOAD ./Src/serial.o
LOAD ./Src/spi.o
LOAD ./Src/stm32f4xx_hal_msp.o
LOAD ./Src/stm32f4xx_it.o
LOAD ./Src/syscalls.o
LOAD ./Src/sysmem.o
LOAD ./Src/system_stm32f4xx.o
LOAD ./Src/tmc_spi.o
LOAD ./Src/tmc_uart.o
LOAD ./Src/usb_serial.o
LOAD ./Src/w5x00_ll_driver.o
LOAD ./Startup/startup_stm32f401ccux.o
LOAD ./USB_DEVICE/App/usb_device.o
LOAD ./USB_DEVICE/App/usbd_cdc_if.o
LOAD ./USB_DEVICE/App/usbd_desc.o
LOAD ./USB_DEVICE/Target/usbd_conf.o
LOAD ./bluetooth/hc_05.o
LOAD ./boards/Devtronic_CNC_Controller.o
LOAD ./boards/btt_skr_2.0.o
LOAD ./boards/flexi_hal.o
LOAD ./boards/longboard32.o
LOAD ./boards/st_morpho.o
LOAD ./boards/st_morpo_dac.o
LOAD ./eeprom/eeprom_24AAxxx.o
LOAD ./eeprom/eeprom_24LC16B.o
LOAD ./embroidery/brother.o
LOAD ./embroidery/embroidery.o
LOAD ./embroidery/tajima.o
LOAD ./encoder/encoder.o
LOAD ./fans/fans.o
LOAD ./grbl/alarms.o
LOAD ./grbl/canbus.o
LOAD ./grbl/coolant_control.o
LOAD ./grbl/crossbar.o
LOAD ./grbl/errors.o
LOAD ./grbl/gcode.o
LOAD ./grbl/grbllib.o
LOAD ./grbl/ioports.o
LOAD ./grbl/machine_limits.o
LOAD ./grbl/messages.o
LOAD ./grbl/modbus.o
LOAD ./grbl/motion_control.o
LOAD ./grbl/my_plugin.o
LOAD ./grbl/ngc_expr.o
LOAD ./grbl/ngc_flowctrl.o
LOAD ./grbl/ngc_params.o
LOAD ./grbl/nuts_bolts.o
LOAD ./grbl/nvs_buffer.o
LOAD ./grbl/override.o
LOAD ./grbl/pid.o
LOAD ./grbl/planner.o
LOAD ./grbl/protocol.o
LOAD ./grbl/regex.o
LOAD ./grbl/report.o
LOAD ./grbl/settings.o
LOAD ./grbl/sleep.o
LOAD ./grbl/spindle_control.o
LOAD ./grbl/state_machine.o
LOAD ./grbl/stepper.o
LOAD ./grbl/stepper2.o
LOAD ./grbl/stream.o
LOAD ./grbl/system.o
LOAD ./grbl/tool_change.o
LOAD ./grbl/vfs.o
LOAD ./grbl/kinematics/corexy.o
LOAD ./grbl/kinematics/delta.o
LOAD ./grbl/kinematics/maslow.o
LOAD ./grbl/kinematics/polar.o
LOAD ./grbl/kinematics/wall_plotter.o
LOAD ./keypad/display/i2c_interface.o
LOAD ./keypad/display/i2c_leds.o
LOAD ./keypad/keypad.o
LOAD ./keypad/macros.o
LOAD ./laser/coolant.o
LOAD ./laser/lb_clusters.o
LOAD ./laser/ppi.o
LOAD ./lwip/src/api/api_lib.o
LOAD ./lwip/src/api/api_msg.o
LOAD ./lwip/src/api/err.o
LOAD ./lwip/src/api/if_api.o
LOAD ./lwip/src/api/netbuf.o
LOAD ./lwip/src/api/netdb.o
LOAD ./lwip/src/api/netifapi.o
LOAD ./lwip/src/api/sockets.o
LOAD ./lwip/src/api/tcpip.o
LOAD ./lwip/src/apps/altcp_tls/altcp_tls_mbedtls.o
LOAD ./lwip/src/apps/altcp_tls/altcp_tls_mbedtls_mem.o
LOAD ./lwip/src/apps/mdns/mdns.o
LOAD ./lwip/src/apps/mqtt/mqtt.o
LOAD ./lwip/src/core/altcp.o
LOAD ./lwip/src/core/altcp_alloc.o
LOAD ./lwip/src/core/altcp_tcp.o
LOAD ./lwip/src/core/def.o
LOAD ./lwip/src/core/dns.o
LOAD ./lwip/src/core/inet_chksum.o
LOAD ./lwip/src/core/init.o
LOAD ./lwip/src/core/ip.o
LOAD ./lwip/src/core/mem.o
LOAD ./lwip/src/core/memp.o
LOAD ./lwip/src/core/netif.o
LOAD ./lwip/src/core/pbuf.o
LOAD ./lwip/src/core/raw.o
LOAD ./lwip/src/core/stats.o
LOAD ./lwip/src/core/sys.o
LOAD ./lwip/src/core/tcp.o
LOAD ./lwip/src/core/tcp_in.o
LOAD ./lwip/src/core/tcp_out.o
LOAD ./lwip/src/core/timeouts.o
LOAD ./lwip/src/core/udp.o
LOAD ./lwip/src/core/ipv4/autoip.o
LOAD ./lwip/src/core/ipv4/dhcp.o
LOAD ./lwip/src/core/ipv4/etharp.o
LOAD ./lwip/src/core/ipv4/icmp.o
LOAD ./lwip/src/core/ipv4/igmp.o
LOAD ./lwip/src/core/ipv4/ip4.o
LOAD ./lwip/src/core/ipv4/ip4_addr.o
LOAD ./lwip/src/core/ipv4/ip4_frag.o
LOAD ./lwip/src/core/ipv6/dhcp6.o
LOAD ./lwip/src/core/ipv6/ethip6.o
LOAD ./lwip/src/core/ipv6/icmp6.o
LOAD ./lwip/src/core/ipv6/inet6.o
LOAD ./lwip/src/core/ipv6/ip6.o
LOAD ./lwip/src/core/ipv6/ip6_addr.o
LOAD ./lwip/src/core/ipv6/ip6_frag.o
LOAD ./lwip/src/core/ipv6/mld6.o
LOAD ./lwip/src/core/ipv6/nd6.o
LOAD ./lwip/src/netif/bridgeif.o
LOAD ./lwip/src/netif/bridgeif_fdb.o
LOAD ./lwip/src/netif/ethernet.o
LOAD ./lwip/src/netif/lowpan6.o
LOAD ./lwip/src/netif/lowpan6_ble.o
LOAD ./lwip/src/netif/lowpan6_common.o
LOAD ./lwip/src/netif/slipif.o
LOAD ./lwip/src/netif/zepif.o
LOAD ./lwip/src/netif/ppp/auth.o
LOAD ./lwip/src/netif/ppp/ccp.o
LOAD ./lwip/src/netif/ppp/chap-md5.o
LOAD ./lwip/src/netif/ppp/chap-new.o
LOAD ./lwip/src/netif/ppp/chap_ms.o
LOAD ./lwip/src/netif/ppp/demand.o
LOAD ./lwip/src/netif/ppp/eap.o
LOAD ./lwip/src/netif/ppp/ecp.o
LOAD ./lwip/src/netif/ppp/eui64.o
LOAD ./lwip/src/netif/ppp/fsm.o
LOAD ./lwip/src/netif/ppp/ipcp.o
LOAD ./lwip/src/netif/ppp/ipv6cp.o
LOAD ./lwip/src/netif/ppp/lcp.o
LOAD ./lwip/src/netif/ppp/magic.o
LOAD ./lwip/src/netif/ppp/mppe.o
LOAD ./lwip/src/netif/ppp/multilink.o
LOAD ./lwip/src/netif/ppp/ppp.o
LOAD ./lwip/src/netif/ppp/pppapi.o
LOAD ./lwip/src/netif/ppp/pppcrypt.o
LOAD ./lwip/src/netif/ppp/pppoe.o
LOAD ./lwip/src/netif/ppp/pppol2tp.o
LOAD ./lwip/src/netif/ppp/pppos.o
LOAD ./lwip/src/netif/ppp/upap.o
LOAD ./lwip/src/netif/ppp/utils.o
LOAD ./lwip/src/netif/ppp/vj.o
LOAD ./lwip/src/netif/ppp/polarssl/arc4.o
LOAD ./lwip/src/netif/ppp/polarssl/des.o
LOAD ./lwip/src/netif/ppp/polarssl/md4.o
LOAD ./lwip/src/netif/ppp/polarssl/md5.o
LOAD ./lwip/src/netif/ppp/polarssl/sha1.o
LOAD ./motors/trinamic.o
LOAD ./networking/base64.o
LOAD ./networking/cJSON.o
LOAD ./networking/fs_ram.o
LOAD ./networking/fs_stream.o
LOAD ./networking/ftpd.o
LOAD ./networking/http_upload.o
LOAD ./networking/httpd.o
LOAD ./networking/mqtt.o
LOAD ./networking/multipartparser.o
LOAD ./networking/networking.o
LOAD ./networking/sfifo.o
LOAD ./networking/sha1.o
LOAD ./networking/ssdp.o
LOAD ./networking/strutils.o
LOAD ./networking/telnetd.o
LOAD ./networking/urldecode.o
LOAD ./networking/urlencode.o
LOAD ./networking/utils.o
LOAD ./networking/webdav.o
LOAD ./networking/websocketd.o
LOAD ./networking/modbus/client.o
LOAD ./networking/wiznet/W5100S/w5100s.o
LOAD ./networking/wiznet/W5500/w5500.o
LOAD ./networking/wiznet/arch/checksum.o
LOAD ./networking/wiznet/arch/memcpy.o
LOAD ./networking/wiznet/arch/sys_arch.o
LOAD ./networking/wiznet/enet.o
LOAD ./networking/wiznet/socket.o
LOAD ./networking/wiznet/wizchip_conf.o
LOAD ./networking/wiznet/port/w5x00_lwip.o
LOAD ./odometer/odometer.o
LOAD ./plasma/thc.o
LOAD ./sdcard/fs_fatfs.o
LOAD ./sdcard/fs_littlefs.o
LOAD ./sdcard/macros.o
LOAD ./sdcard/sdcard.o
LOAD ./sdcard/ymodem.o
LOAD ./spindle/modbus_rtu.o
LOAD ./spindle/onoff.o
LOAD ./spindle/pwm.o
LOAD ./spindle/pwm_clone.o
LOAD ./spindle/select.o
LOAD ./spindle/stepper.o
LOAD ./spindle/vfd/gs20.o
LOAD ./spindle/vfd/h100.o
LOAD ./spindle/vfd/huanyang.o
LOAD ./spindle/vfd/huanyang2.o
LOAD ./spindle/vfd/modvfd.o
LOAD ./spindle/vfd/nowforever.o
LOAD ./spindle/vfd/spindle.o
LOAD ./spindle/vfd/yl620.o
LOAD ./trinamic/common.o
LOAD ./trinamic/tmc2130.o
LOAD ./trinamic/tmc2130hal.o
LOAD ./trinamic/tmc2209.o
LOAD ./trinamic/tmc2209hal.o
LOAD ./trinamic/tmc2660.o
LOAD ./trinamic/tmc2660hal.o
LOAD ./trinamic/tmc26x.o
LOAD ./trinamic/tmc5160.o
LOAD ./trinamic/tmc5160hal.o
LOAD ./trinamic/tmc_interface.o
START GROUP
LOAD C:/ST/STM32CubeIDE_1.15.1/STM32CubeIDE/plugins/com.st.stm32cube.ide.mcu.externaltools.gnu-tools-for-stm32.12.3.rel1.win32_1.0.100.202403111256/tools/bin/../lib/gcc/arm-none-eabi/12.3.1/../../../../arm-none-eabi/lib/thumb/v7e-m+fp/hard\libc_nano.a
LOAD C:/ST/STM32CubeIDE_1.15.1/STM32CubeIDE/plugins/com.st.stm32cube.ide.mcu.externaltools.gnu-tools-for-stm32.12.3.rel1.win32_1.0.100.202403111256/tools/bin/../lib/gcc/arm-none-eabi/12.3.1/../../../../arm-none-eabi/lib/thumb/v7e-m+fp/hard\libm.a
END GROUP
START GROUP
LOAD C:/ST/STM32CubeIDE_1.15.1/STM32CubeIDE/plugins/com.st.stm32cube.ide.mcu.externaltools.gnu-tools-for-stm32.12.3.rel1.win32_1.0.100.202403111256/tools/bin/../lib/gcc/arm-none-eabi/12.3.1/thumb/v7e-m+fp/hard\libgcc.a
LOAD C:/ST/STM32CubeIDE_1.15.1/STM32CubeIDE/plugins/com.st.stm32cube.ide.mcu.externaltools.gnu-tools-for-stm32.12.3.rel1.win32_1.0.100.202403111256/tools/bin/../lib/gcc/arm-none-eabi/12.3.1/../../../../arm-none-eabi/lib/thumb/v7e-m+fp/hard\libc_nano.a
END GROUP
START GROUP
LOAD C:/ST/STM32CubeIDE_1.15.1/STM32CubeIDE/plugins/com.st.stm32cube.ide.mcu.externaltools.gnu-tools-for-stm32.12.3.rel1.win32_1.0.100.202403111256/tools/bin/../lib/gcc/arm-none-eabi/12.3.1/thumb/v7e-m+fp/hard\libgcc.a
LOAD C:/ST/STM32CubeIDE_1.15.1/STM32CubeIDE/plugins/com.st.stm32cube.ide.mcu.externaltools.gnu-tools-for-stm32.12.3.rel1.win32_1.0.100.202403111256/tools/bin/../lib/gcc/arm-none-eabi/12.3.1/../../../../arm-none-eabi/lib/thumb/v7e-m+fp/hard\libc_nano.a
LOAD C:/ST/STM32CubeIDE_1.15.1/STM32CubeIDE/plugins/com.st.stm32cube.ide.mcu.externaltools.gnu-tools-for-stm32.12.3.rel1.win32_1.0.100.202403111256/tools/bin/../lib/gcc/arm-none-eabi/12.3.1/../../../../arm-none-eabi/lib/thumb/v7e-m+fp/hard\libnosys.a
END GROUP
START GROUP
LOAD C:/ST/STM32CubeIDE_1.15.1/STM32CubeIDE/plugins/com.st.stm32cube.ide.mcu.externaltools.gnu-tools-for-stm32.12.3.rel1.win32_1.0.100.202403111256/tools/bin/../lib/gcc/arm-none-eabi/12.3.1/thumb/v7e-m+fp/hard\libgcc.a
LOAD C:/ST/STM32CubeIDE_1.15.1/STM32CubeIDE/plugins/com.st.stm32cube.ide.mcu.externaltools.gnu-tools-for-stm32.12.3.rel1.win32_1.0.100.202403111256/tools/bin/../lib/gcc/arm-none-eabi/12.3.1/../../../../arm-none-eabi/lib/thumb/v7e-m+fp/hard\libc_nano.a
LOAD C:/ST/STM32CubeIDE_1.15.1/STM32CubeIDE/plugins/com.st.stm32cube.ide.mcu.externaltools.gnu-tools-for-stm32.12.3.rel1.win32_1.0.100.202403111256/tools/bin/../lib/gcc/arm-none-eabi/12.3.1/../../../../arm-none-eabi/lib/thumb/v7e-m+fp/hard\libnosys.a
END GROUP
LOAD C:/ST/STM32CubeIDE_1.15.1/STM32CubeIDE/plugins/com.st.stm32cube.ide.mcu.externaltools.gnu-tools-for-stm32.12.3.rel1.win32_1.0.100.202403111256/tools/bin/../lib/gcc/arm-none-eabi/12.3.1/thumb/v7e-m+fp/hard/crtend.o
LOAD C:/ST/STM32CubeIDE_1.15.1/STM32CubeIDE/plugins/com.st.stm32cube.ide.mcu.externaltools.gnu-tools-for-stm32.12.3.rel1.win32_1.0.100.202403111256/tools/bin/../lib/gcc/arm-none-eabi/12.3.1/thumb/v7e-m+fp/hard/crtn.o
                0x20010000                        _estack = (ORIGIN (RAM) + LENGTH (RAM))
                0x00002000                        _Min_Heap_Size = 0x2000
                0x00000400                        _Min_Stack_Size = 0x400
                0x08004000                        _EEPROM_Emul_Start = ORIGIN (EEPROM_EMUL)
                0x00000001                        _EEPROM_Emul_Sector = 0x1

.isr_vector     0x08000000      0x194
                0x08000000                        . = ALIGN (0x4)
 *(.isr_vector)
 .isr_vector    0x08000000      0x194 ./Startup/startup_stm32f401ccux.o
                0x08000000                g_pfnVectors
                0x08000194                        . = ALIGN (0x4)

.text           0x08008000    0x21194
                0x08008000                        . = ALIGN (0x4)
 *(.text)
 .text          0x08008000       0x40 C:/ST/STM32CubeIDE_1.15.1/STM32CubeIDE/plugins/com.st.stm32cube.ide.mcu.externaltools.gnu-tools-for-stm32.12.3.rel1.win32_1.0.100.202403111256/tools/bin/../lib/gcc/arm-none-eabi/12.3.1/thumb/v7e-m+fp/hard/crtbegin.o
 .text          0x08008040       0x14 C:/ST/STM32CubeIDE_1.15.1/STM32CubeIDE/plugins/com.st.stm32cube.ide.mcu.externaltools.gnu-tools-for-stm32.12.3.rel1.win32_1.0.100.202403111256/tools/bin/../lib/gcc/arm-none-eabi/12.3.1/../../../../arm-none-eabi/lib/thumb/v7e-m+fp/hard\libc_nano.a(libc_a-strcmp.o)
                0x08008040                strcmp
 *fill*         0x08008054        0xc 
 .text          0x08008060       0xa0 C:/ST/STM32CubeIDE_1.15.1/STM32CubeIDE/plugins/com.st.stm32cube.ide.mcu.externaltools.gnu-tools-for-stm32.12.3.rel1.win32_1.0.100.202403111256/tools/bin/../lib/gcc/arm-none-eabi/12.3.1/../../../../arm-none-eabi/lib/thumb/v7e-m+fp/hard\libc_nano.a(libc_a-memchr.o)
                0x08008060                memchr
 .text          0x08008100       0x10 C:/ST/STM32CubeIDE_1.15.1/STM32CubeIDE/plugins/com.st.stm32cube.ide.mcu.externaltools.gnu-tools-for-stm32.12.3.rel1.win32_1.0.100.202403111256/tools/bin/../lib/gcc/arm-none-eabi/12.3.1/../../../../arm-none-eabi/lib/thumb/v7e-m+fp/hard\libc_nano.a(libc_a-strlen.o)
                0x08008100                strlen
 .text          0x08008110      0x378 C:/ST/STM32CubeIDE_1.15.1/STM32CubeIDE/plugins/com.st.stm32cube.ide.mcu.externaltools.gnu-tools-for-stm32.12.3.rel1.win32_1.0.100.202403111256/tools/bin/../lib/gcc/arm-none-eabi/12.3.1/thumb/v7e-m+fp/hard\libgcc.a(_arm_addsubdf3.o)
                0x08008110                __aeabi_drsub
                0x08008118                __aeabi_dsub
                0x08008118                __subdf3
                0x0800811c                __aeabi_dadd
                0x0800811c                __adddf3
                0x08008394                __floatunsidf
                0x08008394                __aeabi_ui2d
                0x080083b4                __floatsidf
                0x080083b4                __aeabi_i2d
                0x080083d8                __aeabi_f2d
                0x080083d8                __extendsfdf2
                0x0800841c                __floatundidf
                0x0800841c                __aeabi_ul2d
                0x0800842c                __floatdidf
                0x0800842c                __aeabi_l2d
 .text          0x08008488      0x424 C:/ST/STM32CubeIDE_1.15.1/STM32CubeIDE/plugins/com.st.stm32cube.ide.mcu.externaltools.gnu-tools-for-stm32.12.3.rel1.win32_1.0.100.202403111256/tools/bin/../lib/gcc/arm-none-eabi/12.3.1/thumb/v7e-m+fp/hard\libgcc.a(_arm_muldivdf3.o)
                0x08008488                __aeabi_dmul
                0x08008488                __muldf3
                0x080086dc                __divdf3
                0x080086dc                __aeabi_ddiv
 .text          0x080088ac      0x110 C:/ST/STM32CubeIDE_1.15.1/STM32CubeIDE/plugins/com.st.stm32cube.ide.mcu.externaltools.gnu-tools-for-stm32.12.3.rel1.win32_1.0.100.202403111256/tools/bin/../lib/gcc/arm-none-eabi/12.3.1/thumb/v7e-m+fp/hard\libgcc.a(_arm_cmpdf2.o)
                0x080088ac                __gtdf2
                0x080088ac                __gedf2
                0x080088b4                __ltdf2
                0x080088b4                __ledf2
                0x080088bc                __nedf2
                0x080088bc                __eqdf2
                0x080088bc                __cmpdf2
                0x08008938                __aeabi_cdrcmple
                0x08008948                __aeabi_cdcmpeq
                0x08008948                __aeabi_cdcmple
                0x08008958                __aeabi_dcmpeq
                0x0800896c                __aeabi_dcmplt
                0x08008980                __aeabi_dcmple
                0x08008994                __aeabi_dcmpge
                0x080089a8                __aeabi_dcmpgt
 .text          0x080089bc       0x2c C:/ST/STM32CubeIDE_1.15.1/STM32CubeIDE/plugins/com.st.stm32cube.ide.mcu.externaltools.gnu-tools-for-stm32.12.3.rel1.win32_1.0.100.202403111256/tools/bin/../lib/gcc/arm-none-eabi/12.3.1/thumb/v7e-m+fp/hard\libgcc.a(_arm_unorddf2.o)
                0x080089bc                __unorddf2
                0x080089bc                __aeabi_dcmpun
 .text          0x080089e8       0x50 C:/ST/STM32CubeIDE_1.15.1/STM32CubeIDE/plugins/com.st.stm32cube.ide.mcu.externaltools.gnu-tools-for-stm32.12.3.rel1.win32_1.0.100.202403111256/tools/bin/../lib/gcc/arm-none-eabi/12.3.1/thumb/v7e-m+fp/hard\libgcc.a(_arm_fixdfsi.o)
                0x080089e8                __aeabi_d2iz
                0x080089e8                __fixdfsi
 .text          0x08008a38       0x40 C:/ST/STM32CubeIDE_1.15.1/STM32CubeIDE/plugins/com.st.stm32cube.ide.mcu.externaltools.gnu-tools-for-stm32.12.3.rel1.win32_1.0.100.202403111256/tools/bin/../lib/gcc/arm-none-eabi/12.3.1/thumb/v7e-m+fp/hard\libgcc.a(_arm_fixunsdfsi.o)
                0x08008a38                __aeabi_d2uiz
                0x08008a38                __fixunsdfsi
 .text          0x08008a78       0xa0 C:/ST/STM32CubeIDE_1.15.1/STM32CubeIDE/plugins/com.st.stm32cube.ide.mcu.externaltools.gnu-tools-for-stm32.12.3.rel1.win32_1.0.100.202403111256/tools/bin/../lib/gcc/arm-none-eabi/12.3.1/thumb/v7e-m+fp/hard\libgcc.a(_arm_truncdfsf2.o)
                0x08008a78                __truncdfsf2
                0x08008a78                __aeabi_d2f
 .text          0x08008b18       0x30 C:/ST/STM32CubeIDE_1.15.1/STM32CubeIDE/plugins/com.st.stm32cube.ide.mcu.externaltools.gnu-tools-for-stm32.12.3.rel1.win32_1.0.100.202403111256/tools/bin/../lib/gcc/arm-none-eabi/12.3.1/thumb/v7e-m+fp/hard\libgcc.a(_aeabi_uldivmod.o)
                0x08008b18                __aeabi_uldivmod
 .text          0x08008b48       0x30 C:/ST/STM32CubeIDE_1.15.1/STM32CubeIDE/plugins/com.st.stm32cube.ide.mcu.externaltools.gnu-tools-for-stm32.12.3.rel1.win32_1.0.100.202403111256/tools/bin/../lib/gcc/arm-none-eabi/12.3.1/thumb/v7e-m+fp/hard\libgcc.a(_fixdfdi.o)
                0x08008b48                __fixdfdi
                0x08008b48                __aeabi_d2lz
 .text          0x08008b78       0x3c C:/ST/STM32CubeIDE_1.15.1/STM32CubeIDE/plugins/com.st.stm32cube.ide.mcu.externaltools.gnu-tools-for-stm32.12.3.rel1.win32_1.0.100.202403111256/tools/bin/../lib/gcc/arm-none-eabi/12.3.1/thumb/v7e-m+fp/hard\libgcc.a(_fixunsdfdi.o)
                0x08008b78                __fixunsdfdi
                0x08008b78                __aeabi_d2ulz
 .text          0x08008bb4      0x2bc C:/ST/STM32CubeIDE_1.15.1/STM32CubeIDE/plugins/com.st.stm32cube.ide.mcu.externaltools.gnu-tools-for-stm32.12.3.rel1.win32_1.0.100.202403111256/tools/bin/../lib/gcc/arm-none-eabi/12.3.1/thumb/v7e-m+fp/hard\libgcc.a(_udivmoddi4.o)
                0x08008bb4                __udivmoddi4
 .text          0x08008e70        0x4 C:/ST/STM32CubeIDE_1.15.1/STM32CubeIDE/plugins/com.st.stm32cube.ide.mcu.externaltools.gnu-tools-for-stm32.12.3.rel1.win32_1.0.100.202403111256/tools/bin/../lib/gcc/arm-none-eabi/12.3.1/thumb/v7e-m+fp/hard\libgcc.a(_dvmd_tls.o)
                0x08008e70                __aeabi_idiv0
                0x08008e70                __aeabi_ldiv0
 *(.text*)
 .text.HAL_MspDeInit
                0x08008e74        0x2 ./Drivers/STM32F4xx_HAL_Driver/Src/stm32f4xx_hal.o
                0x08008e74                HAL_MspDeInit
 *fill*         0x08008e76        0x2 
 .text.HAL_DeInit
                0x08008e78       0x2c ./Drivers/STM32F4xx_HAL_Driver/Src/stm32f4xx_hal.o
                0x08008e78                HAL_DeInit
 .text.HAL_InitTick
                0x08008ea4       0x4c ./Drivers/STM32F4xx_HAL_Driver/Src/stm32f4xx_hal.o
                0x08008ea4                HAL_InitTick
 .text.HAL_Init
                0x08008ef0       0x34 ./Drivers/STM32F4xx_HAL_Driver/Src/stm32f4xx_hal.o
                0x08008ef0                HAL_Init
 .text.HAL_IncTick
                0x08008f24       0x18 ./Drivers/STM32F4xx_HAL_Driver/Src/stm32f4xx_hal.o
                0x08008f24                HAL_IncTick
 .text.HAL_GetTick
                0x08008f3c        0xc ./Drivers/STM32F4xx_HAL_Driver/Src/stm32f4xx_hal.o
                0x08008f3c                HAL_GetTick
 .text.__NVIC_DisableIRQ
                0x08008f48       0x24 ./Drivers/STM32F4xx_HAL_Driver/Src/stm32f4xx_hal_cortex.o
 .text.__NVIC_SetPriority
                0x08008f6c       0x28 ./Drivers/STM32F4xx_HAL_Driver/Src/stm32f4xx_hal_cortex.o
 .text.NVIC_EncodePriority
                0x08008f94       0x3e ./Drivers/STM32F4xx_HAL_Driver/Src/stm32f4xx_hal_cortex.o
 *fill*         0x08008fd2        0x2 
 .text.HAL_NVIC_SetPriorityGrouping
                0x08008fd4       0x24 ./Drivers/STM32F4xx_HAL_Driver/Src/stm32f4xx_hal_cortex.o
                0x08008fd4                HAL_NVIC_SetPriorityGrouping
 .text.HAL_NVIC_SetPriority
                0x08008ff8       0x20 ./Drivers/STM32F4xx_HAL_Driver/Src/stm32f4xx_hal_cortex.o
                0x08008ff8                HAL_NVIC_SetPriority
 .text.HAL_NVIC_EnableIRQ
                0x08009018       0x1c ./Drivers/STM32F4xx_HAL_Driver/Src/stm32f4xx_hal_cortex.o
                0x08009018                HAL_NVIC_EnableIRQ
 .text.HAL_NVIC_DisableIRQ
                0x08009034        0x8 ./Drivers/STM32F4xx_HAL_Driver/Src/stm32f4xx_hal_cortex.o
                0x08009034                HAL_NVIC_DisableIRQ
 .text.HAL_SYSTICK_Config
                0x0800903c       0x28 ./Drivers/STM32F4xx_HAL_Driver/Src/stm32f4xx_hal_cortex.o
                0x0800903c                HAL_SYSTICK_Config
 .text.FLASH_Program_DoubleWord
                0x08009064       0x30 ./Drivers/STM32F4xx_HAL_Driver/Src/stm32f4xx_hal_flash.o
 .text.FLASH_Program_Word
                0x08009094       0x24 ./Drivers/STM32F4xx_HAL_Driver/Src/stm32f4xx_hal_flash.o
 .text.FLASH_Program_HalfWord
                0x080090b8       0x24 ./Drivers/STM32F4xx_HAL_Driver/Src/stm32f4xx_hal_flash.o
 .text.FLASH_Program_Byte
                0x080090dc       0x20 ./Drivers/STM32F4xx_HAL_Driver/Src/stm32f4xx_hal_flash.o
 .text.FLASH_SetErrorCode
                0x080090fc       0x8c ./Drivers/STM32F4xx_HAL_Driver/Src/stm32f4xx_hal_flash.o
 .text.HAL_FLASH_Unlock
                0x08009188       0x30 ./Drivers/STM32F4xx_HAL_Driver/Src/stm32f4xx_hal_flash.o
                0x08009188                HAL_FLASH_Unlock
 .text.HAL_FLASH_Lock
                0x080091b8       0x14 ./Drivers/STM32F4xx_HAL_Driver/Src/stm32f4xx_hal_flash.o
                0x080091b8                HAL_FLASH_Lock
 .text.FLASH_WaitForLastOperation
                0x080091cc       0x60 ./Drivers/STM32F4xx_HAL_Driver/Src/stm32f4xx_hal_flash.o
                0x080091cc                FLASH_WaitForLastOperation
 .text.HAL_FLASH_Program
                0x0800922c       0x7c ./Drivers/STM32F4xx_HAL_Driver/Src/stm32f4xx_hal_flash.o
                0x0800922c                HAL_FLASH_Program
 .text.FLASH_MassErase
                0x080092a8       0x24 ./Drivers/STM32F4xx_HAL_Driver/Src/stm32f4xx_hal_flash_ex.o
 .text.FLASH_Erase_Sector
                0x080092cc       0x4c ./Drivers/STM32F4xx_HAL_Driver/Src/stm32f4xx_hal_flash_ex.o
                0x080092cc                FLASH_Erase_Sector
 .text.FLASH_FlushCaches
                0x08009318       0x60 ./Drivers/STM32F4xx_HAL_Driver/Src/stm32f4xx_hal_flash_ex.o
                0x08009318                FLASH_FlushCaches
 .text.HAL_FLASHEx_Erase
                0x08009378       0x94 ./Drivers/STM32F4xx_HAL_Driver/Src/stm32f4xx_hal_flash_ex.o
                0x08009378                HAL_FLASHEx_Erase
 .text.HAL_GPIO_Init
                0x0800940c      0x1d0 ./Drivers/STM32F4xx_HAL_Driver/Src/stm32f4xx_hal_gpio.o
                0x0800940c                HAL_GPIO_Init
 .text.HAL_RCC_OscConfig
                0x080095dc      0x3ec ./Drivers/STM32F4xx_HAL_Driver/Src/stm32f4xx_hal_rcc.o
                0x080095dc                HAL_RCC_OscConfig
 .text.HAL_RCC_GetSysClockFreq
                0x080099c8       0xdc ./Drivers/STM32F4xx_HAL_Driver/Src/stm32f4xx_hal_rcc.o
                0x080099c8                HAL_RCC_GetSysClockFreq
 .text.HAL_RCC_ClockConfig
                0x08009aa4      0x160 ./Drivers/STM32F4xx_HAL_Driver/Src/stm32f4xx_hal_rcc.o
                0x08009aa4                HAL_RCC_ClockConfig
 .text.HAL_RCC_GetHCLKFreq
                0x08009c04        0xc ./Drivers/STM32F4xx_HAL_Driver/Src/stm32f4xx_hal_rcc.o
                0x08009c04                HAL_RCC_GetHCLKFreq
 .text.HAL_RCC_GetPCLK1Freq
                0x08009c10       0x20 ./Drivers/STM32F4xx_HAL_Driver/Src/stm32f4xx_hal_rcc.o
                0x08009c10                HAL_RCC_GetPCLK1Freq
 .text.HAL_RCC_GetPCLK2Freq
                0x08009c30       0x20 ./Drivers/STM32F4xx_HAL_Driver/Src/stm32f4xx_hal_rcc.o
                0x08009c30                HAL_RCC_GetPCLK2Freq
 .text.HAL_RCC_GetClockConfig
                0x08009c50       0x3c ./Drivers/STM32F4xx_HAL_Driver/Src/stm32f4xx_hal_rcc.o
                0x08009c50                HAL_RCC_GetClockConfig
 .text.HAL_RCC_DeInit
                0x08009c8c      0x13c ./Drivers/STM32F4xx_HAL_Driver/Src/stm32f4xx_hal_rcc_ex.o
                0x08009c8c                HAL_RCC_DeInit
 .text.UART_SetConfig
                0x08009dc8      0x178 ./Drivers/STM32F4xx_HAL_Driver/Src/stm32f4xx_hal_uart.o
 .text.HAL_UART_MspInit
                0x08009f40        0x2 ./Drivers/STM32F4xx_HAL_Driver/Src/stm32f4xx_hal_uart.o
                0x08009f40                HAL_UART_MspInit
 .text.HAL_UART_Init
                0x08009f42       0x60 ./Drivers/STM32F4xx_HAL_Driver/Src/stm32f4xx_hal_uart.o
                0x08009f42                HAL_UART_Init
 .text.HAL_UART_Receive_IT
                0x08009fa2       0x66 ./Drivers/STM32F4xx_HAL_Driver/Src/stm32f4xx_hal_uart.o
                0x08009fa2                HAL_UART_Receive_IT
 .text.__enable_irq
                0x0800a008        0x4 ./Src/driver.o
 .text.__disable_irq
                0x0800a00c        0x4 ./Src/driver.o
 .text.motor_iterator
                0x0800a010       0x26 ./Src/driver.o
 *fill*         0x0800a036        0x2 
 .text.aux_ctrl_remap_explicit
                0x0800a038       0x38 ./Src/driver.o
 .text.stepperEnable
                0x0800a070        0x2 ./Src/driver.o
 *fill*         0x0800a072        0x2 
 .text.stepperWakeUp
                0x0800a074       0x3c ./Src/driver.o
 .text.stepperGoIdle
                0x0800a0b0       0x14 ./Src/driver.o
 .text.stepperCyclesPerTick
                0x0800a0c4       0x18 ./Src/driver.o
 .text.stepperPulseStart
                0x0800a0dc       0x78 ./Src/driver.o
 .text.stepperPulseStartDelayed
                0x0800a154       0xa0 ./Src/driver.o
 .text.limitsGetState
                0x0800a1f4       0x84 ./Src/driver.o
 .text.systemGetState
                0x0800a278       0x20 ./Src/driver.o
 .text.coolantSetState
                0x0800a298       0x2c ./Src/driver.o
 .text.coolantGetState
                0x0800a2c4       0x2c ./Src/driver.o
 .text.bitsSetAtomic
                0x0800a2f0        0xc ./Src/driver.o
 .text.bitsClearAtomic
                0x0800a2fc       0x12 ./Src/driver.o
 .text.valueSetAtomic
                0x0800a30e        0xc ./Src/driver.o
 *fill*         0x0800a31a        0x2 
 .text.getElapsedMicros
                0x0800a31c       0x54 ./Src/driver.o
 .text.getElapsedTicks
                0x0800a370        0xc ./Src/driver.o
 .text.port2char
                0x0800a37c       0x70 ./Src/driver.o
 .text.enumeratePins
                0x0800a3ec      0x168 ./Src/driver.o
 .text.setPeriphPinDescription
                0x0800a554       0x40 ./Src/driver.o
                0x0800a554                setPeriphPinDescription
 .text.settings_changed
                0x0800a594      0x750 ./Src/driver.o
                0x0800a594                settings_changed
 .text.registerPeriphPin
                0x0800ace4       0x4c ./Src/driver.o
                0x0800ace4                registerPeriphPin
 .text.driver_setup
                0x0800ad30      0x208 ./Src/driver.o
 .text.driver_delay
                0x0800af38       0x38 ./Src/driver.o
 .text.get_free_mem
                0x0800af70       0x28 ./Src/driver.o
 .text.core_pin_debounce
                0x0800af98       0x78 ./Src/driver.o
                0x0800af98                core_pin_debounce
 .text.core_pin_irq
                0x0800b010       0x50 ./Src/driver.o
 .text.gpio_irq_enable
                0x0800b060       0x70 ./Src/driver.o
                0x0800b060                gpio_irq_enable
 .text.limitsEnable
                0x0800b0d0       0x84 ./Src/driver.o
 .text.driver_init
                0x0800b154      0x480 ./Src/driver.o
                0x0800b154                driver_init
 .text.TIM5_IRQHandler
                0x0800b5d4       0x28 ./Src/driver.o
                0x0800b5d4                TIM5_IRQHandler
 .text.TIM4_IRQHandler
                0x0800b5fc       0x94 ./Src/driver.o
                0x0800b5fc                TIM4_IRQHandler
 .text.EXTI15_10_IRQHandler
                0x0800b690       0x24 ./Src/driver.o
                0x0800b690                EXTI15_10_IRQHandler
 .text.Driver_IncTick
                0x0800b6b4       0x24 ./Src/driver.o
                0x0800b6b4                Driver_IncTick
 .text.memcpy_from_flash
                0x0800b6d8       0x1c ./Src/flash.o
                0x0800b6d8                memcpy_from_flash
 .text.memcpy_to_flash
                0x0800b6f4       0x9c ./Src/flash.o
                0x0800b6f4                memcpy_to_flash
 .text.digital_out
                0x0800b790       0x44 ./Src/ioports.o
 .text.digital_out_state
                0x0800b7d4       0x48 ./Src/ioports.o
 .text.digital_in_state
                0x0800b81c       0x48 ./Src/ioports.o
 .text.get_pin_info
                0x0800b864      0x108 ./Src/ioports.o
 .text.set_pin_description
                0x0800b96c       0x70 ./Src/ioports.o
 .text.digital_out_cfg
                0x0800b9dc       0xe0 ./Src/ioports.o
 .text.digital_in_cfg
                0x0800babc       0xbc ./Src/ioports.o
 .text.swap_pins
                0x0800bb78      0x18c ./Src/ioports.o
 .text.claim    0x0800bd04      0x1b8 ./Src/ioports.o
 .text.register_interrupt_handler
                0x0800bebc       0x94 ./Src/ioports.o
 .text.wait_on_input
                0x0800bf50      0x170 ./Src/ioports.o
 .text.ioports_init
                0x0800c0c0       0x9c ./Src/ioports.o
                0x0800c0c0                ioports_init
 .text.MX_GPIO_Init
                0x0800c15c       0xb0 ./Src/main.o
 .text.SystemClock_Config
                0x0800c20c       0x90 ./Src/main.o
 .text.main     0x0800c29c       0x48 ./Src/main.o
                0x0800c29c                main
 .text.Error_Handler
                0x0800c2e4        0x2 ./Src/main.o
                0x0800c2e4                Error_Handler
 *fill*         0x0800c2e6        0x2 
 .text.get_macro_char
                0x0800c2e8       0x28 ./Src/my_plugin.o
 .text.on_report_my_options
                0x0800c310       0x28 ./Src/my_plugin.o
 .text.send_gcode_sequence
                0x0800c338       0x68 ./Src/my_plugin.o
 .text.check_register_and_execute_gcode
                0x0800c3a0       0x30 ./Src/my_plugin.o
 .text.MX_GPIO_Init
                0x0800c3d0       0x4c ./Src/my_plugin.o
                0x0800c3d0                MX_GPIO_Init
 .text.MX_USART2_UART_Init
                0x0800c41c       0x38 ./Src/my_plugin.o
                0x0800c41c                MX_USART2_UART_Init
 .text.my_plugin_init
                0x0800c454       0x48 ./Src/my_plugin.o
                0x0800c454                my_plugin_init
 .text.serialClaimPort
                0x0800c49c       0x50 ./Src/serial.o
 .text.serialRxFree
                0x0800c4ec       0x28 ./Src/serial.o
 .text.serialRxCount
                0x0800c514       0x24 ./Src/serial.o
 .text.serialRxFlush
                0x0800c538        0xc ./Src/serial.o
 .text.serialRxCancel
                0x0800c544       0x20 ./Src/serial.o
 .text.serialPutC
                0x0800c564       0x4c ./Src/serial.o
 .text.serialWriteS
                0x0800c5b0       0x14 ./Src/serial.o
 .text.serialWrite
                0x0800c5c4       0x1a ./Src/serial.o
 *fill*         0x0800c5de        0x2 
 .text.serialTxFlush
                0x0800c5e0       0x1c ./Src/serial.o
 .text.serialTxCount
                0x0800c5fc       0x3c ./Src/serial.o
 .text.serialGetC
                0x0800c638       0x24 ./Src/serial.o
 .text.serialDisable
                0x0800c65c       0x20 ./Src/serial.o
 .text.serialEnqueueRtCommand
                0x0800c67c       0x10 ./Src/serial.o
 .text.serialSetRtHandler
                0x0800c68c       0x14 ./Src/serial.o
 .text.serial1RxFree
                0x0800c6a0       0x24 ./Src/serial.o
 .text.serial1RxCount
                0x0800c6c4       0x24 ./Src/serial.o
 .text.serial1RxFlush
                0x0800c6e8        0xc ./Src/serial.o
 .text.serial1RxCancel
                0x0800c6f4       0x20 ./Src/serial.o
 .text.serial1PutC
                0x0800c714       0x58 ./Src/serial.o
 .text.serial1WriteS
                0x0800c76c       0x14 ./Src/serial.o
 .text.serial1Write
                0x0800c780       0x1a ./Src/serial.o
 *fill*         0x0800c79a        0x2 
 .text.serial1TxFlush
                0x0800c79c       0x1c ./Src/serial.o
 .text.serial1TxCount
                0x0800c7b8       0x3c ./Src/serial.o
 .text.serial1GetC
                0x0800c7f4       0x24 ./Src/serial.o
 .text.serial1Disable
                0x0800c818       0x20 ./Src/serial.o
 .text.serial1EnqueueRtCommand
                0x0800c838       0x10 ./Src/serial.o
 .text.serial1SetRtHandler
                0x0800c848       0x14 ./Src/serial.o
 .text.serial1SetBaudRate
                0x0800c85c      0x140 ./Src/serial.o
 .text.serial1Init
                0x0800c99c       0x70 ./Src/serial.o
 .text.serial1SuspendInput
                0x0800ca0c       0x10 ./Src/serial.o
 .text.serialSuspendInput
                0x0800ca1c       0x10 ./Src/serial.o
 .text.serialSetBaudRate
                0x0800ca2c      0x140 ./Src/serial.o
 .text.serialInit
                0x0800cb6c       0x70 ./Src/serial.o
 .text.serialRegisterStreams
                0x0800cbdc       0x44 ./Src/serial.o
                0x0800cbdc                serialRegisterStreams
 .text.USART1_IRQHandler
                0x0800cc20       0x88 ./Src/serial.o
                0x0800cc20                USART1_IRQHandler
 .text.USART2_IRQHandler
                0x0800cca8       0x88 ./Src/serial.o
                0x0800cca8                USART2_IRQHandler
 .text.HAL_MspInit
                0x0800cd30       0x40 ./Src/stm32f4xx_hal_msp.o
                0x0800cd30                HAL_MspInit
 .text.NMI_Handler
                0x0800cd70        0x2 ./Src/stm32f4xx_it.o
                0x0800cd70                NMI_Handler
 .text.HardFault_Handler
                0x0800cd72        0x2 ./Src/stm32f4xx_it.o
                0x0800cd72                HardFault_Handler
 .text.MemManage_Handler
                0x0800cd74        0x2 ./Src/stm32f4xx_it.o
                0x0800cd74                MemManage_Handler
 .text.BusFault_Handler
                0x0800cd76        0x2 ./Src/stm32f4xx_it.o
                0x0800cd76                BusFault_Handler
 .text.UsageFault_Handler
                0x0800cd78        0x2 ./Src/stm32f4xx_it.o
                0x0800cd78                UsageFault_Handler
 .text.SVC_Handler
                0x0800cd7a        0x2 ./Src/stm32f4xx_it.o
                0x0800cd7a                SVC_Handler
 .text.DebugMon_Handler
                0x0800cd7c        0x2 ./Src/stm32f4xx_it.o
                0x0800cd7c                DebugMon_Handler
 .text.PendSV_Handler
                0x0800cd7e        0x2 ./Src/stm32f4xx_it.o
                0x0800cd7e                PendSV_Handler
 .text.SysTick_Handler
                0x0800cd80       0x1c ./Src/stm32f4xx_it.o
                0x0800cd80                SysTick_Handler
 .text._getpid  0x0800cd9c        0x4 ./Src/syscalls.o
                0x0800cd9c                _getpid
 .text._kill    0x0800cda0       0x10 ./Src/syscalls.o
                0x0800cda0                _kill
 .text._exit    0x0800cdb0        0xc ./Src/syscalls.o
                0x0800cdb0                _exit
 .text._read    0x0800cdbc       0x20 ./Src/syscalls.o
                0x0800cdbc                _read
 .text._write   0x0800cddc       0x1c ./Src/syscalls.o
                0x0800cddc                _write
 .text._close   0x0800cdf8        0x6 ./Src/syscalls.o
                0x0800cdf8                _close
 .text._fstat   0x0800cdfe        0xa ./Src/syscalls.o
                0x0800cdfe                _fstat
 .text._isatty  0x0800ce08        0x4 ./Src/syscalls.o
                0x0800ce08                _isatty
 .text._lseek   0x0800ce0c        0x4 ./Src/syscalls.o
                0x0800ce0c                _lseek
 .text._sbrk    0x0800ce10       0x3c ./Src/sysmem.o
                0x0800ce10                _sbrk
 .text.SystemInit
                0x0800ce4c       0xa0 ./Src/system_stm32f4xx.o
                0x0800ce4c                SystemInit
 .text.Reset_Handler
                0x0800ceec       0x50 ./Startup/startup_stm32f401ccux.o
                0x0800ceec                Reset_Handler
 .text.Default_Handler
                0x0800cf3c        0x2 ./Startup/startup_stm32f401ccux.o
                0x0800cf3c                RTC_Alarm_IRQHandler
                0x0800cf3c                EXTI2_IRQHandler
                0x0800cf3c                SPI4_IRQHandler
                0x0800cf3c                TIM1_CC_IRQHandler
                0x0800cf3c                DMA2_Stream5_IRQHandler
                0x0800cf3c                DMA1_Stream5_IRQHandler
                0x0800cf3c                PVD_IRQHandler
                0x0800cf3c                SDIO_IRQHandler
                0x0800cf3c                TAMP_STAMP_IRQHandler
                0x0800cf3c                EXTI3_IRQHandler
                0x0800cf3c                TIM1_UP_TIM10_IRQHandler
                0x0800cf3c                I2C3_ER_IRQHandler
                0x0800cf3c                EXTI0_IRQHandler
                0x0800cf3c                I2C2_EV_IRQHandler
                0x0800cf3c                DMA1_Stream2_IRQHandler
                0x0800cf3c                FPU_IRQHandler
                0x0800cf3c                DMA2_Stream2_IRQHandler
                0x0800cf3c                SPI1_IRQHandler
                0x0800cf3c                TIM1_BRK_TIM9_IRQHandler
                0x0800cf3c                DMA2_Stream3_IRQHandler
                0x0800cf3c                USART6_IRQHandler
                0x0800cf3c                DMA2_Stream0_IRQHandler
                0x0800cf3c                I2C1_EV_IRQHandler
                0x0800cf3c                DMA1_Stream6_IRQHandler
                0x0800cf3c                DMA1_Stream1_IRQHandler
                0x0800cf3c                TIM3_IRQHandler
                0x0800cf3c                RCC_IRQHandler
                0x0800cf3c                Default_Handler
                0x0800cf3c                ADC_IRQHandler
                0x0800cf3c                DMA1_Stream7_IRQHandler
                0x0800cf3c                TIM7_IRQHandler
                0x0800cf3c                DMA2_Stream7_IRQHandler
                0x0800cf3c                I2C3_EV_IRQHandler
                0x0800cf3c                EXTI9_5_IRQHandler
                0x0800cf3c                RTC_WKUP_IRQHandler
                0x0800cf3c                SPI2_IRQHandler
                0x0800cf3c                DMA1_Stream0_IRQHandler
                0x0800cf3c                EXTI4_IRQHandler
                0x0800cf3c                WWDG_IRQHandler
                0x0800cf3c                TIM2_IRQHandler
                0x0800cf3c                OTG_FS_WKUP_IRQHandler
                0x0800cf3c                TIM1_TRG_COM_TIM11_IRQHandler
                0x0800cf3c                EXTI1_IRQHandler
                0x0800cf3c                I2C2_ER_IRQHandler
                0x0800cf3c                DMA2_Stream1_IRQHandler
                0x0800cf3c                FLASH_IRQHandler
                0x0800cf3c                DMA2_Stream4_IRQHandler
                0x0800cf3c                OTG_FS_IRQHandler
                0x0800cf3c                SPI3_IRQHandler
                0x0800cf3c                DMA1_Stream4_IRQHandler
                0x0800cf3c                I2C1_ER_IRQHandler
                0x0800cf3c                DMA2_Stream6_IRQHandler
                0x0800cf3c                DMA1_Stream3_IRQHandler
 *fill*         0x0800cf3e        0x2 
 .text.alarms_get_details
                0x0800cf40        0x8 ./grbl/alarms.o
                0x0800cf40                alarms_get_details
 .text.canbus_enabled
                0x0800cf48        0xc ./grbl/canbus.o
                0x0800cf48                canbus_enabled
 .text.coolant_set_state
                0x0800cf54       0x24 ./grbl/coolant_control.o
                0x0800cf54                coolant_set_state
 .text.coolant_sync
                0x0800cf78       0x24 ./grbl/coolant_control.o
                0x0800cf78                coolant_sync
 .text.xbar_fn_to_axismask
                0x0800cf9c       0x34 ./grbl/crossbar.o
                0x0800cf9c                xbar_fn_to_axismask
 .text.xbar_set_homing_source
                0x0800cfd0       0x4c ./grbl/crossbar.o
                0x0800cfd0                xbar_set_homing_source
 .text.xbar_get_homing_source
                0x0800d01c       0x34 ./grbl/crossbar.o
                0x0800d01c                xbar_get_homing_source
 .text.xbar_get_homing_source_from_cycle
                0x0800d050       0x84 ./grbl/crossbar.o
                0x0800d050                xbar_get_homing_source_from_cycle
 .text.xbar_fn_to_pinname
                0x0800d0d4       0x34 ./grbl/crossbar.o
                0x0800d0d4                xbar_fn_to_pinname
 .text.xbar_fn_to_signals_mask
                0x0800d108       0x12 ./grbl/crossbar.o
                0x0800d108                xbar_fn_to_signals_mask
 *fill*         0x0800d11a        0x2 
 .text.errors_get_details
                0x0800d11c        0x8 ./grbl/errors.o
                0x0800d11c                errors_get_details
 .text.init_sync_motion
                0x0800d124       0xc0 ./grbl/gcode.o
 .text.tool_get_pending
                0x0800d1e4       0x48 ./grbl/gcode.o
 .text.add_offset
                0x0800d22c       0x3c ./grbl/gcode.o
 .text.add_output_command
                0x0800d268       0x3c ./grbl/gcode.o
 .text.gc_get_scaling
                0x0800d2a4        0x8 ./grbl/gcode.o
                0x0800d2a4                gc_get_scaling
 .text.gc_get_g51_state
                0x0800d2ac       0x3c ./grbl/gcode.o
                0x0800d2ac                gc_get_g51_state
 .text.set_scaling
                0x0800d2e8       0x64 ./grbl/gcode.o
 .text.gc_get_offset
                0x0800d34c       0x80 ./grbl/gcode.o
                0x0800d34c                gc_get_offset
 .text.gc_set_tool_offset
                0x0800d3cc       0xcc ./grbl/gcode.o
                0x0800d3cc                gc_set_tool_offset
 .text.gc_get_plane_data
                0x0800d498       0x30 ./grbl/gcode.o
                0x0800d498                gc_get_plane_data
 .text.gc_init  0x0800d4c8      0x140 ./grbl/gcode.o
                0x0800d4c8                gc_init
 .text.gc_spindle_off
                0x0800d608       0x1c ./grbl/gcode.o
                0x0800d608                gc_spindle_off
 .text.gc_coolant
                0x0800d624       0x20 ./grbl/gcode.o
                0x0800d624                gc_coolant
 .text.gc_spindle_get
                0x0800d644        0xc ./grbl/gcode.o
                0x0800d644                gc_spindle_get
 .text.gc_output_message
                0x0800d650       0x2c ./grbl/gcode.o
                0x0800d650                gc_output_message
 .text.gc_modal_state_restore
                0x0800d67c       0xbc ./grbl/gcode.o
                0x0800d67c                gc_modal_state_restore
 .text.gc_normalize_block
                0x0800d738      0x144 ./grbl/gcode.o
                0x0800d738                gc_normalize_block
 .text.gc_execute_block
                0x0800d87c     0x3ec8 ./grbl/gcode.o
                0x0800d87c                gc_execute_block
 .text.dummy_bool_handler
                0x08011744        0x2 ./grbl/grbllib.o
                0x08011744                dummy_bool_handler
 .text.dummy_irq_claim
                0x08011746        0x4 ./grbl/grbllib.o
 *fill*         0x0801174a        0x2 
 .text.get_homing_status
                0x0801174c       0x40 ./grbl/grbllib.o
 .text.task_alloc
                0x0801178c       0x30 ./grbl/grbllib.o
 .text.task_execute
                0x080117bc       0xbc ./grbl/grbllib.o
 .text.reset_handler
                0x08011878       0x14 ./grbl/grbllib.o
                0x08011878                reset_handler
 .text.get_homing_status2
                0x0801188c       0x6c ./grbl/grbllib.o
 .text.report_driver_error
                0x080118f8       0x60 ./grbl/grbllib.o
 .text.task_add_delayed
                0x08011958       0x78 ./grbl/grbllib.o
                0x08011958                task_add_delayed
 .text.grbl_enter
                0x080119d0      0x414 ./grbl/grbllib.o
                0x080119d0                grbl_enter
 .text.auto_realtime_report
                0x08011de4       0x50 ./grbl/grbllib.o
 .text.realtime_report_check
                0x08011e34       0x30 ./grbl/grbllib.o
 .text.task_delete
                0x08011e64       0x54 ./grbl/grbllib.o
                0x08011e64                task_delete
 .text.ioports_count
                0x08011eb8       0x30 ./grbl/ioports.o
 .text.get_pnum
                0x08011ee8       0x18 ./grbl/ioports.o
 .text.is_setting_available
                0x08011f00       0x58 ./grbl/ioports.o
 .text.aux_get_value
                0x08011f58       0x38 ./grbl/ioports.o
 .text.ioports_available
                0x08011f90       0xb8 ./grbl/ioports.o
                0x08011f90                ioports_available
 .text.ioports_add
                0x08012048      0x238 ./grbl/ioports.o
                0x08012048                ioports_add
 .text.ioports_map_reverse
                0x08012280       0x1c ./grbl/ioports.o
                0x08012280                ioports_map_reverse
 .text.ioport_settings_load
                0x0801229c      0x1a0 ./grbl/ioports.o
 .text.aux_set_value
                0x0801243c      0x294 ./grbl/ioports.o
 .text.ioport_save_input_settings
                0x080126d0       0x98 ./grbl/ioports.o
                0x080126d0                ioport_save_input_settings
 .text.ioport_save_output_settings
                0x08012768       0x4c ./grbl/ioports.o
                0x08012768                ioport_save_output_settings
 .text.ioport_setting_changed
                0x080127b4      0x1d8 ./grbl/ioports.o
                0x080127b4                ioport_setting_changed
 .text.ioports_add_settings
                0x0801298c       0x24 ./grbl/ioports.o
                0x0801298c                ioports_add_settings
 .text.homing_signals_select
                0x080129b0       0x3c ./grbl/machine_limits.o
 .text.get_homing_rate
                0x080129ec       0x18 ./grbl/machine_limits.o
 .text.check_travel_limits
                0x08012a04       0x84 ./grbl/machine_limits.o
 .text.clip_3d_target
                0x08012a88      0x1f8 ./grbl/machine_limits.o
 .text.apply_jog_limits
                0x08012c80       0xe8 ./grbl/machine_limits.o
 .text.limits_pull_off
                0x08012d68      0x180 ./grbl/machine_limits.o
 .text.check_arc_travel_limits
                0x08012ee8      0x39c ./grbl/machine_limits.o
 .text.limit_signals_merge
                0x08013284       0x1e ./grbl/machine_limits.o
                0x08013284                limit_signals_merge
 *fill*         0x080132a2        0x2 
 .text.limit_interrupt_handler
                0x080132a4       0x40 ./grbl/machine_limits.o
                0x080132a4                limit_interrupt_handler
 .text.limits_set_work_envelope
                0x080132e4      0x114 ./grbl/machine_limits.o
                0x080132e4                limits_set_work_envelope
 .text.limits_set_machine_positions
                0x080133f8       0xc4 ./grbl/machine_limits.o
                0x080133f8                limits_set_machine_positions
 .text.homing_cycle
                0x080134bc      0x4fc ./grbl/machine_limits.o
 .text.limits_go_home
                0x080139b8       0xa8 ./grbl/machine_limits.o
                0x080139b8                limits_go_home
 .text.limits_soft_check
                0x08013a60       0x88 ./grbl/machine_limits.o
                0x08013a60                limits_soft_check
 .text.limits_set_homing_axes
                0x08013ae8       0x34 ./grbl/machine_limits.o
                0x08013ae8                limits_set_homing_axes
 .text.limits_homing_required
                0x08013b1c       0x48 ./grbl/machine_limits.o
                0x08013b1c                limits_homing_required
 .text.limits_init
                0x08013b64       0x40 ./grbl/machine_limits.o
                0x08013b64                limits_init
 .text.message_get
                0x08013ba4       0x24 ./grbl/messages.o
                0x08013ba4                message_get
 .text.eval_bezier
                0x08013bc8       0x52 ./grbl/motion_control.o
 *fill*         0x08013c1a        0x2 
 .text.mc_line  0x08013c1c       0x8c ./grbl/motion_control.o
                0x08013c1c                mc_line
 .text.mc_arc   0x08013ca8      0x580 ./grbl/motion_control.o
                0x08013ca8                mc_arc
 .text.mc_cubic_b_spline
                0x08014228      0x230 ./grbl/motion_control.o
                0x08014228                mc_cubic_b_spline
 .text.mc_thread
                0x08014458      0x300 ./grbl/motion_control.o
                0x08014458                mc_thread
 .text.mc_jog_execute
                0x08014758       0xb4 ./grbl/motion_control.o
                0x08014758                mc_jog_execute
 .text.mc_dwell
                0x0801480c       0x28 ./grbl/motion_control.o
                0x0801480c                mc_dwell
 .text.mc_canned_drill
                0x08014834      0x204 ./grbl/motion_control.o
                0x08014834                mc_canned_drill
 .text.mc_probe_cycle
                0x08014a38      0x250 ./grbl/motion_control.o
                0x08014a38                mc_probe_cycle
 .text.mc_parking_motion
                0x08014c88       0x3c ./grbl/motion_control.o
                0x08014c88                mc_parking_motion
 .text.mc_override_ctrl_update
                0x08014cc4       0x1c ./grbl/motion_control.o
                0x08014cc4                mc_override_ctrl_update
 .text.mc_reset
                0x08014ce0       0xb0 ./grbl/motion_control.o
                0x08014ce0                mc_reset
 .text.mc_homing_cycle
                0x08014d90      0x224 ./grbl/motion_control.o
                0x08014d90                mc_homing_cycle
 .text.probe_result
                0x08014fb4       0x20 ./grbl/ngc_params.o
 .text.m66_result
                0x08014fd4       0x10 ./grbl/ngc_params.o
 .text.tool_number
                0x08014fe4       0x14 ./grbl/ngc_params.o
 .text.tool_offset
                0x08014ff8       0x38 ./grbl/ngc_params.o
 .text.coord_system
                0x08015030       0x1c ./grbl/ngc_params.o
 .text.g92_offset_applied
                0x0801504c       0x14 ./grbl/ngc_params.o
 .text.g92_offset
                0x08015060       0x38 ./grbl/ngc_params.o
 .text.debug_output
                0x08015098       0x18 ./grbl/ngc_params.o
 .text.ngc_name_tolower
                0x080150b0       0x3c ./grbl/ngc_params.o
 .text._relative_pos
                0x080150ec       0x68 ./grbl/ngc_params.o
 .text.work_position
                0x08015154       0x2c ./grbl/ngc_params.o
 .text.coord_system_offset
                0x08015180       0x64 ./grbl/ngc_params.o
 .text.g30_home
                0x080151e4       0x48 ./grbl/ngc_params.o
 .text.g28_home
                0x0801522c       0x48 ./grbl/ngc_params.o
 .text.probe_coord
                0x08015274       0xbc ./grbl/ngc_params.o
 .text.scaling_factors
                0x08015330       0x3c ./grbl/ngc_params.o
 .text.ngc_param_get
                0x0801536c       0x9c ./grbl/ngc_params.o
                0x0801536c                ngc_param_get
 .text.ngc_named_param_set
                0x08015408       0xdc ./grbl/ngc_params.o
                0x08015408                ngc_named_param_set
 .text.ngc_modal_state_save
                0x080154e4       0x70 ./grbl/ngc_params.o
                0x080154e4                ngc_modal_state_save
 .text.ngc_modal_state_invalidate
                0x08015554       0x38 ./grbl/ngc_params.o
                0x08015554                ngc_modal_state_invalidate
 .text.ngc_modal_state_restore
                0x0801558c       0x30 ./grbl/ngc_params.o
                0x0801558c                ngc_modal_state_restore
 .text.ngc_call_push
                0x080155bc       0x34 ./grbl/ngc_params.o
                0x080155bc                ngc_call_push
 .text.ngc_call_level
                0x080155f0        0xc ./grbl/ngc_params.o
                0x080155f0                ngc_call_level
 .text.ngc_named_param_get_by_id
                0x080155fc      0x308 ./grbl/ngc_params.o
                0x080155fc                ngc_named_param_get_by_id
 .text.ngc_named_param_get
                0x08015904       0xa4 ./grbl/ngc_params.o
                0x08015904                ngc_named_param_get
 .text.ngc_float_decimals
                0x080159a8       0x18 ./grbl/ngc_params.o
                0x080159a8                ngc_float_decimals
 .text.uitoa    0x080159c0       0x44 ./grbl/nuts_bolts.o
                0x080159c0                uitoa
 .text.ftoa     0x08015a04       0xf8 ./grbl/nuts_bolts.o
                0x08015a04                ftoa
 .text.trim_float
                0x08015afc       0x32 ./grbl/nuts_bolts.o
                0x08015afc                trim_float
 *fill*         0x08015b2e        0x2 
 .text.read_uint
                0x08015b30       0x94 ./grbl/nuts_bolts.o
                0x08015b30                read_uint
 .text.read_float
                0x08015bc4       0xec ./grbl/nuts_bolts.o
                0x08015bc4                read_float
 .text.isintf   0x08015cb0       0x34 ./grbl/nuts_bolts.o
                0x08015cb0                isintf
 .text.delay_sec
                0x08015ce4       0x58 ./grbl/nuts_bolts.o
                0x08015ce4                delay_sec
 .text.convert_delta_vector_to_unit_vector
                0x08015d3c       0x58 ./grbl/nuts_bolts.o
                0x08015d3c                convert_delta_vector_to_unit_vector
 .text.get_datetime
                0x08015d94      0x138 ./grbl/nuts_bolts.o
                0x08015d94                get_datetime
 .text.calc_checksum
                0x08015ecc       0x22 ./grbl/nuts_bolts.o
                0x08015ecc                calc_checksum
 .text.dummy_handler
                0x08015eee        0x2 ./grbl/nuts_bolts.o
                0x08015eee                dummy_handler
 .text.ram_get_byte
                0x08015ef0        0xc ./grbl/nvs_buffer.o
 .text.ram_put_byte
                0x08015efc       0x44 ./grbl/nvs_buffer.o
 .text.memcpy_from_ram
                0x08015f40       0x80 ./grbl/nvs_buffer.o
 .text.memcpy_to_ram
                0x08015fc0      0x154 ./grbl/nvs_buffer.o
 .text.nvs_buffer_alloc
                0x08016114       0x28 ./grbl/nvs_buffer.o
                0x08016114                nvs_buffer_alloc
 .text.nvs_buffer_init
                0x0801613c      0x12c ./grbl/nvs_buffer.o
                0x0801613c                nvs_buffer_init
 .text.nvs_buffer_sync_physical
                0x08016268      0x1cc ./grbl/nvs_buffer.o
                0x08016268                nvs_buffer_sync_physical
 .text.nvs_buffer_free
                0x08016434       0x1c ./grbl/nvs_buffer.o
                0x08016434                nvs_buffer_free
 .text.nvs_buffer_get_physical
                0x08016450       0x20 ./grbl/nvs_buffer.o
                0x08016450                nvs_buffer_get_physical
 .text.enqueue_feed_override
                0x08016470       0x20 ./grbl/override.o
                0x08016470                enqueue_feed_override
 .text.get_feed_override
                0x08016490       0x24 ./grbl/override.o
                0x08016490                get_feed_override
 .text.enqueue_spindle_override
                0x080164b4       0x20 ./grbl/override.o
                0x080164b4                enqueue_spindle_override
 .text.get_spindle_override
                0x080164d4       0x24 ./grbl/override.o
                0x080164d4                get_spindle_override
 .text.enqueue_coolant_override
                0x080164f8       0x20 ./grbl/override.o
                0x080164f8                enqueue_coolant_override
 .text.get_coolant_override
                0x08016518       0x24 ./grbl/override.o
                0x08016518                get_coolant_override
 .text.flush_override_buffers
                0x0801653c       0x24 ./grbl/override.o
                0x0801653c                flush_override_buffers
 .text.limit_acceleration_by_axis_maximum
                0x08016560       0x50 ./grbl/planner.o
 .text.limit_max_rate_by_axis_maximum
                0x080165b0       0x50 ./grbl/planner.o
 .text.plan_cleanup
                0x08016600       0x22 ./grbl/planner.o
 *fill*         0x08016622        0x2 
 .text.plan_reset_buffer
                0x08016624       0x50 ./grbl/planner.o
 .text.planner_recalculate
                0x08016674      0x118 ./grbl/planner.o
 .text.plan_get_buffer_size
                0x0801678c        0xc ./grbl/planner.o
                0x0801678c                plan_get_buffer_size
 .text.plan_reset
                0x08016798      0x100 ./grbl/planner.o
                0x08016798                plan_reset
 .text.plan_discard_current_block
                0x08016898       0x3c ./grbl/planner.o
                0x08016898                plan_discard_current_block
 .text.plan_get_system_motion_block
                0x080168d4        0xc ./grbl/planner.o
                0x080168d4                plan_get_system_motion_block
 .text.plan_get_current_block
                0x080168e0       0x1c ./grbl/planner.o
                0x080168e0                plan_get_current_block
 .text.plan_get_exec_block_exit_speed_sqr
                0x080168fc       0x28 ./grbl/planner.o
                0x080168fc                plan_get_exec_block_exit_speed_sqr
 .text.plan_check_full_buffer
                0x08016924       0x1c ./grbl/planner.o
                0x08016924                plan_check_full_buffer
 .text.plan_compute_profile_nominal_speed
                0x08016940       0xa4 ./grbl/planner.o
                0x08016940                plan_compute_profile_nominal_speed
 .text.plan_update_velocity_profile_parameters
                0x080169e4       0x84 ./grbl/planner.o
 .text.plan_buffer_line
                0x08016a68      0x38c ./grbl/planner.o
                0x08016a68                plan_buffer_line
 .text.plan_sync_position
                0x08016df4       0x14 ./grbl/planner.o
                0x08016df4                plan_sync_position
 .text.plan_get_block_buffer_available
                0x08016e08       0x3c ./grbl/planner.o
                0x08016e08                plan_get_block_buffer_available
 .text.plan_cycle_reinitialize
                0x08016e44       0x28 ./grbl/planner.o
                0x08016e44                plan_cycle_reinitialize
 .text.plan_feed_override
                0x08016e6c       0x74 ./grbl/planner.o
                0x08016e6c                plan_feed_override
 .text.plan_data_init
                0x08016ee0       0x48 ./grbl/planner.o
                0x08016ee0                plan_data_init
 .text.recheck_line
                0x08016f28      0x104 ./grbl/protocol.o
 .text.protocol_execute_rt_commands
                0x0801702c       0x70 ./grbl/protocol.o
 .text.protocol_on_execute_delay
                0x0801709c       0x3c ./grbl/protocol.o
 .text.protocol_poll_cmd
                0x080170d8       0xc8 ./grbl/protocol.o
 .text.protocol_enqueue_gcode
                0x080171a0       0x6c ./grbl/protocol.o
                0x080171a0                protocol_enqueue_gcode
 .text.protocol_auto_cycle_start
                0x0801720c       0x1c ./grbl/protocol.o
                0x0801720c                protocol_auto_cycle_start
 .text.protocol_exec_rt_system
                0x08017228      0x5bc ./grbl/protocol.o
                0x08017228                protocol_exec_rt_system
 .text.protocol_exec_rt_suspend
                0x080177e4       0x94 ./grbl/protocol.o
 .text.protocol_execute_realtime
                0x08017878       0x60 ./grbl/protocol.o
                0x08017878                protocol_execute_realtime
 .text.protocol_main_loop
                0x080178d8      0x53c ./grbl/protocol.o
                0x080178d8                protocol_main_loop
 .text.protocol_buffer_synchronize
                0x08017e14       0x3c ./grbl/protocol.o
                0x08017e14                protocol_buffer_synchronize
 .text.protocol_enqueue_foreground_task
                0x08017e50       0x4c ./grbl/protocol.o
                0x08017e50                protocol_enqueue_foreground_task
 .text.protocol_enqueue_realtime_command
                0x08017e9c      0x480 ./grbl/protocol.o
                0x08017e9c                protocol_enqueue_realtime_command
 .text.matchstar
                0x0801831c       0x2a ./grbl/regex.o
                0x0801831c                matchstar
 .text.matchhere
                0x08018346       0x4c ./grbl/regex.o
                0x08018346                matchhere
 *fill*         0x08018392        0x2 
 .text.axis_signals_tostring
                0x08018394       0x30 ./grbl/report.o
 .text.control_signals_tostring
                0x080183c4       0x78 ./grbl/report.o
 .text.report_init_message
                0x0801843c       0x28 ./grbl/report.o
 .text.report_help_message
                0x08018464       0x18 ./grbl/report.o
 .text.cmp_settings
                0x0801847c        0xc ./grbl/report.o
 .text.write_quoted
                0x08018488       0x38 ./grbl/report.o
 .text.cmp_alarms
                0x080184c0        0xc ./grbl/report.o
 .text.cmp_errors
                0x080184cc        0xc ./grbl/report.o
 .text.cmp_setting_group_id
                0x080184d8        0xc ./grbl/report.o
 .text.group_is_dup
                0x080184e4       0x16 ./grbl/report.o
 .text.add_limits
                0x080184fa       0x38 ./grbl/report.o
 .text.count_pins
                0x08018532        0x8 ./grbl/report.o
 .text.cmp_pins
                0x0801853a        0x8 ./grbl/report.o
 *fill*         0x08018542        0x2 
 .text.irq_mode
                0x08018544       0x74 ./grbl/report.o
 .text.pull_mode
                0x080185b8       0x2c ./grbl/report.o
 .text.get_rate_value_mm
                0x080185e4       0x10 ./grbl/report.o
 .text.get_rate_value_inch
                0x080185f4       0x1c ./grbl/report.o
 .text.print_setting
                0x08018610       0x44 ./grbl/report.o
 .text.print_alarm
                0x08018654       0x94 ./grbl/report.o
 .text.print_error
                0x080186e8       0x94 ./grbl/report.o
 .text.print_uito2a
                0x0801877c       0x34 ./grbl/report.o
 .text.report_spindle
                0x080187b0      0x1d4 ./grbl/report.o
 .text.get_axis_values_mm
                0x08018984       0x74 ./grbl/report.o
 .text.get_axis_values_inches
                0x080189f8       0x88 ./grbl/report.o
 .text.get_axis_value_mm
                0x08018a80       0x18 ./grbl/report.o
 .text.get_axis_value_inches
                0x08018a98       0x24 ./grbl/report.o
 .text.map_coord_system
                0x08018abc       0x4c ./grbl/report.o
 .text.get_pin_info
                0x08018b08       0x40 ./grbl/report.o
 .text.get_pins
                0x08018b48       0x18 ./grbl/report.o
 .text.appendbuf
                0x08018b60       0x44 ./grbl/report.o
 .text.report_alarm_message
                0x08018ba4       0x34 ./grbl/report.o
 .text.report_status_message
                0x08018bd8       0x40 ./grbl/report.o
 .text.report_bitfield
                0x08018c18       0xd0 ./grbl/report.o
 .text.cmp_setting_group_name
                0x08018ce8       0x10 ./grbl/report.o
 .text.write_name
                0x08018cf8       0x4c ./grbl/report.o
 .text.report_settings_detail
                0x08018d44      0x698 ./grbl/report.o
 .text.print_unsorted
                0x080193dc       0x30 ./grbl/report.o
 .text.print_sorted
                0x0801940c       0x22 ./grbl/report.o
 *fill*         0x0801942e        0x2 
 .text.print_settings_details
                0x08019430      0x148 ./grbl/report.o
 .text.print_setting_group
                0x08019578       0x8c ./grbl/report.o
 .text.report_pin_info
                0x08019604       0x70 ./grbl/report.o
 .text.report_pin
                0x08019674       0x14 ./grbl/report.o
 .text.report_setting
                0x08019688       0x58 ./grbl/report.o
 .text.report_init
                0x080196e0       0x58 ./grbl/report.o
                0x080196e0                report_init
 .text.report_message
                0x08019738       0x78 ./grbl/report.o
                0x08019738                report_message
 .text.report_feedback_message
                0x080197b0       0x34 ./grbl/report.o
 .text.report_plain
                0x080197e4        0xa ./grbl/report.o
                0x080197e4                report_plain
 .text.report_warning
                0x080197ee        0xa ./grbl/report.o
                0x080197ee                report_warning
 .text.report_grbl_setting
                0x080197f8       0x28 ./grbl/report.o
                0x080197f8                report_grbl_setting
 .text.report_grbl_settings
                0x08019820      0x108 ./grbl/report.o
                0x08019820                report_grbl_settings
 .text.report_probe_parameters
                0x08019928       0x68 ./grbl/report.o
                0x08019928                report_probe_parameters
 .text.report_home_position
                0x08019990       0x54 ./grbl/report.o
                0x08019990                report_home_position
 .text.report_tool_offsets
                0x080199e4       0x38 ./grbl/report.o
                0x080199e4                report_tool_offsets
 .text.report_ngc_parameter
                0x08019a1c       0x84 ./grbl/report.o
                0x08019a1c                report_ngc_parameter
 .text.report_named_ngc_parameter
                0x08019aa0       0x7c ./grbl/report.o
                0x08019aa0                report_named_ngc_parameter
 .text.report_ngc_parameters
                0x08019b1c      0x204 ./grbl/report.o
                0x08019b1c                report_ngc_parameters
 .text.report_gcode_modes
                0x08019d20      0x434 ./grbl/report.o
                0x08019d20                report_gcode_modes
 .text.report_startup_line
                0x0801a154       0x40 ./grbl/report.o
                0x0801a154                report_startup_line
 .text.report_execute_startup_message
                0x0801a194       0x3c ./grbl/report.o
                0x0801a194                report_execute_startup_message
 .text.report_build_info
                0x0801a1d0      0x798 ./grbl/report.o
                0x0801a1d0                report_build_info
 .text.report_realtime_status
                0x0801a968      0xadc ./grbl/report.o
                0x0801a968                report_realtime_status
 .text.report_settings_details
                0x0801b444       0x34 ./grbl/report.o
                0x0801b444                report_settings_details
 .text.report_group_settings
                0x0801b478       0x98 ./grbl/report.o
 .text.report_setting_description
                0x0801b510       0xb0 ./grbl/report.o
                0x0801b510                report_setting_description
 .text.report_alarm_details
                0x0801b5c0       0xac ./grbl/report.o
                0x0801b5c0                report_alarm_details
 .text.report_error_details
                0x0801b66c       0xac ./grbl/report.o
                0x0801b66c                report_error_details
 .text.report_setting_group_details
                0x0801b718       0xc4 ./grbl/report.o
                0x0801b718                report_setting_group_details
 .text.report_help
                0x0801b7dc       0xec ./grbl/report.o
                0x0801b7dc                report_help
 .text.report_last_signals_event
                0x0801b8c8       0x58 ./grbl/report.o
                0x0801b8c8                report_last_signals_event
 .text.report_current_limit_state
                0x0801b920       0x48 ./grbl/report.o
                0x0801b920                report_current_limit_state
 .text.report_current_home_signal_state
                0x0801b968       0x80 ./grbl/report.o
                0x0801b968                report_current_home_signal_state
 .text.report_spindle_data
                0x0801b9e8       0xa8 ./grbl/report.o
                0x0801b9e8                report_spindle_data
 .text.report_pins
                0x0801ba90       0x9c ./grbl/report.o
                0x0801ba90                report_pins
 .text.report_pin_states
                0x0801bb2c      0x3ec ./grbl/report.o
                0x0801bb2c                report_pin_states
 .text.report_time
                0x0801bf18       0x8c ./grbl/report.o
                0x0801bf18                report_time
 .text.report_spindles
                0x0801bfa4       0x2c ./grbl/report.o
                0x0801bfa4                report_spindles
 .text.report_pid_log
                0x0801bfd0       0x10 ./grbl/report.o
                0x0801bfd0                report_pid_log
 .text.report_init_fns
                0x0801bfe0       0x28 ./grbl/report.o
                0x0801bfe0                report_init_fns
 .text.group_is_available
                0x0801c008        0x4 ./grbl/settings.o
 .text.restore_override_backup
                0x0801c00c       0x2c ./grbl/settings.o
 .text.set_ganged_dir_invert
                0x0801c038       0x2c ./grbl/settings.o
 .text.set_stepper_deenergize_mask
                0x0801c064       0x20 ./grbl/settings.o
 .text.set_report_interval
                0x0801c084       0x20 ./grbl/settings.o
 .text.set_report_mask
                0x0801c0a4       0x10 ./grbl/settings.o
 .text.set_pwm_mode
                0x0801c0b4       0x1c ./grbl/settings.o
 .text.set_pwm_options
                0x0801c0d0       0x68 ./grbl/settings.o
 .text.tmp_set_soft_limits
                0x0801c138       0x50 ./grbl/settings.o
 .text.set_soft_limits_enable
                0x0801c188       0x38 ./grbl/settings.o
 .text.set_estop_unlock
                0x0801c1c0       0x30 ./grbl/settings.o
 .text.set_offset_lock
                0x0801c1f0       0x2c ./grbl/settings.o
 .text.set_hard_limits_enable
                0x0801c21c       0x6c ./grbl/settings.o
 .text.set_jog_soft_limited
                0x0801c288       0x30 ./grbl/settings.o
 .text.set_homing_enable
                0x0801c2b8       0x84 ./grbl/settings.o
 .text.set_enable_legacy_rt_commands
                0x0801c33c       0x1c ./grbl/settings.o
 .text.set_parking_enable
                0x0801c358       0x1c ./grbl/settings.o
 .text.set_restore_overrides
                0x0801c374       0x1c ./grbl/settings.o
 .text.set_sleep_enable
                0x0801c390       0x1c ./grbl/settings.o
 .text.set_hold_actions
                0x0801c3ac       0x24 ./grbl/settings.o
 .text.set_g92_disable_persistence
                0x0801c3d0       0x1c ./grbl/settings.o
 .text.set_force_initialization_alarm
                0x0801c3ec       0x1c ./grbl/settings.o
 .text.set_probe_allow_feed_override
                0x0801c408       0x1c ./grbl/settings.o
 .text.set_tool_change_probing_distance
                0x0801c424       0x20 ./grbl/settings.o
 .text.set_tool_restore_pos
                0x0801c444       0x30 ./grbl/settings.o
 .text.normalize_id
                0x0801c474       0xac ./grbl/settings.o
 .text.get_int  0x0801c520      0x2b4 ./grbl/settings.o
 .text.settings_write_global
                0x0801c7d4       0x44 ./grbl/settings.o
                0x0801c7d4                settings_write_global
 .text.is_available
                0x0801c818       0x14 ./grbl/settings.o
 .text.remove_element
                0x0801c82c       0x46 ./grbl/settings.o
 *fill*         0x0801c872        0x2 
 .text.set_encoder_spindle
                0x0801c874       0x34 ./grbl/settings.o
 .text.set_spindle_type
                0x0801c8a8       0x3c ./grbl/settings.o
 .text.set_tool_change_mode
                0x0801c8e4       0x3c ./grbl/settings.o
 .text.set_homing_cycle
                0x0801c920       0x18 ./grbl/settings.o
 .text.set_mode
                0x0801c938       0x4c ./grbl/settings.o
 .text.set_spindle_invert
                0x0801c984       0x38 ./grbl/settings.o
 .text.is_setting_available
                0x0801c9bc      0x380 ./grbl/settings.o
 .text.set_probe_disable_pullup
                0x0801cd3c       0x34 ./grbl/settings.o
 .text.set_control_disable_pullup
                0x0801cd70       0x24 ./grbl/settings.o
 .text.set_probe_invert
                0x0801cd94       0x40 ./grbl/settings.o
 .text.set_control_invert
                0x0801cdd4       0x28 ./grbl/settings.o
 .text.set_report_inches
                0x0801cdfc       0x28 ./grbl/settings.o
 .text.strnumentries
                0x0801ce24       0x2a ./grbl/settings.o
 .text.get_decimal_places
                0x0801ce4e       0x2a ./grbl/settings.o
 .text.validate_uint_value
                0x0801ce78       0x5a ./grbl/settings.o
 .text.setting_validate_me_uint
                0x0801ced2       0x7a ./grbl/settings.o
 .text.validate_value
                0x0801cf4c       0x92 ./grbl/settings.o
 *fill*         0x0801cfde        0x2 
 .text.settings_changed_spindle
                0x0801cfe0       0x2c ./grbl/settings.o
 .text.settings_register
                0x0801d00c       0x10 ./grbl/settings.o
                0x0801d00c                settings_register
 .text.settings_get_details
                0x0801d01c        0x8 ./grbl/settings.o
                0x0801d01c                settings_get_details
 .text.settings_get_axis_base
                0x0801d024       0x1a ./grbl/settings.o
                0x0801d024                settings_get_axis_base
 *fill*         0x0801d03e        0x2 
 .text.get_float
                0x0801d040       0xe8 ./grbl/settings.o
 .text.set_axis_setting
                0x0801d128      0x2b8 ./grbl/settings.o
 .text.setting_get_value
                0x0801d3e0       0xf4 ./grbl/settings.o
                0x0801d3e0                setting_get_value
 .text.setting_get_int_value
                0x0801d4d4       0x6e ./grbl/settings.o
                0x0801d4d4                setting_get_int_value
 *fill*         0x0801d542        0x2 
 .text.settings_write_build_info
                0x0801d544       0x24 ./grbl/settings.o
                0x0801d544                settings_write_build_info
 .text.settings_read_build_info
                0x0801d568       0x38 ./grbl/settings.o
                0x0801d568                settings_read_build_info
 .text.settings_write_startup_line
                0x0801d5a0       0x48 ./grbl/settings.o
                0x0801d5a0                settings_write_startup_line
 .text.settings_read_startup_line
                0x0801d5e8       0x64 ./grbl/settings.o
                0x0801d5e8                settings_read_startup_line
 .text.settings_write_coord_data
                0x0801d64c       0x48 ./grbl/settings.o
                0x0801d64c                settings_write_coord_data
 .text.settings_read_coord_data
                0x0801d694       0x68 ./grbl/settings.o
                0x0801d694                settings_read_coord_data
 .text.read_global_settings
                0x0801d6fc       0xb8 ./grbl/settings.o
                0x0801d6fc                read_global_settings
 .text.settings_restore
                0x0801d7b4      0x100 ./grbl/settings.o
                0x0801d7b4                settings_restore
 .text.settings_normalize_group
                0x0801d8b4       0x10 ./grbl/settings.o
                0x0801d8b4                settings_normalize_group
 .text.setting_get_details
                0x0801d8c4       0xb4 ./grbl/settings.o
                0x0801d8c4                setting_get_details
 .text.settings_iterator
                0x0801d978       0x78 ./grbl/settings.o
                0x0801d978                settings_iterator
 .text.setting_get_description
                0x0801d9f0       0x5c ./grbl/settings.o
                0x0801d9f0                setting_get_description
 .text.setting_get_group_details
                0x0801da4c       0x38 ./grbl/settings.o
                0x0801da4c                setting_get_group_details
 .text.settings_is_group_available
                0x0801da84       0xc0 ./grbl/settings.o
                0x0801da84                settings_is_group_available
 .text.is_group_available
                0x0801db44        0xa ./grbl/settings.o
 .text.setting_datatype_to_external
                0x0801db4e        0xe ./grbl/settings.o
                0x0801db4e                setting_datatype_to_external
 .text.setting_is_list
                0x0801db5c       0x10 ./grbl/settings.o
                0x0801db5c                setting_is_list
 .text.setting_remove_element
                0x0801db6c       0x20 ./grbl/settings.o
 .text.setting_remove_elements
                0x0801db8c       0x60 ./grbl/settings.o
                0x0801db8c                setting_remove_elements
 .text.setting_validate_me
                0x0801dbec       0x84 ./grbl/settings.o
                0x0801dbec                setting_validate_me
 .text.settings_store_setting
                0x0801dc70      0x194 ./grbl/settings.o
                0x0801dc70                settings_store_setting
 .text.settings_add_spindle_type
                0x0801de04       0x44 ./grbl/settings.o
                0x0801de04                settings_add_spindle_type
 .text.settings_clear
                0x0801de48       0x14 ./grbl/settings.o
                0x0801de48                settings_clear
 .text.settings_init
                0x0801de5c      0x1e4 ./grbl/settings.o
                0x0801de5c                settings_init
 .text.fall_asleep
                0x0801e040        0xc ./grbl/sleep.o
 .text.sleep_execute
                0x0801e04c       0x80 ./grbl/sleep.o
 .text.sleep_check
                0x0801e0cc       0x90 ./grbl/sleep.o
                0x0801e0cc                sleep_check
 .text.null_set_state
                0x0801e15c        0x2 ./grbl/spindle_control.o
 .text.null_get_state
                0x0801e15e        0x6 ./grbl/spindle_control.o
 .text.null_update_pwm
                0x0801e164        0x2 ./grbl/spindle_control.o
 .text.null_get_pwm
                0x0801e166        0x4 ./grbl/spindle_control.o
 .text.null_update_rpm
                0x0801e16a        0x2 ./grbl/spindle_control.o
 .text.spindle_activate
                0x0801e16c      0x280 ./grbl/spindle_control.o
 .text.spindle_get_num
                0x0801e3ec       0x2a ./grbl/spindle_control.o
 *fill*         0x0801e416        0x2 
 .text.spindle_register
                0x0801e418       0xe8 ./grbl/spindle_control.o
                0x0801e418                spindle_register
 .text.spindle_get_caps
                0x0801e500       0x48 ./grbl/spindle_control.o
                0x0801e500                spindle_get_caps
 .text.spindle_enumerate_spindles
                0x0801e548       0xb4 ./grbl/spindle_control.o
                0x0801e548                spindle_enumerate_spindles
 .text.spindle_is_enabled
                0x0801e5fc       0x2c ./grbl/spindle_control.o
                0x0801e5fc                spindle_is_enabled
 .text.spindle_get
                0x0801e628       0x2c ./grbl/spindle_control.o
                0x0801e628                spindle_get
 .text.spindle_add_null
                0x0801e654       0x48 ./grbl/spindle_control.o
                0x0801e654                spindle_add_null
 .text.spindle_select
                0x0801e69c       0x40 ./grbl/spindle_control.o
                0x0801e69c                spindle_select
 .text.spindle_get_count
                0x0801e6dc       0x30 ./grbl/spindle_control.o
                0x0801e6dc                spindle_get_count
 .text.spindle_set_rpm
                0x0801e70c       0x60 ./grbl/spindle_control.o
                0x0801e70c                spindle_set_rpm
 .text.set_state
                0x0801e76c       0xb0 ./grbl/spindle_control.o
 .text.spindle_set_state
                0x0801e81c        0x8 ./grbl/spindle_control.o
                0x0801e81c                spindle_set_state
 .text.spindle_restore
                0x0801e824       0xc8 ./grbl/spindle_control.o
                0x0801e824                spindle_restore
 .text.spindle_sync
                0x0801e8ec       0xc8 ./grbl/spindle_control.o
                0x0801e8ec                spindle_sync
 .text.spindle_set_override
                0x0801e9b4       0x8c ./grbl/spindle_control.o
                0x0801e9b4                spindle_set_override
 .text.spindle_all_off
                0x0801ea40       0x30 ./grbl/spindle_control.o
                0x0801ea40                spindle_all_off
 .text.spindle_is_on
                0x0801ea70       0x18 ./grbl/spindle_control.o
                0x0801ea70                spindle_is_on
 .text.state_noop
                0x0801ea88        0x2 ./grbl/state_machine.o
 *fill*         0x0801ea8a        0x2 
 .text.state_await_restart_retract
                0x0801ea8c       0x40 ./grbl/state_machine.o
 .text.state_await_waypoint_retract
                0x0801eacc       0xe0 ./grbl/state_machine.o
 .text.restart_retract
                0x0801ebac       0x60 ./grbl/state_machine.o
 .text.state_spindle_restore
                0x0801ec0c       0x14 ./grbl/state_machine.o
 .text.state_restore_conditions
                0x0801ec20       0x78 ./grbl/state_machine.o
 .text.state_restore
                0x0801ec98       0xd0 ./grbl/state_machine.o
 .text.initiate_hold
                0x0801ed68      0x16c ./grbl/state_machine.o
 .text.enter_sleep
                0x0801eed4       0x34 ./grbl/state_machine.o
 .text.state_spindle_set_state
                0x0801ef08       0x14 ./grbl/state_machine.o
 .text.state_door_reopened
                0x0801ef1c       0x2c ./grbl/state_machine.o
                0x0801ef1c                state_door_reopened
 .text.state_get
                0x0801ef48        0xc ./grbl/state_machine.o
                0x0801ef48                state_get
 .text.state_set
                0x0801ef54      0x264 ./grbl/state_machine.o
                0x0801ef54                state_set
 .text.state_idle
                0x0801f1b8       0x4c ./grbl/state_machine.o
 .text.state_update
                0x0801f204       0x2c ./grbl/state_machine.o
                0x0801f204                state_update
 .text.state_await_resume
                0x0801f230      0x23c ./grbl/state_machine.o
 .text.state_await_resumed
                0x0801f46c       0x48 ./grbl/state_machine.o
 .text.state_await_toolchanged
                0x0801f4b4       0x74 ./grbl/state_machine.o
 .text.state_cycle
                0x0801f528       0x78 ./grbl/state_machine.o
 .text.state_await_motion_cancel
                0x0801f5a0       0x64 ./grbl/state_machine.o
 .text.state_await_hold
                0x0801f604      0x24c ./grbl/state_machine.o
 .text.state_suspend_manager
                0x0801f850      0x104 ./grbl/state_machine.o
                0x0801f850                state_suspend_manager
 .text.st_deenergize
                0x0801f954       0x2c ./grbl/stepper.o
                0x0801f954                st_deenergize
 .text.st_wake_up
                0x0801f980       0x1c ./grbl/stepper.o
                0x0801f980                st_wake_up
 .text.st_go_idle
                0x0801f99c       0x88 ./grbl/stepper.o
                0x0801f99c                st_go_idle
 .text.stepper_driver_interrupt_handler
                0x0801fa24      0x2ec ./grbl/stepper.o
                0x0801fa24                stepper_driver_interrupt_handler
 .text.st_reset
                0x0801fd10      0x110 ./grbl/stepper.o
                0x0801fd10                st_reset
 .text.st_rpm_changed
                0x0801fe20        0xc ./grbl/stepper.o
                0x0801fe20                st_rpm_changed
 .text.st_update_plan_block_parameters
                0x0801fe2c       0x2c ./grbl/stepper.o
                0x0801fe2c                st_update_plan_block_parameters
 .text.st_parking_setup_buffer
                0x0801fe58       0x80 ./grbl/stepper.o
                0x0801fe58                st_parking_setup_buffer
 .text.st_parking_restore_buffer
                0x0801fed8       0x8c ./grbl/stepper.o
                0x0801fed8                st_parking_restore_buffer
 .text.st_prep_buffer
                0x0801ff64      0x88c ./grbl/stepper.o
                0x0801ff64                st_prep_buffer
 .text.st_get_realtime_rate
                0x080207f0       0x24 ./grbl/stepper.o
                0x080207f0                st_get_realtime_rate
 .text.st_get_offset_id
                0x08020814       0x38 ./grbl/stepper.o
                0x08020814                st_get_offset_id
 .text.stream_get_null
                0x0802084c        0x6 ./grbl/stream.o
                0x0802084c                stream_get_null
 .text.stream_connected
                0x08020852        0x4 ./grbl/stream.o
                0x08020852                stream_connected
 .text.is_not_connected
                0x08020856        0x4 ./grbl/stream.o
 *fill*         0x0802085a        0x2 
 .text.connection_is_up
                0x0802085c       0x48 ./grbl/stream.o
 .text.stream_write_all
                0x080208a4       0x24 ./grbl/stream.o
 .text._open_instance
                0x080208c8       0x3c ./grbl/stream.o
 .text.null_rx_free
                0x08020904        0x6 ./grbl/stream.o
 .text.null_count
                0x0802090a        0x4 ./grbl/stream.o
 .text.null_put_c
                0x0802090e        0x4 ./grbl/stream.o
 .text.null_write_string
                0x08020912        0x2 ./grbl/stream.o
 .text.null_write
                0x08020914        0x2 ./grbl/stream.o
 .text.null_suspend_disable
                0x08020916        0x4 ./grbl/stream.o
 .text.null_set_baudrate
                0x0802091a        0x4 ./grbl/stream.o
 *fill*         0x0802091e        0x2 
 .text.null_enqueue_rt_command
                0x08020920       0x10 ./grbl/stream.o
 .text.null_set_rt_handler
                0x08020930       0x14 ./grbl/stream.o
 .text.stream_null_init
                0x08020944        0x8 ./grbl/stream.o
                0x08020944                stream_null_init
 .text.await_toolchange_ack
                0x0802094c       0x64 ./grbl/stream.o
 .text.add_connection
                0x080209b0       0x68 ./grbl/stream.o
 .text.stream_register_streams
                0x08020a18       0x14 ./grbl/stream.o
                0x08020a18                stream_register_streams
 .text.stream_enumerate_streams
                0x08020a2c       0x3c ./grbl/stream.o
                0x08020a2c                stream_enumerate_streams
 .text.stream_tx_blocking
                0x08020a68       0x24 ./grbl/stream.o
                0x08020a68                stream_tx_blocking
 .text.stream_rx_suspend
                0x08020a8c       0x84 ./grbl/stream.o
                0x08020a8c                stream_rx_suspend
 .text.stream_enqueue_realtime_command
                0x08020b10       0x44 ./grbl/stream.o
                0x08020b10                stream_enqueue_realtime_command
 .text.stream_set_description
                0x08020b54       0x44 ./grbl/stream.o
                0x08020b54                stream_set_description
 .text.stream_mpg_enable
                0x08020b98      0x138 ./grbl/stream.o
                0x08020b98                stream_mpg_enable
 .text.stream_select
                0x08020cd0      0x29c ./grbl/stream.o
 .text.stream_connect
                0x08020f6c       0x20 ./grbl/stream.o
                0x08020f6c                stream_connect
 .text.stream_connect_instance
                0x08020f8c       0x34 ./grbl/stream.o
                0x08020f8c                stream_connect_instance
 .text.stream_mpg_set_mode
                0x08020fc0        0xe ./grbl/stream.o
                0x08020fc0                stream_mpg_set_mode
 *fill*         0x08020fce        0x2 
 .text.toggle_single_block
                0x08020fd0       0x50 ./grbl/system.o
 .text.toggle_block_delete
                0x08021020       0x50 ./grbl/system.o
 .text.toggle_optional_stop
                0x08021070       0x50 ./grbl/system.o
 .text.enter_sleep
                0x080210c0       0x38 ./grbl/system.o
 .text.help_rtc
                0x080210f8       0x30 ./grbl/system.o
                0x080210f8                help_rtc
 .text.help_pins
                0x08021128       0x18 ./grbl/system.o
                0x08021128                help_pins
 .text.help_pin_state
                0x08021140       0x18 ./grbl/system.o
                0x08021140                help_pin_state
 .text.help_switches
                0x08021158       0x60 ./grbl/system.o
                0x08021158                help_switches
 .text.help_homing
                0x080211b8       0x44 ./grbl/system.o
                0x080211b8                help_homing
 .text.jog      0x080211fc       0x22 ./grbl/system.o
 *fill*         0x0802121e        0x2 
 .text.help_rst
                0x08021220       0x60 ./grbl/system.o
                0x08021220                help_rst
 .text.help_spindle
                0x08021280       0x4c ./grbl/system.o
                0x08021280                help_spindle
 .text.spindle_reset_data
                0x080212cc       0x1a ./grbl/system.o
 *fill*         0x080212e6        0x2 
 .text.rtc_action
                0x080212e8       0x28 ./grbl/system.o
 .text.pin_state
                0x08021310        0x8 ./grbl/system.o
 .text.enumerate_pins
                0x08021318        0x8 ./grbl/system.o
 .text.enumerate_alarms_grblformatted
                0x08021320        0xa ./grbl/system.o
 .text.enumerate_alarms
                0x0802132a        0xa ./grbl/system.o
 .text.enumerate_errors_grblformatted
                0x08021334        0xa ./grbl/system.o
 .text.enumerate_errors
                0x0802133e        0xa ./grbl/system.o
 .text.enumerate_groups
                0x08021348        0xc ./grbl/system.o
 .text.enumerate_all
                0x08021354       0x24 ./grbl/system.o
 .text.enumerate_settings_halformatted
                0x08021378       0x10 ./grbl/system.o
 .text.enumerate_settings_grblformatted
                0x08021388       0x10 ./grbl/system.o
 .text.enumerate_settings
                0x08021398       0x10 ./grbl/system.o
 .text.set_startup_line
                0x080213a8       0x48 ./grbl/system.o
 .text.set_startup_line1
                0x080213f0        0xa ./grbl/system.o
 .text.set_startup_line0
                0x080213fa        0xa ./grbl/system.o
 .text.output_startup_lines
                0x08021404       0x48 ./grbl/system.o
 .text.settings_reset
                0x0802144c       0x64 ./grbl/system.o
 .text.output_all_build_info