../Drivers/STM32F4xx_HAL_Driver/Src/stm32f4xx_hal_uart.c:3437:13:UART_EndTxTransfer	0	static,ignoring_inline_asm
../Drivers/STM32F4xx_HAL_Driver/Src/stm32f4xx_hal_uart.c:3451:13:UART_EndRxTransfer	0	static,ignoring_inline_asm
../Drivers/STM32F4xx_HAL_Driver/Src/stm32f4xx_hal_uart.c:3645:26:UART_Transmit_IT	0	static
../Drivers/STM32F4xx_HAL_Driver/Src/stm32f4xx_hal_uart.c:3813:13:UART_SetConfig	8	static
../Drivers/STM32F4xx_HAL_Driver/Src/stm32f4xx_hal_uart.c:3294:26:UART_WaitOnFlagUntilTimeout	40	static
../Drivers/STM32F4xx_HAL_Driver/Src/stm32f4xx_hal_uart.c:715:13:HAL_UART_MspInit	0	static
../Drivers/STM32F4xx_HAL_Driver/Src/stm32f4xx_hal_uart.c:357:19:HAL_UART_Init	8	static
../Drivers/STM32F4xx_HAL_Driver/Src/stm32f4xx_hal_uart.c:435:19:HAL_HalfDuplex_Init	8	static
../Drivers/STM32F4xx_HAL_Driver/Src/stm32f4xx_hal_uart.c:509:19:HAL_LIN_Init	16	static
../Drivers/STM32F4xx_HAL_Driver/Src/stm32f4xx_hal_uart.c:591:19:HAL_MultiProcessor_Init	16	static
../Drivers/STM32F4xx_HAL_Driver/Src/stm32f4xx_hal_uart.c:730:13:HAL_UART_MspDeInit	0	static
../Drivers/STM32F4xx_HAL_Driver/Src/stm32f4xx_hal_uart.c:669:19:HAL_UART_DeInit	8	static
../Drivers/STM32F4xx_HAL_Driver/Src/stm32f4xx_hal_uart.c:1144:19:HAL_UART_Transmit	32	static
../Drivers/STM32F4xx_HAL_Driver/Src/stm32f4xx_hal_uart.c:1239:19:HAL_UART_Receive	32	static
../Drivers/STM32F4xx_HAL_Driver/Src/stm32f4xx_hal_uart.c:1340:19:HAL_UART_Transmit_IT	0	static
../Drivers/STM32F4xx_HAL_Driver/Src/stm32f4xx_hal_uart.c:1385:19:HAL_UART_Receive_IT	0	static
../Drivers/STM32F4xx_HAL_Driver/Src/stm32f4xx_hal_uart.c:1436:19:HAL_UART_Transmit_DMA	16	static,ignoring_inline_asm
../Drivers/STM32F4xx_HAL_Driver/Src/stm32f4xx_hal_uart.c:1504:19:HAL_UART_Receive_DMA	24	static
../Drivers/STM32F4xx_HAL_Driver/Src/stm32f4xx_hal_uart.c:1566:19:HAL_UART_DMAPause	0	static,ignoring_inline_asm
../Drivers/STM32F4xx_HAL_Driver/Src/stm32f4xx_hal_uart.c:1603:19:HAL_UART_DMAResume	8	static,ignoring_inline_asm
../Drivers/STM32F4xx_HAL_Driver/Src/stm32f4xx_hal_uart.c:1642:19:HAL_UART_DMAStop	8	static,ignoring_inline_asm
../Drivers/STM32F4xx_HAL_Driver/Src/stm32f4xx_hal_uart.c:1697:19:HAL_UARTEx_ReceiveToIdle	40	static
../Drivers/STM32F4xx_HAL_Driver/Src/stm32f4xx_hal_uart.c:1950:29:HAL_UARTEx_GetRxEventType	0	static
../Drivers/STM32F4xx_HAL_Driver/Src/stm32f4xx_hal_uart.c:1968:19:HAL_UART_Abort	8	static,ignoring_inline_asm
../Drivers/STM32F4xx_HAL_Driver/Src/stm32f4xx_hal_uart.c:2057:19:HAL_UART_AbortTransmit	8	static,ignoring_inline_asm
../Drivers/STM32F4xx_HAL_Driver/Src/stm32f4xx_hal_uart.c:2108:19:HAL_UART_AbortReceive	8	static,ignoring_inline_asm
../Drivers/STM32F4xx_HAL_Driver/Src/stm32f4xx_hal_uart.c:2701:13:HAL_UART_TxCpltCallback	0	static
../Drivers/STM32F4xx_HAL_Driver/Src/stm32f4xx_hal_uart.c:3097:13:UART_DMATransmitCplt	8	static,ignoring_inline_asm
../Drivers/STM32F4xx_HAL_Driver/Src/stm32f4xx_hal_uart.c:3686:26:UART_EndTransmit_IT	8	static
../Drivers/STM32F4xx_HAL_Driver/Src/stm32f4xx_hal_uart.c:2716:13:HAL_UART_TxHalfCpltCallback	0	static
../Drivers/STM32F4xx_HAL_Driver/Src/stm32f4xx_hal_uart.c:3132:13:UART_DMATxHalfCplt	8	static
../Drivers/STM32F4xx_HAL_Driver/Src/stm32f4xx_hal_uart.c:2731:13:HAL_UART_RxCpltCallback	0	static
../Drivers/STM32F4xx_HAL_Driver/Src/stm32f4xx_hal_uart.c:2746:13:HAL_UART_RxHalfCpltCallback	0	static
../Drivers/STM32F4xx_HAL_Driver/Src/stm32f4xx_hal_uart.c:2761:13:HAL_UART_ErrorCallback	0	static
../Drivers/STM32F4xx_HAL_Driver/Src/stm32f4xx_hal_uart.c:3252:13:UART_DMAError	8	static
../Drivers/STM32F4xx_HAL_Driver/Src/stm32f4xx_hal_uart.c:3475:13:UART_DMAAbortOnError	8	static
../Drivers/STM32F4xx_HAL_Driver/Src/stm32f4xx_hal_uart.c:2775:13:HAL_UART_AbortCpltCallback	0	static
../Drivers/STM32F4xx_HAL_Driver/Src/stm32f4xx_hal_uart.c:2169:19:HAL_UART_Abort_IT	16	static,ignoring_inline_asm
../Drivers/STM32F4xx_HAL_Driver/Src/stm32f4xx_hal_uart.c:3545:13:UART_DMARxAbortCallback	8	static
../Drivers/STM32F4xx_HAL_Driver/Src/stm32f4xx_hal_uart.c:3499:13:UART_DMATxAbortCallback	8	static
../Drivers/STM32F4xx_HAL_Driver/Src/stm32f4xx_hal_uart.c:2790:13:HAL_UART_AbortTransmitCpltCallback	0	static
../Drivers/STM32F4xx_HAL_Driver/Src/stm32f4xx_hal_uart.c:2304:19:HAL_UART_AbortTransmit_IT	8	static,ignoring_inline_asm
../Drivers/STM32F4xx_HAL_Driver/Src/stm32f4xx_hal_uart.c:3591:13:UART_DMATxOnlyAbortCallback	8	static
../Drivers/STM32F4xx_HAL_Driver/Src/stm32f4xx_hal_uart.c:2805:13:HAL_UART_AbortReceiveCpltCallback	0	static
../Drivers/STM32F4xx_HAL_Driver/Src/stm32f4xx_hal_uart.c:2381:19:HAL_UART_AbortReceive_IT	8	static,ignoring_inline_asm
../Drivers/STM32F4xx_HAL_Driver/Src/stm32f4xx_hal_uart.c:3619:13:UART_DMARxOnlyAbortCallback	8	static
../Drivers/STM32F4xx_HAL_Driver/Src/stm32f4xx_hal_uart.c:2822:13:HAL_UARTEx_RxEventCallback	0	static
../Drivers/STM32F4xx_HAL_Driver/Src/stm32f4xx_hal_uart.c:3213:13:UART_DMARxHalfCplt	8	static
../Drivers/STM32F4xx_HAL_Driver/Src/stm32f4xx_hal_uart.c:3151:13:UART_DMAReceiveCplt	8	static,ignoring_inline_asm
../Drivers/STM32F4xx_HAL_Driver/Src/stm32f4xx_hal_uart.c:3711:26:UART_Receive_IT	16	static,ignoring_inline_asm
../Drivers/STM32F4xx_HAL_Driver/Src/stm32f4xx_hal_uart.c:2459:6:HAL_UART_IRQHandler	16	static,ignoring_inline_asm
../Drivers/STM32F4xx_HAL_Driver/Src/stm32f4xx_hal_uart.c:2862:19:HAL_LIN_SendBreak	0	static,ignoring_inline_asm
../Drivers/STM32F4xx_HAL_Driver/Src/stm32f4xx_hal_uart.c:2889:19:HAL_MultiProcessor_EnterMuteMode	0	static,ignoring_inline_asm
../Drivers/STM32F4xx_HAL_Driver/Src/stm32f4xx_hal_uart.c:2917:19:HAL_MultiProcessor_ExitMuteMode	0	static,ignoring_inline_asm
../Drivers/STM32F4xx_HAL_Driver/Src/stm32f4xx_hal_uart.c:2945:19:HAL_HalfDuplex_EnableTransmitter	0	static
../Drivers/STM32F4xx_HAL_Driver/Src/stm32f4xx_hal_uart.c:2980:19:HAL_HalfDuplex_EnableReceiver	0	static
../Drivers/STM32F4xx_HAL_Driver/Src/stm32f4xx_hal_uart.c:3037:23:HAL_UART_GetState	0	static
../Drivers/STM32F4xx_HAL_Driver/Src/stm32f4xx_hal_uart.c:3052:10:HAL_UART_GetError	0	static
../Drivers/STM32F4xx_HAL_Driver/Src/stm32f4xx_hal_uart.c:3352:19:UART_Start_Receive_IT	0	static
../Drivers/STM32F4xx_HAL_Driver/Src/stm32f4xx_hal_uart.c:1822:19:HAL_UARTEx_ReceiveToIdle_IT	16	static,ignoring_inline_asm
../Drivers/STM32F4xx_HAL_Driver/Src/stm32f4xx_hal_uart.c:3387:19:UART_Start_Receive_DMA	24	static,ignoring_inline_asm
../Drivers/STM32F4xx_HAL_Driver/Src/stm32f4xx_hal_uart.c:1882:19:HAL_UARTEx_ReceiveToIdle_DMA	16	static,ignoring_inline_asm
