../FatFs/ff.c:614:13:ld_word	0	static
../FatFs/ff.c:623:14:ld_dword	0	static
../FatFs/ff.c:635:14:ld_qword	0	static
../FatFs/ff.c:652:13:st_word	0	static
../FatFs/ff.c:658:13:st_dword	0	static
../FatFs/ff.c:667:13:st_qword	0	static
../FatFs/ff.c:688:12:dbc_1st	0	static
../FatFs/ff.c:708:12:dbc_2nd	0	static
../FatFs/ff.c:1114:14:clst2sect	0	static
../FatFs/ff.c:1817:14:ld_clust	16	static
../FatFs/ff.c:1834:13:st_clust	16	static
../FatFs/ff.c:1890:12:pick_lfn	24	static
../FatFs/ff.c:1928:13:put_lfn	32	static
../FatFs/ff.c:2022:13:sum_sfn	0	static
../FatFs/ff.c:2044:13:xdir_sum	4	static
../FatFs/ff.c:2150:13:init_alloc_info	16	static
../FatFs/ff.c:3090:12:get_ldnumber	0	static
../FatFs/ff.c:3561:16:validate	16	static
../FatFs/ff.c:1025:16:sync_window	16	static
../FatFs/ff.c:1047:16:move_window	16	static
../FatFs/ff.c:3238:13:check_fs	16	static
../FatFs/ff.c:3278:13:find_volume	32	static
../FatFs/ff.c:3332:16:mount_volume	48	static
../FatFs/ff.c:1274:14:find_bitmap	32	static
../FatFs/ff.c:1314:16:change_bitmap	32	static
../FatFs/ff.c:1209:16:put_fat	32	static
../FatFs/ff.c:1373:16:fill_last_frag	16	static
../FatFs/ff.c:1350:16:fill_first_frag	16	static
../FatFs/ff.c:1131:14:get_fat	24	static
../FatFs/ff.c:1494:14:create_chain	32	static
../FatFs/ff.c:1666:16:dir_sdi	24	static
../FatFs/ff.c:1399:16:remove_chain	32	static
../FatFs/ff.c:1627:16:dir_clear	24	static
../FatFs/ff.c:1714:16:dir_next	32	static
../FatFs/ff.c:1775:16:dir_alloc	24	static
../FatFs/ff.c:2540:16:dir_remove	16	static
../FatFs/ff.c:2099:16:load_xdir	24	static
../FatFs/ff.c:2168:16:load_obj_xdir	8	static
../FatFs/ff.c:2275:16:dir_read	32	static
../FatFs/ff.c:1965:13:gen_numname	32	static
../FatFs/ff.c:2197:16:store_xdir	16	static
../FatFs/ff.c:801:13:put_utf	16	static
../FatFs/ff.c:2586:13:get_fileinfo	32	static
../FatFs/ff.c:732:14:tchar2uni	24	static
../FatFs/ff.c:2801:16:create_name	56	static
../FatFs/ff.c:2065:13:xname_sum	16	static
../FatFs/ff.c:2229:13:create_xdir	32	static
../FatFs/ff.c:1854:12:cmp_lfn	32	static
../FatFs/ff.c:2353:16:dir_find	40	static
../FatFs/ff.c:3003:16:follow_path	104	static
../FatFs/ff.c:2434:16:dir_register	120	static
../FatFs/ff.c:1078:16:sync_fs	16	static
../FatFs/ff.c:3605:9:f_mount	24	static
../FatFs/ff.c:3653:9:f_open	128	static
../FatFs/ff.c:3850:9:f_read	56	static
../FatFs/ff.c:3950:9:f_write	56	static
../FatFs/ff.c:4071:9:f_sync	104	static
../FatFs/ff.c:4152:9:f_close	16	static
../FatFs/ff.c:4188:9:f_chdrive	16	static
../FatFs/ff.c:4205:9:f_chdir	112	static
../FatFs/ff.c:4267:9:f_getcwd	408	static
../FatFs/ff.c:4367:9:f_lseek	56	static
../FatFs/ff.c:4531:9:f_opendir	24	static
../FatFs/ff.c:4597:9:f_closedir	16	static
../FatFs/ff.c:4627:9:f_readdir	24	static
../FatFs/ff.c:4715:9:f_stat	104	static
../FatFs/ff.c:4750:9:f_getfree	96	static
../FatFs/ff.c:4842:9:f_truncate	24	static
../FatFs/ff.c:4892:9:f_unlink	240	static
../FatFs/ff.c:4986:9:f_mkdir	160	static
../FatFs/ff.c:5070:9:f_rename	272	static
../FatFs/ff.c:5180:9:f_chmod	112	static
../FatFs/ff.c:5227:9:f_utime	112	static
