../trinamic/tmc2660.c:127:13:_set_rms_current	8	static
../trinamic/tmc2660.c:122:30:TMC2660_GetConfigDefaults	0	static
../trinamic/tmc2660.c:139:6:TMC2660_SetDefaults	16	static
../trinamic/tmc2660.c:170:15:cs2rms_2660	8	static
../trinamic/tmc2660.c:180:10:TMC2660_GetCurrent	8	static
../trinamic/tmc2660.c:186:6:TMC2660_SetCurrent	8	static
../trinamic/tmc2660.c:198:6:TMC2660_MicrostepsIsValid	8	static
../trinamic/tmc2660.c:203:6:TMC2660_SetMicrosteps	8	static
../trinamic/tmc2660.c:211:6:TMC2660_SetConstantOffTimeChopper	0	static
../trinamic/tmc2660.c:240:25:TMC2660_WriteRegister	24	static
../trinamic/tmc2660.c:250:25:TMC2660_ReadRegister	24	static
../trinamic/tmc2660.c:154:6:TMC2660_Init	16	static
../trinamic/tmc2660.c:273:21:TMC2660_GetRegPtr	0	static
