../grbl/report.c:159:21:axis_signals_tostring	0	static
../grbl/report.c:179:21:control_signals_tostring	4	static
../grbl/report.c:319:13:report_init_message	8	static
../grbl/report.c:331:13:report_help_message	8	static
../grbl/report.c:414:12:cmp_settings	0	static
../grbl/report.c:1494:13:write_quoted	24	static
../grbl/report.c:1916:12:cmp_alarms	0	static
../grbl/report.c:1976:12:cmp_errors	0	static
../grbl/report.c:2055:12:cmp_setting_group_id	0	static
../grbl/report.c:2065:13:group_is_dup	0	static
../grbl/report.c:2116:14:add_limits	16	static
../grbl/report.c:2247:13:count_pins	0	static
../grbl/report.c:2257:12:cmp_pins	0	static
../grbl/report.c:2296:14:irq_mode	0	static
../grbl/report.c:2322:14:pull_mode	0	static
../grbl/report.c:146:14:get_rate_value_mm	8	static
../grbl/report.c:152:14:get_rate_value_inch	8	static
../grbl/report.c:448:13:print_setting	16	static
../grbl/report.c:1921:13:print_alarm	16	static
../grbl/report.c:1981:13:print_error	16	static
../grbl/report.c:2426:13:print_uito2a	16	static
../grbl/report.c:2455:13:report_spindle	16	static
../grbl/report.c:92:14:get_axis_values_mm	16	static
../grbl/report.c:111:14:get_axis_values_inches	16	static
../grbl/report.c:134:14:get_axis_value_mm	8	static
../grbl/report.c:140:14:get_axis_value_inches	8	static
../grbl/report.c:78:14:map_coord_system	16	static
../grbl/report.c:2233:20:get_pin_info	8	static
../grbl/report.c:2252:13:get_pins	8	static
../grbl/report.c:58:14:appendbuf	16	static
../grbl/report.c:245:21:report_alarm_message	16	static
../grbl/report.c:228:22:report_status_message	16	static
../grbl/report.c:1459:13:report_bitfield	32	static
../grbl/report.c:2060:12:cmp_setting_group_name	8	static
../grbl/report.c:1503:13:write_name	24	static
../grbl/report.c:1516:13:report_settings_detail	24	static
../grbl/report.c:1802:13:print_unsorted	16	static
../grbl/report.c:1794:13:print_sorted	8	static
../grbl/report.c:1811:22:print_settings_details	48	static
../grbl/report.c:2036:13:print_setting_group	24	static
../grbl/report.c:2218:13:report_pin_info	16	static
../grbl/report.c:2262:13:report_pin	32	static
../grbl/report.c:419:13:report_setting	16	static
../grbl/report.c:215:6:report_init	0	static
../grbl/report.c:254:6:report_message	16	static
../grbl/report.c:306:23:report_feedback_message	8	static
../grbl/report.c:284:6:report_plain	8	static
../grbl/report.c:290:6:report_info	8	static
../grbl/report.c:296:6:report_warning	8	static
../grbl/report.c:434:15:report_grbl_setting	16	static
../grbl/report.c:461:6:report_grbl_settings	40	static
../grbl/report.c:516:6:report_probe_parameters	32	static
../grbl/report.c:529:6:report_home_position	16	static
../grbl/report.c:539:6:report_tool_offsets	16	static
../grbl/report.c:553:15:report_ngc_parameter	32	static
../grbl/report.c:570:15:report_named_ngc_parameter	32	static
../grbl/report.c:589:6:report_ngc_parameters	48	static
../grbl/report.c:682:6:report_gcode_modes	16	static
../grbl/report.c:806:6:report_startup_line	16	static
../grbl/report.c:813:6:report_execute_startup_message	16	static
../grbl/report.c:822:6:report_build_info	128	static
../grbl/report.c:1094:6:report_echo_line_received	16	static
../grbl/report.c:1107:6:report_realtime_status	80	static
../grbl/report.c:1873:15:report_settings_details	16	static
../grbl/report.c:336:13:report_group_settings	64	static
../grbl/report.c:1893:15:report_setting_description	32	static
../grbl/report.c:1939:15:report_alarm_details	24	static
../grbl/report.c:1999:15:report_error_details	24	static
../grbl/report.c:2076:15:report_setting_group_details	40	static
../grbl/report.c:363:15:report_help	16	static
../grbl/report.c:2129:15:report_last_signals_event	16	static
../grbl/report.c:2145:15:report_current_limit_state	24	static
../grbl/report.c:2159:15:report_current_home_signal_state	24	static
../grbl/report.c:2179:15:report_spindle_data	32	static
../grbl/report.c:2269:15:report_pins	24	static
../grbl/report.c:2338:15:report_pin_states	32	static
../grbl/report.c:2434:15:report_time	56	static
../grbl/report.c:2519:15:report_spindles	8	static
../grbl/report.c:2527:6:report_pid_log	8	static
../grbl/report.c:2563:6:report_init_fns	16	static
