../trinamic/tmc2660hal.c:50:27:getConfig	0	static
../trinamic/tmc2660hal.c:76:23:getChopconf	8	static
../trinamic/tmc2660hal.c:117:25:getIholdIrun	0	static
../trinamic/tmc2660hal.c:157:16:get_sg_stall_value	0	static
../trinamic/tmc2660hal.c:175:13:coolStepEnable	0	static
../trinamic/tmc2660hal.c:194:13:vsense	0	static
../trinamic/tmc2660hal.c:199:13:read_register	8	static
../trinamic/tmc2660hal.c:221:14:get_register_addr	0	static
../trinamic/tmc2660hal.c:209:13:write_register	24	static
../trinamic/tmc2660hal.c:181:13:chopper_timing	0	static
../trinamic/tmc2660hal.c:162:13:coolconf	8	static
../trinamic/tmc2660hal.c:151:13:sg_stall_value	0	static
../trinamic/tmc2660hal.c:145:13:sg_filter	0	static
../trinamic/tmc2660hal.c:135:13:stallGuardEnable	0	static
../trinamic/tmc2660hal.c:90:17:getStallGuardResult	16	static
../trinamic/tmc2660hal.c:128:17:getDriverStatusRaw	16	static
../trinamic/tmc2660hal.c:97:25:getDriverStatus	24	static
../trinamic/tmc2660hal.c:71:17:getCurrent	0	static
../trinamic/tmc2660hal.c:66:13:setCurrent	0	static
../trinamic/tmc2660hal.c:60:13:setMicrosteps	16	static
../trinamic/tmc2660hal.c:55:13:isValidMicrosteps	0	static
../trinamic/tmc2660hal.c:254:17:TMC2660_AddMotor	32	static
../trinamic/tmc2660hal.c:275:17:TMC2660_AddNULLMotor	16	static
