../lwip/src/apps/mqtt/mqtt.c:184:1:mqtt_ringbuf_put	0	static
../lwip/src/apps/mqtt/mqtt.c:313:1:mqtt_append_request	8	static
../lwip/src/apps/mqtt/mqtt.c:356:1:mqtt_take_request	8	static
../lwip/src/apps/mqtt/mqtt.c:457:6:mqtt_output_append_u16	8	static
../lwip/src/apps/mqtt/mqtt.c:473:1:mqtt_output_append_string	16	static
../lwip/src/apps/mqtt/mqtt.c:537:1:mqtt_close	16	static
../lwip/src/apps/mqtt/mqtt.c:1008:1:mqtt_tcp_err_cb	0	static
../lwip/src/apps/mqtt/mqtt.c:494:1:mqtt_output_append_fixed_header.constprop	16	static
../lwip/src/apps/mqtt/mqtt.c:514:1:mqtt_output_check_space	0	static
../lwip/src/apps/mqtt/mqtt.c:234:1:mqtt_output_send	24	static
../lwip/src/apps/mqtt/mqtt.c:1026:1:mqtt_tcp_poll_cb	8	static
../lwip/src/apps/mqtt/mqtt.c:1043:1:mqtt_tcp_connect_cb	16	static
../lwip/src/apps/mqtt/mqtt.c:635:1:pub_ack_rec_rel_response.isra	32	static
../lwip/src/apps/mqtt/mqtt.c:576:1:mqtt_cyclic_timer	32	static
../lwip/src/apps/mqtt/mqtt.c:672:1:mqtt_message_received	48	static
../lwip/src/apps/mqtt/mqtt.c:931:1:mqtt_tcp_recv_cb	48	static
../lwip/src/apps/mqtt/mqtt.c:975:1:mqtt_tcp_sent_cb	16	static
../lwip/src/apps/mqtt/mqtt.c:1096:1:mqtt_publish	56	static
../lwip/src/apps/mqtt/mqtt.c:1172:1:mqtt_sub_unsub	56	static
../lwip/src/apps/mqtt/mqtt.c:1237:1:mqtt_set_inpub_callback	0	static
../lwip/src/apps/mqtt/mqtt.c:1253:1:mqtt_client_new	0	static
../lwip/src/apps/mqtt/mqtt.c:1265:1:mqtt_client_free	0	static
../lwip/src/apps/mqtt/mqtt.c:1282:1:mqtt_client_connect	72	static
../lwip/src/apps/mqtt/mqtt.c:1436:1:mqtt_disconnect	0	static
../lwip/src/apps/mqtt/mqtt.c:1455:1:mqtt_client_is_connected	0	static
