../networking/cJSON.c:611:17:parse_hex4	8	static
../networking/cJSON.c:769:19:parse_string	32	static
../networking/cJSON.c:1034:22:buffer_skip_whitespace	8	static
../networking/cJSON.c:1847:15:get_array_item	0	static
../networking/cJSON.c:525:13:update_offset	16	static
../networking/cJSON.c:439:23:ensure	16	static
../networking/cJSON.c:898:19:print_string_ptr	40	static
../networking/cJSON.c:1876:15:get_object_item	24	static
../networking/cJSON.c:1952:19:add_item_to_array	0	static
../networking/cJSON.c:188:23:cJSON_strdup.constprop	16	static
../networking/cJSON.c:2007:19:add_item_to_object.constprop	24	static
../networking/cJSON.c:241:15:cJSON_New_Item.isra	8	static
../networking/cJSON.c:1931:15:create_reference.constprop	8	static
../networking/cJSON.c:1363:19:print_value	88	static
../networking/cJSON.c:1183:23:print.constprop	56	static
../networking/cJSON.c:94:28:cJSON_GetErrorPtr	0	static
../networking/cJSON.c:124:27:cJSON_Version	16	static
../networking/cJSON.c:209:20:cJSON_InitHooks	12	static
../networking/cJSON.c:253:20:cJSON_Delete	16	static
../networking/cJSON.c:1308:19:parse_value	104	static
../networking/cJSON.c:382:22:cJSON_SetNumberHelper	16	static
../networking/cJSON.c:1091:23:cJSON_ParseWithLengthOpts	64	static
../networking/cJSON.c:1075:23:cJSON_ParseWithOpts	16	static
../networking/cJSON.c:1171:23:cJSON_Parse	0	static
../networking/cJSON.c:1176:23:cJSON_ParseWithLength	0	static
../networking/cJSON.c:1248:22:cJSON_Print	0	static
../networking/cJSON.c:1253:22:cJSON_PrintUnformatted	0	static
../networking/cJSON.c:1258:22:cJSON_PrintBuffered	64	static
../networking/cJSON.c:1288:26:cJSON_PrintPreallocated	64	static
../networking/cJSON.c:1824:19:cJSON_GetArraySize	0	static
../networking/cJSON.c:1866:23:cJSON_GetArrayItem	0	static
../networking/cJSON.c:1908:23:cJSON_GetObjectItem	0	static
../networking/cJSON.c:1913:23:cJSON_GetObjectItemCaseSensitive	0	static
../networking/cJSON.c:1918:26:cJSON_HasObjectItem	8	static
../networking/cJSON.c:1986:26:cJSON_AddItemToArray	0	static
../networking/cJSON.c:2044:26:cJSON_AddItemToObject	0	static
../networking/cJSON.c:2050:26:cJSON_AddItemToObjectCS	0	static
../networking/cJSON.c:2055:26:cJSON_AddItemReferenceToArray	8	static
../networking/cJSON.c:2065:26:cJSON_AddItemReferenceToObject	16	static
../networking/cJSON.c:2183:23:cJSON_DetachItemViaPointer	8	static
../networking/cJSON.c:2219:23:cJSON_DetachItemFromArray	8	static
../networking/cJSON.c:2229:20:cJSON_DeleteItemFromArray	8	static
../networking/cJSON.c:2234:23:cJSON_DetachItemFromObject	8	static
../networking/cJSON.c:2241:23:cJSON_DetachItemFromObjectCaseSensitive	8	static
../networking/cJSON.c:2248:20:cJSON_DeleteItemFromObject	8	static
../networking/cJSON.c:2253:20:cJSON_DeleteItemFromObjectCaseSensitive	8	static
../networking/cJSON.c:2259:26:cJSON_InsertItemInArray	8	static
../networking/cJSON.c:2288:26:cJSON_ReplaceItemViaPointer	8	static
../networking/cJSON.c:2337:26:cJSON_ReplaceItemInArray	8	static
../networking/cJSON.c:2376:23:cJSON_CreateNull	8	static
../networking/cJSON.c:2075:22:cJSON_AddNullToObject	16	static
../networking/cJSON.c:2387:23:cJSON_CreateTrue	8	static
../networking/cJSON.c:2087:22:cJSON_AddTrueToObject	16	static
../networking/cJSON.c:2398:23:cJSON_CreateFalse	8	static
../networking/cJSON.c:2099:22:cJSON_AddFalseToObject	16	static
../networking/cJSON.c:2409:23:cJSON_CreateBool	8	static
../networking/cJSON.c:2111:22:cJSON_AddBoolToObject	16	static
../networking/cJSON.c:2420:23:cJSON_CreateNumber	16	static
../networking/cJSON.c:2123:22:cJSON_AddNumberToObject	16	static
../networking/cJSON.c:2446:23:cJSON_CreateString	16	static
../networking/cJSON.c:2135:22:cJSON_AddStringToObject	16	static
../networking/cJSON.c:2463:23:cJSON_CreateStringReference	8	static
../networking/cJSON.c:2475:23:cJSON_CreateObjectReference	8	static
../networking/cJSON.c:2486:23:cJSON_CreateArrayReference	8	static
../networking/cJSON.c:2496:23:cJSON_CreateRaw	16	static
../networking/cJSON.c:2147:22:cJSON_AddRawToObject	16	static
../networking/cJSON.c:2513:23:cJSON_CreateArray	8	static
../networking/cJSON.c:2171:22:cJSON_AddArrayToObject	16	static
../networking/cJSON.c:2524:23:cJSON_CreateObject	8	static
../networking/cJSON.c:2159:22:cJSON_AddObjectToObject	16	static
../networking/cJSON.c:2536:23:cJSON_CreateIntArray	24	static
../networking/cJSON.c:2576:23:cJSON_CreateFloatArray	24	static
../networking/cJSON.c:2616:23:cJSON_CreateDoubleArray	24	static
../networking/cJSON.c:2656:23:cJSON_CreateStringArray	24	static
../networking/cJSON.c:2697:23:cJSON_Duplicate	16	static
../networking/cJSON.c:2829:20:cJSON_Minify	8	static
../networking/cJSON.c:2877:26:cJSON_IsInvalid	0	static
../networking/cJSON.c:2887:26:cJSON_IsFalse	0	static
../networking/cJSON.c:2897:26:cJSON_IsTrue	0	static
../networking/cJSON.c:2908:26:cJSON_IsBool	0	static
../networking/cJSON.c:2917:26:cJSON_IsNull	0	static
../networking/cJSON.c:2927:26:cJSON_IsNumber	0	static
../networking/cJSON.c:109:22:cJSON_GetNumberValue	8	static
../networking/cJSON.c:2937:26:cJSON_IsString	0	static
../networking/cJSON.c:99:22:cJSON_GetStringValue	8	static
../networking/cJSON.c:2947:26:cJSON_IsArray	0	static
../networking/cJSON.c:2957:26:cJSON_IsObject	0	static
../networking/cJSON.c:2967:26:cJSON_IsRaw	0	static
../networking/cJSON.c:2977:26:cJSON_Compare	40	static
../networking/cJSON.c:3102:22:cJSON_malloc	0	static
../networking/cJSON.c:3107:20:cJSON_free	0	static
../networking/cJSON.c:400:21:cJSON_SetValuestring	24	static
../networking/cJSON.c:2347:19:replace_item_in_object	24	static
../networking/cJSON.c:2365:26:cJSON_ReplaceItemInObject	0	static
../networking/cJSON.c:2370:26:cJSON_ReplaceItemInObjectCaseSensitive	0	static
