Archive member included to satisfy reference by file (symbol)

C:/ST/STM32CubeIDE_1.15.1/STM32CubeIDE/plugins/com.st.stm32cube.ide.mcu.externaltools.gnu-tools-for-stm32.12.3.rel1.win32_1.0.100.202403111256/tools/bin/../lib/gcc/arm-none-eabi/12.3.1/../../../../arm-none-eabi/lib/thumb/v7e-m+fp/hard\libc_nano.a(libc_a-assert.o)
                              ./grbl/settings.o (__assert_func)
C:/ST/STM32CubeIDE_1.15.1/STM32CubeIDE/plugins/com.st.stm32cube.ide.mcu.externaltools.gnu-tools-for-stm32.12.3.rel1.win32_1.0.100.202403111256/tools/bin/../lib/gcc/arm-none-eabi/12.3.1/../../../../arm-none-eabi/lib/thumb/v7e-m+fp/hard\libc_nano.a(libc_a-atoi.o)
                              ./lwip/src/core/netif.o (atoi)
C:/ST/STM32CubeIDE_1.15.1/STM32CubeIDE/plugins/com.st.stm32cube.ide.mcu.externaltools.gnu-tools-for-stm32.12.3.rel1.win32_1.0.100.202403111256/tools/bin/../lib/gcc/arm-none-eabi/12.3.1/../../../../arm-none-eabi/lib/thumb/v7e-m+fp/hard\libc_nano.a(libc_a-calloc.o)
                              ./grbl/report.o (calloc)
C:/ST/STM32CubeIDE_1.15.1/STM32CubeIDE/plugins/com.st.stm32cube.ide.mcu.externaltools.gnu-tools-for-stm32.12.3.rel1.win32_1.0.100.202403111256/tools/bin/../lib/gcc/arm-none-eabi/12.3.1/../../../../arm-none-eabi/lib/thumb/v7e-m+fp/hard\libc_nano.a(libc_a-callocr.o)
                              C:/ST/STM32CubeIDE_1.15.1/STM32CubeIDE/plugins/com.st.stm32cube.ide.mcu.externaltools.gnu-tools-for-stm32.12.3.rel1.win32_1.0.100.202403111256/tools/bin/../lib/gcc/arm-none-eabi/12.3.1/../../../../arm-none-eabi/lib/thumb/v7e-m+fp/hard\libc_nano.a(libc_a-calloc.o) (_calloc_r)
C:/ST/STM32CubeIDE_1.15.1/STM32CubeIDE/plugins/com.st.stm32cube.ide.mcu.externaltools.gnu-tools-for-stm32.12.3.rel1.win32_1.0.100.202403111256/tools/bin/../lib/gcc/arm-none-eabi/12.3.1/../../../../arm-none-eabi/lib/thumb/v7e-m+fp/hard\libc_nano.a(libc_a-exit.o)
                              C:/ST/STM32CubeIDE_1.15.1/STM32CubeIDE/plugins/com.st.stm32cube.ide.mcu.externaltools.gnu-tools-for-stm32.12.3.rel1.win32_1.0.100.202403111256/tools/bin/../lib/gcc/arm-none-eabi/12.3.1/../../../../arm-none-eabi/lib/thumb/v7e-m+fp/hard/crt0.o (exit)
C:/ST/STM32CubeIDE_1.15.1/STM32CubeIDE/plugins/com.st.stm32cube.ide.mcu.externaltools.gnu-tools-for-stm32.12.3.rel1.win32_1.0.100.202403111256/tools/bin/../lib/gcc/arm-none-eabi/12.3.1/../../../../arm-none-eabi/lib/thumb/v7e-m+fp/hard\libc_nano.a(libc_a-itoa.o)
                              ./networking/urlencode.o (itoa)
C:/ST/STM32CubeIDE_1.15.1/STM32CubeIDE/plugins/com.st.stm32cube.ide.mcu.externaltools.gnu-tools-for-stm32.12.3.rel1.win32_1.0.100.202403111256/tools/bin/../lib/gcc/arm-none-eabi/12.3.1/../../../../arm-none-eabi/lib/thumb/v7e-m+fp/hard\libc_nano.a(libc_a-malloc.o)
                              ./Middlewares/ST/STM32_USB_Device_Library/Class/CDC/Src/usbd_cdc.o (malloc)
C:/ST/STM32CubeIDE_1.15.1/STM32CubeIDE/plugins/com.st.stm32cube.ide.mcu.externaltools.gnu-tools-for-stm32.12.3.rel1.win32_1.0.100.202403111256/tools/bin/../lib/gcc/arm-none-eabi/12.3.1/../../../../arm-none-eabi/lib/thumb/v7e-m+fp/hard\libc_nano.a(libc_a-mallocr.o)
                              C:/ST/STM32CubeIDE_1.15.1/STM32CubeIDE/plugins/com.st.stm32cube.ide.mcu.externaltools.gnu-tools-for-stm32.12.3.rel1.win32_1.0.100.202403111256/tools/bin/../lib/gcc/arm-none-eabi/12.3.1/../../../../arm-none-eabi/lib/thumb/v7e-m+fp/hard\libc_nano.a(libc_a-callocr.o) (_malloc_r)
C:/ST/STM32CubeIDE_1.15.1/STM32CubeIDE/plugins/com.st.stm32cube.ide.mcu.externaltools.gnu-tools-for-stm32.12.3.rel1.win32_1.0.100.202403111256/tools/bin/../lib/gcc/arm-none-eabi/12.3.1/../../../../arm-none-eabi/lib/thumb/v7e-m+fp/hard\libc_nano.a(libc_a-mlock.o)
                              C:/ST/STM32CubeIDE_1.15.1/STM32CubeIDE/plugins/com.st.stm32cube.ide.mcu.externaltools.gnu-tools-for-stm32.12.3.rel1.win32_1.0.100.202403111256/tools/bin/../lib/gcc/arm-none-eabi/12.3.1/../../../../arm-none-eabi/lib/thumb/v7e-m+fp/hard\libc_nano.a(libc_a-mallocr.o) (__malloc_lock)
C:/ST/STM32CubeIDE_1.15.1/STM32CubeIDE/plugins/com.st.stm32cube.ide.mcu.externaltools.gnu-tools-for-stm32.12.3.rel1.win32_1.0.100.202403111256/tools/bin/../lib/gcc/arm-none-eabi/12.3.1/../../../../arm-none-eabi/lib/thumb/v7e-m+fp/hard\libc_nano.a(libc_a-mstats.o)
                              ./Src/driver.o (mallinfo)
C:/ST/STM32CubeIDE_1.15.1/STM32CubeIDE/plugins/com.st.stm32cube.ide.mcu.externaltools.gnu-tools-for-stm32.12.3.rel1.win32_1.0.100.202403111256/tools/bin/../lib/gcc/arm-none-eabi/12.3.1/../../../../arm-none-eabi/lib/thumb/v7e-m+fp/hard\libc_nano.a(libc_a-rand.o)
                              ./lwip/src/core/dns.o (rand)
C:/ST/STM32CubeIDE_1.15.1/STM32CubeIDE/plugins/com.st.stm32cube.ide.mcu.externaltools.gnu-tools-for-stm32.12.3.rel1.win32_1.0.100.202403111256/tools/bin/../lib/gcc/arm-none-eabi/12.3.1/../../../../arm-none-eabi/lib/thumb/v7e-m+fp/hard\libc_nano.a(libc_a-realloc.o)
                              ./networking/cJSON.o (realloc)
[...]
Memory Configuration

Name             Origin             Length             Attributes
RAM              0x20000000         0x00020000         xrw
BOOT_FLASH       0x08000000         0x00004000         xr
EEPROM_EMUL      0x08004000         0x00004000         xrw
FLASH            0x08008000         0x000f8000         xr
*default*        0x00000000         0xffffffff

Linker script and memory map

LOAD C:/ST/STM32CubeIDE_1.15.1/STM32CubeIDE/plugins/com.st.stm32cube.ide.mcu.externaltools.gnu-tools-for-stm32.12.3.rel1.win32_1.0.100.202403111256/tools/bin/../lib/gcc/arm-none-eabi/12.3.1/thumb/v7e-m+fp/hard/crti.o
LOAD C:/ST/STM32CubeIDE_1.15.1/STM32CubeIDE/plugins/com.st.stm32cube.ide.mcu.externaltools.gnu-tools-for-stm32.12.3.rel1.win32_1.0.100.202403111256/tools/bin/../lib/gcc/arm-none-eabi/12.3.1/thumb/v7e-m+fp/hard/crtbegin.o
LOAD C:/ST/STM32CubeIDE_1.15.1/STM32CubeIDE/plugins/com.st.stm32cube.ide.mcu.externaltools.gnu-tools-for-stm32.12.3.rel1.win32_1.0.100.202403111256/tools/bin/../lib/gcc/arm-none-eabi/12.3.1/../../../../arm-none-eabi/lib/thumb/v7e-m+fp/hard/crt0.o
LOAD ./Drivers/FATFS/App/fatfs.o
LOAD ./Drivers/FATFS/Target/bsp_driver_sd.o
LOAD ./Drivers/FATFS/Target/sd_diskio.o
LOAD ./Drivers/STM32F4xx_HAL_Driver/Src/stm32f4xx_hal.o
LOAD ./Drivers/STM32F4xx_HAL_Driver/Src/stm32f4xx_hal_adc.o
LOAD ./Drivers/STM32F4xx_HAL_Driver/Src/stm32f4xx_hal_adc_ex.o
LOAD ./Drivers/STM32F4xx_HAL_Driver/Src/stm32f4xx_hal_can.o
LOAD ./Drivers/STM32F4xx_HAL_Driver/Src/stm32f4xx_hal_cortex.o
LOAD ./Drivers/STM32F4xx_HAL_Driver/Src/stm32f4xx_hal_dac.o
LOAD ./Drivers/STM32F4xx_HAL_Driver/Src/stm32f4xx_hal_dac_ex.o
LOAD ./Drivers/STM32F4xx_HAL_Driver/Src/stm32f4xx_hal_dma.o
LOAD ./Drivers/STM32F4xx_HAL_Driver/Src/stm32f4xx_hal_dma_ex.o
LOAD ./Drivers/STM32F4xx_HAL_Driver/Src/stm32f4xx_hal_exti.o
LOAD ./Drivers/STM32F4xx_HAL_Driver/Src/stm32f4xx_hal_flash.o
LOAD ./Drivers/STM32F4xx_HAL_Driver/Src/stm32f4xx_hal_flash_ex.o
LOAD ./Drivers/STM32F4xx_HAL_Driver/Src/stm32f4xx_hal_flash_ramfunc.o
LOAD ./Drivers/STM32F4xx_HAL_Driver/Src/stm32f4xx_hal_fmpi2c.o
LOAD ./Drivers/STM32F4xx_HAL_Driver/Src/stm32f4xx_hal_fmpi2c_ex.o
LOAD ./Drivers/STM32F4xx_HAL_Driver/Src/stm32f4xx_hal_gpio.o
LOAD ./Drivers/STM32F4xx_HAL_Driver/Src/stm32f4xx_hal_i2c.o
LOAD ./Drivers/STM32F4xx_HAL_Driver/Src/stm32f4xx_hal_i2c_ex.o
LOAD ./Drivers/STM32F4xx_HAL_Driver/Src/stm32f4xx_hal_i2s.o
LOAD ./Drivers/STM32F4xx_HAL_Driver/Src/stm32f4xx_hal_i2s_ex.o
LOAD ./Drivers/STM32F4xx_HAL_Driver/Src/stm32f4xx_hal_pcd.o
LOAD ./Drivers/STM32F4xx_HAL_Driver/Src/stm32f4xx_hal_pcd_ex.o
LOAD ./Drivers/STM32F4xx_HAL_Driver/Src/stm32f4xx_hal_pwr.o
LOAD ./Drivers/STM32F4xx_HAL_Driver/Src/stm32f4xx_hal_pwr_ex.o
LOAD ./Drivers/STM32F4xx_HAL_Driver/Src/stm32f4xx_hal_rcc.o
LOAD ./Drivers/STM32F4xx_HAL_Driver/Src/stm32f4xx_hal_rcc_ex.o
LOAD ./Drivers/STM32F4xx_HAL_Driver/Src/stm32f4xx_hal_rtc.o
LOAD ./Drivers/STM32F4xx_HAL_Driver/Src/stm32f4xx_hal_rtc_ex.o
LOAD ./Drivers/STM32F4xx_HAL_Driver/Src/stm32f4xx_hal_sd.o
LOAD ./Drivers/STM32F4xx_HAL_Driver/Src/stm32f4xx_hal_spi.o
LOAD ./Drivers/STM32F4xx_HAL_Driver/Src/stm32f4xx_hal_tim.o
LOAD ./Drivers/STM32F4xx_HAL_Driver/Src/stm32f4xx_hal_tim_ex.o
LOAD ./Drivers/STM32F4xx_HAL_Driver/Src/stm32f4xx_hal_uart.o
LOAD ./Drivers/STM32F4xx_HAL_Driver/Src/stm32f4xx_ll_sdmmc.o
LOAD ./Drivers/STM32F4xx_HAL_Driver/Src/stm32f4xx_ll_usb.o
LOAD ./FatFs/STM/diskio.o
LOAD ./FatFs/STM/ff_gen_drv.o
LOAD ./FatFs/ff.o
LOAD ./FatFs/ffsystem.o
LOAD ./FatFs/ffunicode.o
LOAD ./Middlewares/ST/STM32_USB_Device_Library/Class/CDC/Src/usbd_cdc.o
LOAD ./Middlewares/ST/STM32_USB_Device_Library/Core/Src/usbd_core.o
LOAD ./Middlewares/ST/STM32_USB_Device_Library/Core/Src/usbd_ctlreq.o
LOAD ./Middlewares/ST/STM32_USB_Device_Library/Core/Src/usbd_ioreq.o
LOAD ./Src/MCP3221.o
LOAD ./Src/can.o
LOAD ./Src/diskio.o
LOAD ./Src/driver.o
LOAD ./Src/driver_spindles.o
LOAD ./Src/flash.o
LOAD ./Src/i2c.o
LOAD ./Src/ioports.o
LOAD ./Src/ioports_analog.o
LOAD ./Src/main.o
LOAD ./Src/neopixel_gpo.o
LOAD ./Src/neopixel_spi.o
LOAD ./Src/pwm.o
LOAD ./Src/serial.o
LOAD ./Src/spi.o
LOAD ./Src/stm32f4xx_hal_msp.o
LOAD ./Src/stm32f4xx_it.o
LOAD ./Src/syscalls.o
LOAD ./Src/sysmem.o
LOAD ./Src/system_stm32f4xx.o
LOAD ./Src/tmc_spi.o
LOAD ./Src/tmc_uart.o
LOAD ./Src/usb_serial.o
LOAD ./Src/w5x00_ll_driver.o
LOAD ./StartupF407/startup_stm32f407vgtx.o
LOAD ./USB_DEVICE/App/usb_device.o
LOAD ./USB_DEVICE/App/usbd_cdc_if.o
LOAD ./USB_DEVICE/App/usbd_desc.o
LOAD ./USB_DEVICE/Target/usbd_conf.o
LOAD ./bluetooth/hc_05.o
LOAD ./boards/Devtronic_CNC_Controller.o
LOAD ./boards/btt_skr_2.0.o
LOAD ./boards/flexi_hal.o
LOAD ./boards/longboard32.o
LOAD ./boards/st_morpho.o
LOAD ./boards/st_morpo_dac.o
LOAD ./eeprom/eeprom_24AAxxx.o
LOAD ./eeprom/eeprom_24LC16B.o
LOAD ./embroidery/brother.o
LOAD ./embroidery/embroidery.o
LOAD ./embroidery/tajima.o
LOAD ./encoder/encoder.o
LOAD ./fans/fans.o
LOAD ./grbl/alarms.o
LOAD ./grbl/canbus.o
LOAD ./grbl/coolant_control.o
LOAD ./grbl/crossbar.o
LOAD ./grbl/errors.o
LOAD ./grbl/gcode.o
LOAD ./grbl/grbllib.o
LOAD ./grbl/ioports.o
LOAD ./grbl/machine_limits.o
LOAD ./grbl/messages.o
LOAD ./grbl/modbus.o
LOAD ./grbl/motion_control.o
LOAD ./grbl/my_plugin.o
LOAD ./grbl/ngc_expr.o
LOAD ./grbl/ngc_flowctrl.o
LOAD ./grbl/ngc_params.o
LOAD ./grbl/nuts_bolts.o
LOAD ./grbl/nvs_buffer.o
LOAD ./grbl/override.o
LOAD ./grbl/pid.o
LOAD ./grbl/planner.o
LOAD ./grbl/protocol.o
LOAD ./grbl/regex.o
LOAD ./grbl/report.o
LOAD ./grbl/settings.o
LOAD ./grbl/sleep.o
LOAD ./grbl/spindle_control.o
LOAD ./grbl/state_machine.o
LOAD ./grbl/stepper.o
LOAD ./grbl/stepper2.o
LOAD ./grbl/stream.o
LOAD ./grbl/system.o
LOAD ./grbl/tool_change.o
LOAD ./grbl/vfs.o
LOAD ./grbl/kinematics/corexy.o
LOAD ./grbl/kinematics/delta.o
LOAD ./grbl/kinematics/maslow.o
LOAD ./grbl/kinematics/polar.o
LOAD ./grbl/kinematics/wall_plotter.o
LOAD ./keypad/display/i2c_interface.o
LOAD ./keypad/display/i2c_leds.o
LOAD ./keypad/keypad.o
LOAD ./keypad/macros.o
LOAD ./laser/coolant.o
LOAD ./laser/lb_clusters.o
LOAD ./laser/ppi.o
LOAD ./lwip/src/api/api_lib.o
LOAD ./lwip/src/api/api_msg.o
LOAD ./lwip/src/api/err.o
LOAD ./lwip/src/api/if_api.o
LOAD ./lwip/src/api/netbuf.o
LOAD ./lwip/src/api/netdb.o
LOAD ./lwip/src/api/netifapi.o
LOAD ./lwip/src/api/sockets.o
LOAD ./lwip/src/api/tcpip.o
LOAD ./lwip/src/apps/altcp_tls/altcp_tls_mbedtls.o
LOAD ./lwip/src/apps/altcp_tls/altcp_tls_mbedtls_mem.o
LOAD ./lwip/src/apps/mdns/mdns.o
LOAD ./lwip/src/apps/mqtt/mqtt.o
LOAD ./lwip/src/core/altcp.o
LOAD ./lwip/src/core/altcp_alloc.o
LOAD ./lwip/src/core/altcp_tcp.o
LOAD ./lwip/src/core/def.o
LOAD ./lwip/src/core/dns.o
LOAD ./lwip/src/core/inet_chksum.o
LOAD ./lwip/src/core/init.o
LOAD ./lwip/src/core/ip.o
LOAD ./lwip/src/core/mem.o
LOAD ./lwip/src/core/memp.o
LOAD ./lwip/src/core/netif.o
LOAD ./lwip/src/core/pbuf.o
LOAD ./lwip/src/core/raw.o
LOAD ./lwip/src/core/stats.o
LOAD ./lwip/src/core/sys.o
LOAD ./lwip/src/core/tcp.o
LOAD ./lwip/src/core/tcp_in.o
LOAD ./lwip/src/core/tcp_out.o
LOAD ./lwip/src/core/timeouts.o
LOAD ./lwip/src/core/udp.o
LOAD ./lwip/src/core/ipv4/autoip.o
LOAD ./lwip/src/core/ipv4/dhcp.o
LOAD ./lwip/src/core/ipv4/etharp.o
LOAD ./lwip/src/core/ipv4/icmp.o
LOAD ./lwip/src/core/ipv4/igmp.o
LOAD ./lwip/src/core/ipv4/ip4.o
LOAD ./lwip/src/core/ipv4/ip4_addr.o
LOAD ./lwip/src/core/ipv4/ip4_frag.o
LOAD ./lwip/src/core/ipv6/dhcp6.o
LOAD ./lwip/src/core/ipv6/ethip6.o
LOAD ./lwip/src/core/ipv6/icmp6.o
LOAD ./lwip/src/core/ipv6/inet6.o
LOAD ./lwip/src/core/ipv6/ip6.o
LOAD ./lwip/src/core/ipv6/ip6_addr.o
LOAD ./lwip/src/core/ipv6/ip6_frag.o
LOAD ./lwip/src/core/ipv6/mld6.o
LOAD ./lwip/src/core/ipv6/nd6.o
LOAD ./lwip/src/netif/bridgeif.o
LOAD ./lwip/src/netif/bridgeif_fdb.o
LOAD ./lwip/src/netif/ethernet.o
LOAD ./lwip/src/netif/lowpan6.o
LOAD ./lwip/src/netif/lowpan6_ble.o
LOAD ./lwip/src/netif/lowpan6_common.o
LOAD ./lwip/src/netif/slipif.o
LOAD ./lwip/src/netif/zepif.o
LOAD ./lwip/src/netif/ppp/auth.o
LOAD ./lwip/src/netif/ppp/ccp.o
LOAD ./lwip/src/netif/ppp/chap-md5.o
LOAD ./lwip/src/netif/ppp/chap-new.o
LOAD ./lwip/src/netif/ppp/chap_ms.o
LOAD ./lwip/src/netif/ppp/demand.o
LOAD ./lwip/src/netif/ppp/eap.o
LOAD ./lwip/src/netif/ppp/ecp.o
LOAD ./lwip/src/netif/ppp/eui64.o
LOAD ./lwip/src/netif/ppp/fsm.o
LOAD ./lwip/src/netif/ppp/ipcp.o
LOAD ./lwip/src/netif/ppp/ipv6cp.o
LOAD ./lwip/src/netif/ppp/lcp.o
LOAD ./lwip/src/netif/ppp/magic.o
LOAD ./lwip/src/netif/ppp/mppe.o
LOAD ./lwip/src/netif/ppp/multilink.o
LOAD ./lwip/src/netif/ppp/ppp.o
LOAD ./lwip/src/netif/ppp/pppapi.o
LOAD ./lwip/src/netif/ppp/pppcrypt.o
LOAD ./lwip/src/netif/ppp/pppoe.o
LOAD ./lwip/src/netif/ppp/pppol2tp.o
LOAD ./lwip/src/netif/ppp/pppos.o
LOAD ./lwip/src/netif/ppp/upap.o
LOAD ./lwip/src/netif/ppp/utils.o
LOAD ./lwip/src/netif/ppp/vj.o
LOAD ./lwip/src/netif/ppp/polarssl/arc4.o
LOAD ./lwip/src/netif/ppp/polarssl/des.o
LOAD ./lwip/src/netif/ppp/polarssl/md4.o
LOAD ./lwip/src/netif/ppp/polarssl/md5.o
LOAD ./lwip/src/netif/ppp/polarssl/sha1.o
LOAD ./motors/trinamic.o
LOAD ./networking/base64.o
LOAD ./networking/cJSON.o
LOAD ./networking/fs_ram.o
LOAD ./networking/fs_stream.o
LOAD ./networking/ftpd.o
LOAD ./networking/http_upload.o
LOAD ./networking/httpd.o
LOAD ./networking/mqtt.o
LOAD ./networking/multipartparser.o
LOAD ./networking/networking.o
LOAD ./networking/sfifo.o
LOAD ./networking/sha1.o
LOAD ./networking/ssdp.o
LOAD ./networking/strutils.o
LOAD ./networking/telnetd.o
LOAD ./networking/urldecode.o
LOAD ./networking/urlencode.o
LOAD ./networking/utils.o
LOAD ./networking/webdav.o
LOAD ./networking/websocketd.o
LOAD ./networking/modbus/client.o
LOAD ./networking/wiznet/W5100S/w5100s.o
LOAD ./networking/wiznet/W5500/w5500.o
LOAD ./networking/wiznet/arch/checksum.o
LOAD ./networking/wiznet/arch/memcpy.o
LOAD ./networking/wiznet/arch/sys_arch.o
LOAD ./networking/wiznet/enet.o
LOAD ./networking/wiznet/socket.o
LOAD ./networking/wiznet/wizchip_conf.o
LOAD ./networking/wiznet/port/w5x00_lwip.o
LOAD ./odometer/odometer.o
LOAD ./plasma/thc.o
LOAD ./sdcard/fs_fatfs.o
LOAD ./sdcard/fs_littlefs.o
LOAD ./sdcard/macros.o
LOAD ./sdcard/sdcard.o
LOAD ./sdcard/ymodem.o
LOAD ./spindle/modbus_rtu.o
LOAD ./spindle/onoff.o
LOAD ./spindle/pwm.o
LOAD ./spindle/pwm_clone.o
LOAD ./spindle/select.o
LOAD ./spindle/stepper.o
LOAD ./spindle/vfd/gs20.o
LOAD ./spindle/vfd/h100.o
LOAD ./spindle/vfd/huanyang.o
LOAD ./spindle/vfd/huanyang2.o
LOAD ./spindle/vfd/modvfd.o
LOAD ./spindle/vfd/nowforever.o
LOAD ./spindle/vfd/spindle.o
LOAD ./spindle/vfd/yl620.o
LOAD ./trinamic/common.o
LOAD ./trinamic/tmc2130.o
LOAD ./trinamic/tmc2130hal.o
LOAD ./trinamic/tmc2209.o
LOAD ./trinamic/tmc2209hal.o
LOAD ./trinamic/tmc2660.o
LOAD ./trinamic/tmc2660hal.o
LOAD ./trinamic/tmc26x.o
LOAD ./trinamic/tmc5160.o
LOAD ./trinamic/tmc5160hal.o
LOAD ./trinamic/tmc_interface.o
START GROUP
LOAD C:/ST/STM32CubeIDE_1.15.1/STM32CubeIDE/plugins/com.st.stm32cube.ide.mcu.externaltools.gnu-tools-for-stm32.12.3.rel1.win32_1.0.100.202403111256/tools/bin/../lib/gcc/arm-none-eabi/12.3.1/../../../../arm-none-eabi/lib/thumb/v7e-m+fp/hard\libc_nano.a
LOAD C:/ST/STM32CubeIDE_1.15.1/STM32CubeIDE/plugins/com.st.stm32cube.ide.mcu.externaltools.gnu-tools-for-stm32.12.3.rel1.win32_1.0.100.202403111256/tools/bin/../lib/gcc/arm-none-eabi/12.3.1/../../../../arm-none-eabi/lib/thumb/v7e-m+fp/hard\libm.a
END GROUP
START GROUP
LOAD C:/ST/STM32CubeIDE_1.15.1/STM32CubeIDE/plugins/com.st.stm32cube.ide.mcu.externaltools.gnu-tools-for-stm32.12.3.rel1.win32_1.0.100.202403111256/tools/bin/../lib/gcc/arm-none-eabi/12.3.1/thumb/v7e-m+fp/hard\libgcc.a
LOAD C:/ST/STM32CubeIDE_1.15.1/STM32CubeIDE/plugins/com.st.stm32cube.ide.mcu.externaltools.gnu-tools-for-stm32.12.3.rel1.win32_1.0.100.202403111256/tools/bin/../lib/gcc/arm-none-eabi/12.3.1/../../../../arm-none-eabi/lib/thumb/v7e-m+fp/hard\libc_nano.a
END GROUP
START GROUP
LOAD C:/ST/STM32CubeIDE_1.15.1/STM32CubeIDE/plugins/com.st.stm32cube.ide.mcu.externaltools.gnu-tools-for-stm32.12.3.rel1.win32_1.0.100.202403111256/tools/bin/../lib/gcc/arm-none-eabi/12.3.1/thumb/v7e-m+fp/hard\libgcc.a
LOAD C:/ST/STM32CubeIDE_1.15.1/STM32CubeIDE/plugins/com.st.stm32cube.ide.mcu.externaltools.gnu-tools-for-stm32.12.3.rel1.win32_1.0.100.202403111256/tools/bin/../lib/gcc/arm-none-eabi/12.3.1/../../../../arm-none-eabi/lib/thumb/v7e-m+fp/hard\libc_nano.a
LOAD C:/ST/STM32CubeIDE_1.15.1/STM32CubeIDE/plugins/com.st.stm32cube.ide.mcu.externaltools.gnu-tools-for-stm32.12.3.rel1.win32_1.0.100.202403111256/tools/bin/../lib/gcc/arm-none-eabi/12.3.1/../../../../arm-none-eabi/lib/thumb/v7e-m+fp/hard\libnosys.a
END GROUP
START GROUP
LOAD C:/ST/STM32CubeIDE_1.15.1/STM32CubeIDE/plugins/com.st.stm32cube.ide.mcu.externaltools.gnu-tools-for-stm32.12.3.rel1.win32_1.0.100.202403111256/tools/bin/../lib/gcc/arm-none-eabi/12.3.1/thumb/v7e-m+fp/hard\libgcc.a
LOAD C:/ST/STM32CubeIDE_1.15.1/STM32CubeIDE/plugins/com.st.stm32cube.ide.mcu.externaltools.gnu-tools-for-stm32.12.3.rel1.win32_1.0.100.202403111256/tools/bin/../lib/gcc/arm-none-eabi/12.3.1/../../../../arm-none-eabi/lib/thumb/v7e-m+fp/hard\libc_nano.a
LOAD C:/ST/STM32CubeIDE_1.15.1/STM32CubeIDE/plugins/com.st.stm32cube.ide.mcu.externaltools.gnu-tools-for-stm32.12.3.rel1.win32_1.0.100.202403111256/tools/bin/../lib/gcc/arm-none-eabi/12.3.1/../../../../arm-none-eabi/lib/thumb/v7e-m+fp/hard\libnosys.a
END GROUP
LOAD C:/ST/STM32CubeIDE_1.15.1/STM32CubeIDE/plugins/com.st.stm32cube.ide.mcu.externaltools.gnu-tools-for-stm32.12.3.rel1.win32_1.0.100.202403111256/tools/bin/../lib/gcc/arm-none-eabi/12.3.1/thumb/v7e-m+fp/hard/crtend.o
LOAD C:/ST/STM32CubeIDE_1.15.1/STM32CubeIDE/plugins/com.st.stm32cube.ide.mcu.externaltools.gnu-tools-for-stm32.12.3.rel1.win32_1.0.100.202403111256/tools/bin/../lib/gcc/arm-none-eabi/12.3.1/thumb/v7e-m+fp/hard/crtn.o
                0x20020000                        _estack = (ORIGIN (RAM) + LENGTH (RAM))
                0x00003000                        _Min_Heap_Size = 0x3000
                0x00001000                        _Min_Stack_Size = 0x1000
                0x08004000                        _EEPROM_Emul_Start = ORIGIN (EEPROM_EMUL)
                0x00000001                        _EEPROM_Emul_Sector = 0x1

.isr_vector     0x08000000      0x188
                0x08000000                        . = ALIGN (0x4)
 *(.isr_vector)
 .isr_vector    0x08000000      0x188 ./StartupF407/startup_stm32f407vgtx.o
                0x08000000                g_pfnVectors
                0x08000188                        . = ALIGN (0x4)

.text           0x08008000    0x1cc4c
                0x08008000                        . = ALIGN (0x4)
 *(.text)
 .text          0x08008000       0x40 C:/ST/STM32CubeIDE_1.15.1/STM32CubeIDE/plugins/com.st.stm32cube.ide.mcu.externaltools.gnu-tools-for-stm32.12.3.rel1.win32_1.0.100.202403111256/tools/bin/../lib/gcc/arm-none-eabi/12.3.1/thumb/v7e-m+fp/hard/crtbegin.o
 .text          0x08008040       0x14 C:/ST/STM32CubeIDE_1.15.1/STM32CubeIDE/plugins/com.st.stm32cube.ide.mcu.externaltools.gnu-tools-for-stm32.12.3.rel1.win32_1.0.100.202403111256/tools/bin/../lib/gcc/arm-none-eabi/12.3.1/../../../../arm-none-eabi/lib/thumb/v7e-m+fp/hard\libc_nano.a(libc_a-strcmp.o)
                0x08008040                strcmp
 *fill*         0x08008054        0xc 
 .text          0x08008060       0xa0 C:/ST/STM32CubeIDE_1.15.1/STM32CubeIDE/plugins/com.st.stm32cube.ide.mcu.externaltools.gnu-tools-for-stm32.12.3.rel1.win32_1.0.100.202403111256/tools/bin/../lib/gcc/arm-none-eabi/12.3.1/../../../../arm-none-eabi/lib/thumb/v7e-m+fp/hard\libc_nano.a(libc_a-memchr.o)
                0x08008060                memchr
 .text          0x08008100       0x10 C:/ST/STM32CubeIDE_1.15.1/STM32CubeIDE/plugins/com.st.stm32cube.ide.mcu.externaltools.gnu-tools-for-stm32.12.3.rel1.win32_1.0.100.202403111256/tools/bin/../lib/gcc/arm-none-eabi/12.3.1/../../../../arm-none-eabi/lib/thumb/v7e-m+fp/hard\libc_nano.a(libc_a-strlen.o)
                0x08008100                strlen
 .text          0x08008110      0x378 C:/ST/STM32CubeIDE_1.15.1/STM32CubeIDE/plugins/com.st.stm32cube.ide.mcu.externaltools.gnu-tools-for-stm32.12.3.rel1.win32_1.0.100.202403111256/tools/bin/../lib/gcc/arm-none-eabi/12.3.1/thumb/v7e-m+fp/hard\libgcc.a(_arm_addsubdf3.o)
                0x08008110                __aeabi_drsub
                0x08008118                __aeabi_dsub
                0x08008118                __subdf3
                0x0800811c                __aeabi_dadd
                0x0800811c                __adddf3
                0x08008394                __floatunsidf
                0x08008394                __aeabi_ui2d
                0x080083b4                __floatsidf
                0x080083b4                __aeabi_i2d
                0x080083d8                __aeabi_f2d
                0x080083d8                __extendsfdf2
                0x0800841c                __floatundidf
                0x0800841c                __aeabi_ul2d
                0x0800842c                __floatdidf
                0x0800842c                __aeabi_l2d
 .text          0x08008488      0x424 C:/ST/STM32CubeIDE_1.15.1/STM32CubeIDE/plugins/com.st.stm32cube.ide.mcu.externaltools.gnu-tools-for-stm32.12.3.rel1.win32_1.0.100.202403111256/tools/bin/../lib/gcc/arm-none-eabi/12.3.1/thumb/v7e-m+fp/hard\libgcc.a(_arm_muldivdf3.o)
                0x08008488                __aeabi_dmul
                0x08008488                __muldf3
                0x080086dc                __divdf3
                0x080086dc                __aeabi_ddiv
 .text          0x080088ac      0x110 C:/ST/STM32CubeIDE_1.15.1/STM32CubeIDE/plugins/com.st.stm32cube.ide.mcu.externaltools.gnu-tools-for-stm32.12.3.rel1.win32_1.0.100.202403111256/tools/bin/../lib/gcc/arm-none-eabi/12.3.1/thumb/v7e-m+fp/hard\libgcc.a(_arm_cmpdf2.o)
                0x080088ac                __gtdf2
                0x080088ac                __gedf2
                0x080088b4                __ltdf2
                0x080088b4                __ledf2
                0x080088bc                __nedf2
                0x080088bc                __eqdf2
                0x080088bc                __cmpdf2
                0x08008938                __aeabi_cdrcmple
                0x08008948                __aeabi_cdcmpeq
                0x08008948                __aeabi_cdcmple
                0x08008958                __aeabi_dcmpeq
                0x0800896c                __aeabi_dcmplt
                0x08008980                __aeabi_dcmple
                0x08008994                __aeabi_dcmpge
                0x080089a8                __aeabi_dcmpgt
 .text          0x080089bc       0x2c C:/ST/STM32CubeIDE_1.15.1/STM32CubeIDE/plugins/com.st.stm32cube.ide.mcu.externaltools.gnu-tools-for-stm32.12.3.rel1.win32_1.0.100.202403111256/tools/bin/../lib/gcc/arm-none-eabi/12.3.1/thumb/v7e-m+fp/hard\libgcc.a(_arm_unorddf2.o)
                0x080089bc                __unorddf2
                0x080089bc                __aeabi_dcmpun
 .text          0x080089e8       0x50 C:/ST/STM32CubeIDE_1.15.1/STM32CubeIDE/plugins/com.st.stm32cube.ide.mcu.externaltools.gnu-tools-for-stm32.12.3.rel1.win32_1.0.100.202403111256/tools/bin/../lib/gcc/arm-none-eabi/12.3.1/thumb/v7e-m+fp/hard\libgcc.a(_arm_fixdfsi.o)
                0x080089e8                __aeabi_d2iz
                0x080089e8                __fixdfsi
 .text          0x08008a38       0x40 C:/ST/STM32CubeIDE_1.15.1/STM32CubeIDE/plugins/com.st.stm32cube.ide.mcu.externaltools.gnu-tools-for-stm32.12.3.rel1.win32_1.0.100.202403111256/tools/bin/../lib/gcc/arm-none-eabi/12.3.1/thumb/v7e-m+fp/hard\libgcc.a(_arm_fixunsdfsi.o)
                0x08008a38                __aeabi_d2uiz
                0x08008a38                __fixunsdfsi
 .text          0x08008a78       0xa0 C:/ST/STM32CubeIDE_1.15.1/STM32CubeIDE/plugins/com.st.stm32cube.ide.mcu.externaltools.gnu-tools-for-stm32.12.3.rel1.win32_1.0.100.202403111256/tools/bin/../lib/gcc/arm-none-eabi/12.3.1/thumb/v7e-m+fp/hard\libgcc.a(_arm_truncdfsf2.o)
                0x08008a78                __truncdfsf2
                0x08008a78                __aeabi_d2f
 .text          0x08008b18       0x30 C:/ST/STM32CubeIDE_1.15.1/STM32CubeIDE/plugins/com.st.stm32cube.ide.mcu.externaltools.gnu-tools-for-stm32.12.3.rel1.win32_1.0.100.202403111256/tools/bin/../lib/gcc/arm-none-eabi/12.3.1/thumb/v7e-m+fp/hard\libgcc.a(_aeabi_uldivmod.o)
                0x08008b18                __aeabi_uldivmod
 .text          0x08008b48       0x30 C:/ST/STM32CubeIDE_1.15.1/STM32CubeIDE/plugins/com.st.stm32cube.ide.mcu.externaltools.gnu-tools-for-stm32.12.3.rel1.win32_1.0.100.202403111256/tools/bin/../lib/gcc/arm-none-eabi/12.3.1/thumb/v7e-m+fp/hard\libgcc.a(_fixdfdi.o)
                0x08008b48                __fixdfdi
                0x08008b48                __aeabi_d2lz
 .text          0x08008b78       0x3c C:/ST/STM32CubeIDE_1.15.1/STM32CubeIDE/plugins/com.st.stm32cube.ide.mcu.externaltools.gnu-tools-for-stm32.12.3.rel1.win32_1.0.100.202403111256/tools/bin/../lib/gcc/arm-none-eabi/12.3.1/thumb/v7e-m+fp/hard\libgcc.a(_fixunsdfdi.o)
                0x08008b78                __fixunsdfdi
                0x08008b78                __aeabi_d2ulz
 .text          0x08008bb4      0x2bc C:/ST/STM32CubeIDE_1.15.1/STM32CubeIDE/plugins/com.st.stm32cube.ide.mcu.externaltools.gnu-tools-for-stm32.12.3.rel1.win32_1.0.100.202403111256/tools/bin/../lib/gcc/arm-none-eabi/12.3.1/thumb/v7e-m+fp/hard\libgcc.a(_udivmoddi4.o)
                0x08008bb4                __udivmoddi4
 .text          0x08008e70        0x4 C:/ST/STM32CubeIDE_1.15.1/STM32CubeIDE/plugins/com.st.stm32cube.ide.mcu.externaltools.gnu-tools-for-stm32.12.3.rel1.win32_1.0.100.202403111256/tools/bin/../lib/gcc/arm-none-eabi/12.3.1/thumb/v7e-m+fp/hard\libgcc.a(_dvmd_tls.o)
                0x08008e70                __aeabi_idiv0
                0x08008e70                __aeabi_ldiv0
 *(.text*)
 .text.HAL_MspDeInit
                0x08008e74        0x2 ./Drivers/STM32F4xx_HAL_Driver/Src/stm32f4xx_hal.o
                0x08008e74                HAL_MspDeInit
 *fill*         0x08008e76        0x2 
 .text.HAL_DeInit
                0x08008e78       0x2c ./Drivers/STM32F4xx_HAL_Driver/Src/stm32f4xx_hal.o
                0x08008e78                HAL_DeInit
 .text.HAL_InitTick
                0x08008ea4       0x48 ./Drivers/STM32F4xx_HAL_Driver/Src/stm32f4xx_hal.o
                0x08008ea4                HAL_InitTick
 .text.HAL_Init
                0x08008eec       0x34 ./Drivers/STM32F4xx_HAL_Driver/Src/stm32f4xx_hal.o
                0x08008eec                HAL_Init
 .text.HAL_IncTick
                0x08008f20       0x18 ./Drivers/STM32F4xx_HAL_Driver/Src/stm32f4xx_hal.o
                0x08008f20                HAL_IncTick
 .text.HAL_GetTick
                0x08008f38        0xc ./Drivers/STM32F4xx_HAL_Driver/Src/stm32f4xx_hal.o
                0x08008f38                HAL_GetTick
 .text.HAL_NVIC_SetPriorityGrouping
                0x08008f44       0x24 ./Drivers/STM32F4xx_HAL_Driver/Src/stm32f4xx_hal_cortex.o
                0x08008f44                HAL_NVIC_SetPriorityGrouping
 .text.HAL_NVIC_SetPriority
                0x08008f68       0x64 ./Drivers/STM32F4xx_HAL_Driver/Src/stm32f4xx_hal_cortex.o
                0x08008f68                HAL_NVIC_SetPriority
 .text.HAL_NVIC_EnableIRQ
                0x08008fcc       0x1c ./Drivers/STM32F4xx_HAL_Driver/Src/stm32f4xx_hal_cortex.o
                0x08008fcc                HAL_NVIC_EnableIRQ
 .text.HAL_NVIC_DisableIRQ
                0x08008fe8       0x24 ./Drivers/STM32F4xx_HAL_Driver/Src/stm32f4xx_hal_cortex.o
                0x08008fe8                HAL_NVIC_DisableIRQ
 .text.HAL_SYSTICK_Config
                0x0800900c       0x28 ./Drivers/STM32F4xx_HAL_Driver/Src/stm32f4xx_hal_cortex.o
                0x0800900c                HAL_SYSTICK_Config
 .text.FLASH_Program_DoubleWord
                0x08009034       0x2c ./Drivers/STM32F4xx_HAL_Driver/Src/stm32f4xx_hal_flash.o
 .text.FLASH_Program_Word
                0x08009060       0x24 ./Drivers/STM32F4xx_HAL_Driver/Src/stm32f4xx_hal_flash.o
 .text.FLASH_Program_HalfWord
                0x08009084       0x24 ./Drivers/STM32F4xx_HAL_Driver/Src/stm32f4xx_hal_flash.o
 .text.FLASH_SetErrorCode
                0x080090a8       0x74 ./Drivers/STM32F4xx_HAL_Driver/Src/stm32f4xx_hal_flash.o
 .text.HAL_FLASH_Unlock
                0x0800911c       0x24 ./Drivers/STM32F4xx_HAL_Driver/Src/stm32f4xx_hal_flash.o
                0x0800911c                HAL_FLASH_Unlock
 .text.HAL_FLASH_Lock
                0x08009140       0x14 ./Drivers/STM32F4xx_HAL_Driver/Src/stm32f4xx_hal_flash.o
                0x08009140                HAL_FLASH_Lock
 .text.FLASH_WaitForLastOperation
                0x08009154       0x50 ./Drivers/STM32F4xx_HAL_Driver/Src/stm32f4xx_hal_flash.o
                0x08009154                FLASH_WaitForLastOperation
 .text.HAL_FLASH_Program
                0x080091a4       0x8c ./Drivers/STM32F4xx_HAL_Driver/Src/stm32f4xx_hal_flash.o
                0x080091a4                HAL_FLASH_Program
 .text.FLASH_MassErase.constprop.0
                0x08009230       0x24 ./Drivers/STM32F4xx_HAL_Driver/Src/stm32f4xx_hal_flash_ex.o
 .text.FLASH_Erase_Sector
                0x08009254       0x3c ./Drivers/STM32F4xx_HAL_Driver/Src/stm32f4xx_hal_flash_ex.o
                0x08009254                FLASH_Erase_Sector
 .text.FLASH_FlushCaches
                0x08009290       0x58 ./Drivers/STM32F4xx_HAL_Driver/Src/stm32f4xx_hal_flash_ex.o
                0x08009290                FLASH_FlushCaches
 .text.HAL_FLASHEx_Erase
                0x080092e8       0xa0 ./Drivers/STM32F4xx_HAL_Driver/Src/stm32f4xx_hal_flash_ex.o
                0x080092e8                HAL_FLASHEx_Erase
 .text.HAL_GPIO_Init
                0x08009388      0x1b0 ./Drivers/STM32F4xx_HAL_Driver/Src/stm32f4xx_hal_gpio.o
                0x08009388                HAL_GPIO_Init
 .text.HAL_RCC_OscConfig
                0x08009538      0x350 ./Drivers/STM32F4xx_HAL_Driver/Src/stm32f4xx_hal_rcc.o
                0x08009538                HAL_RCC_OscConfig
 .text.HAL_RCC_GetSysClockFreq
                0x08009888       0x5c ./Drivers/STM32F4xx_HAL_Driver/Src/stm32f4xx_hal_rcc.o
                0x08009888                HAL_RCC_GetSysClockFreq
 .text.HAL_RCC_ClockConfig
                0x080098e4      0x134 ./Drivers/STM32F4xx_HAL_Driver/Src/stm32f4xx_hal_rcc.o
                0x080098e4                HAL_RCC_ClockConfig
 .text.HAL_RCC_GetHCLKFreq
                0x08009a18        0xc ./Drivers/STM32F4xx_HAL_Driver/Src/stm32f4xx_hal_rcc.o
                0x08009a18                HAL_RCC_GetHCLKFreq
 .text.HAL_RCC_GetPCLK1Freq
                0x08009a24       0x20 ./Drivers/STM32F4xx_HAL_Driver/Src/stm32f4xx_hal_rcc.o
                0x08009a24                HAL_RCC_GetPCLK1Freq
 .text.HAL_RCC_GetClockConfig
                0x08009a44       0x3c ./Drivers/STM32F4xx_HAL_Driver/Src/stm32f4xx_hal_rcc.o
                0x08009a44                HAL_RCC_GetClockConfig
 .text.HAL_RCC_DeInit
                0x08009a80      0x120 ./Drivers/STM32F4xx_HAL_Driver/Src/stm32f4xx_hal_rcc_ex.o
                0x08009a80                HAL_RCC_DeInit
 .text.__enable_irq
                0x08009ba0        0x4 ./Src/driver.o
 .text.__disable_irq
                0x08009ba4        0x4 ./Src/driver.o
 .text.stepperEnable
                0x08009ba8        0x2 ./Src/driver.o
 *fill*         0x08009baa        0x2 
 .text.stepperWakeUp
                0x08009bac       0x38 ./Src/driver.o
 .text.stepperGoIdle
                0x08009be4       0x14 ./Src/driver.o
 .text.stepperCyclesPerTick
                0x08009bf8       0x18 ./Src/driver.o
 .text.stepperPulseStart
                0x08009c10       0x78 ./Src/driver.o
 .text.limitsGetState
                0x08009c88       0x84 ./Src/driver.o
 .text.systemGetState
                0x08009d0c       0x30 ./Src/driver.o
 .text.coolantSetState
                0x08009d3c       0x28 ./Src/driver.o
 .text.coolantGetState
                0x08009d64       0x28 ./Src/driver.o
 .text.bitsSetAtomic
                0x08009d8c        0xc ./Src/driver.o
 .text.bitsClearAtomic
                0x08009d98       0x12 ./Src/driver.o
 .text.valueSetAtomic
                0x08009daa        0xc ./Src/driver.o
 *fill*         0x08009db6        0x2 
 .text.getElapsedMicros
                0x08009db8       0x4c ./Src/driver.o
 .text.getElapsedTicks
                0x08009e04        0xc ./Src/driver.o
 .text.port2char
                0x08009e10       0x6c ./Src/driver.o
 .text.enumeratePins
                0x08009e7c       0xec ./Src/driver.o
 .text.setPeriphPinDescription
                0x08009f68       0x20 ./Src/driver.o
                0x08009f68                setPeriphPinDescription
 .text.registerPeriphPin
                0x08009f88       0x44 ./Src/driver.o
                0x08009f88                registerPeriphPin
 .text.get_free_mem
                0x08009fcc       0x2c ./Src/driver.o
 .text.core_pin_debounce
                0x08009ff8       0x70 ./Src/driver.o
                0x08009ff8                core_pin_debounce
 .text.motor_iterator
                0x0800a068       0x1e ./Src/driver.o
 *fill*         0x0800a086        0x2 
 .text.stepperPulseStartDelayed
                0x0800a088       0x94 ./Src/driver.o
 .text.settings_changed
                0x0800a11c      0x52c ./Src/driver.o
                0x0800a11c                settings_changed
 .text.driver_delay
                0x0800a648       0x34 ./Src/driver.o
 .text.driver_setup
                0x0800a67c      0x1dc ./Src/driver.o
 .text.gpio_irq_enable
                0x0800a858       0x50 ./Src/driver.o
                0x0800a858                gpio_irq_enable
 .text.limitsEnable
                0x0800a8a8       0x84 ./Src/driver.o
 .text.driver_init
                0x0800a92c      0x49c ./Src/driver.o
                0x0800a92c                driver_init
 .text.TIM5_IRQHandler
                0x0800adc8       0x20 ./Src/driver.o
                0x0800adc8                TIM5_IRQHandler
 .text.TIM4_IRQHandler
                0x0800ade8       0x88 ./Src/driver.o
                0x0800ade8                TIM4_IRQHandler
 .text.EXTI15_10_IRQHandler
                0x0800ae70       0x5c ./Src/driver.o
                0x0800ae70                EXTI15_10_IRQHandler
 .text.Driver_IncTick
                0x0800aecc       0x20 ./Src/driver.o
                0x0800aecc                Driver_IncTick
 .text.memcpy_from_flash
                0x0800aeec       0x1c ./Src/flash.o
                0x0800aeec                memcpy_from_flash
 .text.memcpy_to_flash
                0x0800af08       0x90 ./Src/flash.o
                0x0800af08                memcpy_to_flash
 .text.digital_out_state
                0x0800af98       0x48 ./Src/ioports.o
 .text.digital_in_state
                0x0800afe0       0x48 ./Src/ioports.o
 .text.digital_out_cfg
                0x0800b028       0xac ./Src/ioports.o
 .text.digital_in_cfg
                0x0800b0d4       0x98 ./Src/ioports.o
 .text.register_interrupt_handler
                0x0800b16c       0x8c ./Src/ioports.o
 .text.wait_on_input
                0x0800b1f8      0x154 ./Src/ioports.o
 .text.digital_out
                0x0800b34c       0x44 ./Src/ioports.o
 .text.get_pin_info
                0x0800b390       0xf0 ./Src/ioports.o
 .text.set_pin_description
                0x0800b480       0x54 ./Src/ioports.o
 .text.swap_pins
                0x0800b4d4      0x128 ./Src/ioports.o
 .text.claim    0x0800b5fc      0x17c ./Src/ioports.o
 .text.ioports_init
                0x0800b778       0x90 ./Src/ioports.o
                0x0800b778                ioports_init
 .text.startup.main
                0x0800b808      0x160 ./Src/main.o
                0x0800b808                main
 .text.serialRxFree
                0x0800b968       0x20 ./Src/serial.o
 .text.serialRxCount
                0x0800b988       0x18 ./Src/serial.o
 .text.serialRxFlush
                0x0800b9a0        0xc ./Src/serial.o
 .text.serialRxCancel
                0x0800b9ac       0x20 ./Src/serial.o
 .text.serialPutC
                0x0800b9cc       0x44 ./Src/serial.o
 .text.serialWriteS
                0x0800ba10       0x12 ./Src/serial.o
 .text.serialWrite
                0x0800ba22       0x16 ./Src/serial.o
 .text.serialTxFlush
                0x0800ba38       0x1c ./Src/serial.o
 .text.serialTxCount
                0x0800ba54       0x2c ./Src/serial.o
 .text.serialGetC
                0x0800ba80       0x24 ./Src/serial.o
 .text.serialEnqueueRtCommand
                0x0800baa4        0xc ./Src/serial.o
 .text.serialSetRtHandler
                0x0800bab0       0x10 ./Src/serial.o
 .text.serialSetBaudRate
                0x0800bac0       0xd8 ./Src/serial.o
 .text.serialSuspendInput
                0x0800bb98        0xc ./Src/serial.o
 .text.serialDisable
                0x0800bba4       0x1c ./Src/serial.o
 .text.serialInit
                0x0800bbc0       0x88 ./Src/serial.o
 .text.serialRegisterStreams
                0x0800bc48       0x30 ./Src/serial.o
                0x0800bc48                serialRegisterStreams
 .text.USART2_IRQHandler
                0x0800bc78       0x78 ./Src/serial.o
                0x0800bc78                USART2_IRQHandler
 .text.HAL_MspInit
                0x0800bcf0       0x3c ./Src/stm32f4xx_hal_msp.o
                0x0800bcf0                HAL_MspInit
 .text.NMI_Handler
                0x0800bd2c        0x2 ./Src/stm32f4xx_it.o
                0x0800bd2c                NMI_Handler
 .text.HardFault_Handler
                0x0800bd2e        0x2 ./Src/stm32f4xx_it.o
                0x0800bd2e                HardFault_Handler
 .text.MemManage_Handler
                0x0800bd30        0x2 ./Src/stm32f4xx_it.o
                0x0800bd30                MemManage_Handler
 .text.BusFault_Handler
                0x0800bd32        0x2 ./Src/stm32f4xx_it.o
                0x0800bd32                BusFault_Handler
 .text.UsageFault_Handler
                0x0800bd34        0x2 ./Src/stm32f4xx_it.o
                0x0800bd34                UsageFault_Handler
 .text.SVC_Handler
                0x0800bd36        0x2 ./Src/stm32f4xx_it.o
                0x0800bd36                SVC_Handler
 .text.DebugMon_Handler
                0x0800bd38        0x2 ./Src/stm32f4xx_it.o
                0x0800bd38                DebugMon_Handler
 .text.PendSV_Handler
                0x0800bd3a        0x2 ./Src/stm32f4xx_it.o
                0x0800bd3a                PendSV_Handler
 .text.SysTick_Handler
                0x0800bd3c       0x20 ./Src/stm32f4xx_it.o
                0x0800bd3c                SysTick_Handler
 .text._getpid  0x0800bd5c        0x4 ./Src/syscalls.o
                0x0800bd5c                _getpid
 .text._kill    0x0800bd60       0x10 ./Src/syscalls.o
                0x0800bd60                _kill
 .text._exit    0x0800bd70        0xc ./Src/syscalls.o
                0x0800bd70                _exit
 .text._read    0x0800bd7c       0x1c ./Src/syscalls.o
                0x0800bd7c                _read
 .text._write   0x0800bd98       0x1c ./Src/syscalls.o
                0x0800bd98                _write
 .text._close   0x0800bdb4        0x6 ./Src/syscalls.o
                0x0800bdb4                _close
 .text._fstat   0x0800bdba        0xa ./Src/syscalls.o
                0x0800bdba                _fstat
 .text._isatty  0x0800bdc4        0x4 ./Src/syscalls.o
                0x0800bdc4                _isatty
 .text._lseek   0x0800bdc8        0x4 ./Src/syscalls.o
                0x0800bdc8                _lseek
 .text._sbrk    0x0800bdcc       0x34 ./Src/sysmem.o
                0x0800bdcc                _sbrk
 .text.SystemInit
                0x0800be00       0xac ./Src/system_stm32f4xx.o
                0x0800be00                SystemInit
 .text.Reset_Handler
                0x0800beac       0x50 ./StartupF407/startup_stm32f407vgtx.o
                0x0800beac                Reset_Handler
 .text.Default_Handler
                0x0800befc        0x2 ./StartupF407/startup_stm32f407vgtx.o
                0x0800befc                RTC_Alarm_IRQHandler
                0x0800befc                HASH_RNG_IRQHandler
                0x0800befc                EXTI2_IRQHandler
                0x0800befc                TIM8_CC_IRQHandler
                0x0800befc                TIM1_CC_IRQHandler
                0x0800befc                DMA2_Stream5_IRQHandler
                0x0800befc                DMA1_Stream5_IRQHandler
                0x0800befc                PVD_IRQHandler
                0x0800befc                SDIO_IRQHandler
                0x0800befc                TAMP_STAMP_IRQHandler
                0x0800befc                CAN2_RX1_IRQHandler
                0x0800befc                EXTI3_IRQHandler
                0x0800befc                TIM8_TRG_COM_TIM14_IRQHandler
                0x0800befc                TIM1_UP_TIM10_IRQHandler
                0x0800befc                TIM8_UP_TIM13_IRQHandler
                0x0800befc                I2C3_ER_IRQHandler
                0x0800befc                EXTI0_IRQHandler
                0x0800befc                I2C2_EV_IRQHandler
                0x0800befc                DMA1_Stream2_IRQHandler
                0x0800befc                CAN1_RX0_IRQHandler
                0x0800befc                FPU_IRQHandler
                0x0800befc                OTG_HS_WKUP_IRQHandler
                0x0800befc                CAN2_SCE_IRQHandler
                0x0800befc                DMA2_Stream2_IRQHandler
                0x0800befc                SPI1_IRQHandler
                0x0800befc                TIM6_DAC_IRQHandler
                0x0800befc                TIM1_BRK_TIM9_IRQHandler
                0x0800befc                DCMI_IRQHandler
                0x0800befc                CAN2_RX0_IRQHandler
                0x0800befc                DMA2_Stream3_IRQHandler
                0x0800befc                USART6_IRQHandler
                0x0800befc                USART3_IRQHandler
                0x0800befc                CAN1_RX1_IRQHandler
                0x0800befc                UART5_IRQHandler
                0x0800befc                DMA2_Stream0_IRQHandler
                0x0800befc                I2C1_EV_IRQHandler
                0x0800befc                DMA1_Stream6_IRQHandler
                0x0800befc                DMA1_Stream1_IRQHandler
                0x0800befc                UART4_IRQHandler
                0x0800befc                TIM3_IRQHandler
                0x0800befc                RCC_IRQHandler
                0x0800befc                TIM8_BRK_TIM12_IRQHandler
                0x0800befc                Default_Handler
                0x0800befc                ADC_IRQHandler
                0x0800befc                DMA1_Stream7_IRQHandler
                0x0800befc                TIM7_IRQHandler
                0x0800befc                CAN2_TX_IRQHandler
                0x0800befc                DMA2_Stream7_IRQHandler
                0x0800befc                I2C3_EV_IRQHandler
                0x0800befc                EXTI9_5_IRQHandler
                0x0800befc                RTC_WKUP_IRQHandler
                0x0800befc                ETH_WKUP_IRQHandler
                0x0800befc                SPI2_IRQHandler
                0x0800befc                OTG_HS_EP1_IN_IRQHandler
                0x0800befc                DMA1_Stream0_IRQHandler
                0x0800befc                CAN1_TX_IRQHandler
                0x0800befc                EXTI4_IRQHandler
                0x0800befc                FSMC_IRQHandler
                0x0800befc                ETH_IRQHandler
                0x0800befc                OTG_HS_EP1_OUT_IRQHandler
                0x0800befc                WWDG_IRQHandler
                0x0800befc                TIM2_IRQHandler
                0x0800befc                OTG_FS_WKUP_IRQHandler
                0x0800befc                TIM1_TRG_COM_TIM11_IRQHandler
                0x0800befc                OTG_HS_IRQHandler
                0x0800befc                EXTI1_IRQHandler
                0x0800befc                I2C2_ER_IRQHandler
                0x0800befc                DMA2_Stream1_IRQHandler
                0x0800befc                CAN1_SCE_IRQHandler
                0x0800befc                FLASH_IRQHandler
                0x0800befc                DMA2_Stream4_IRQHandler
                0x0800befc                USART1_IRQHandler
                0x0800befc                OTG_FS_IRQHandler
                0x0800befc                SPI3_IRQHandler
                0x0800befc                DMA1_Stream4_IRQHandler
                0x0800befc                I2C1_ER_IRQHandler
                0x0800befc                DMA2_Stream6_IRQHandler
                0x0800befc                DMA1_Stream3_IRQHandler
 *fill*         0x0800befe        0x2 
 .text.alarms_get_details
                0x0800bf00        0x8 ./grbl/alarms.o
                0x0800bf00                alarms_get_details
 .text.canbus_enabled
                0x0800bf08        0xc ./grbl/canbus.o
                0x0800bf08                canbus_enabled
 .text.coolant_set_state
                0x0800bf14       0x28 ./grbl/coolant_control.o
                0x0800bf14                coolant_set_state
 .text.coolant_sync
                0x0800bf3c       0x1c ./grbl/coolant_control.o
                0x0800bf3c                coolant_sync
 .text.xbar_fn_to_axismask
                0x0800bf58       0x30 ./grbl/crossbar.o
                0x0800bf58                xbar_fn_to_axismask
 .text.xbar_set_homing_source
                0x0800bf88       0x48 ./grbl/crossbar.o
                0x0800bf88                xbar_set_homing_source
 .text.xbar_get_homing_source
                0x0800bfd0       0x30 ./grbl/crossbar.o
                0x0800bfd0                xbar_get_homing_source
 .text.xbar_get_homing_source_from_cycle
                0x0800c000       0x40 ./grbl/crossbar.o
                0x0800c000                xbar_get_homing_source_from_cycle
 .text.xbar_fn_to_pinname
                0x0800c040       0x34 ./grbl/crossbar.o
                0x0800c040                xbar_fn_to_pinname
 .text.xbar_fn_to_signals_mask
                0x0800c074       0x10 ./grbl/crossbar.o
                0x0800c074                xbar_fn_to_signals_mask
 .text.errors_get_details
                0x0800c084        0x8 ./grbl/errors.o
                0x0800c084                errors_get_details
 .text.init_sync_motion
                0x0800c08c       0xb4 ./grbl/gcode.o
 .text.add_offset
                0x0800c140       0x28 ./grbl/gcode.o
 .text.tool_get_pending
                0x0800c168       0x44 ./grbl/gcode.o
 .text.add_output_command.constprop.0.isra.0
                0x0800c1ac       0x34 ./grbl/gcode.o
 .text.gc_get_scaling
                0x0800c1e0        0x8 ./grbl/gcode.o
                0x0800c1e0                gc_get_scaling
 .text.gc_get_g51_state
                0x0800c1e8       0x30 ./grbl/gcode.o
                0x0800c1e8                gc_get_g51_state
 .text.set_scaling.constprop.0
                0x0800c218       0x40 ./grbl/gcode.o
 .text.gc_get_offset
                0x0800c258       0x68 ./grbl/gcode.o
                0x0800c258                gc_get_offset
 .text.gc_set_tool_offset
                0x0800c2c0       0xb0 ./grbl/gcode.o
                0x0800c2c0                gc_set_tool_offset
 .text.gc_get_plane_data
                0x0800c370       0x22 ./grbl/gcode.o
                0x0800c370                gc_get_plane_data
 *fill*         0x0800c392        0x2 
 .text.gc_init  0x0800c394      0x12c ./grbl/gcode.o
                0x0800c394                gc_init
 .text.gc_spindle_off
                0x0800c4c0       0x20 ./grbl/gcode.o
                0x0800c4c0                gc_spindle_off
 .text.gc_coolant
                0x0800c4e0       0x20 ./grbl/gcode.o
                0x0800c4e0                gc_coolant
 .text.gc_spindle_get
                0x0800c500        0xc ./grbl/gcode.o
                0x0800c500                gc_spindle_get
 .text.gc_output_message
                0x0800c50c       0x2c ./grbl/gcode.o
                0x0800c50c                gc_output_message
 .text.gc_modal_state_restore
                0x0800c538       0x98 ./grbl/gcode.o
                0x0800c538                gc_modal_state_restore
 .text.gc_normalize_block
                0x0800c5d0      0x120 ./grbl/gcode.o
                0x0800c5d0                gc_normalize_block
 .text.gc_execute_block
                0x0800c6f0     0x31c0 ./grbl/gcode.o
                0x0800c6f0                gc_execute_block
 .text.dummy_bool_handler
                0x0800f8b0        0x2 ./grbl/grbllib.o
                0x0800f8b0                dummy_bool_handler
 .text.dummy_irq_claim
                0x0800f8b2        0x4 ./grbl/grbllib.o
 *fill*         0x0800f8b6        0x2 
 .text.get_homing_status
                0x0800f8b8       0x24 ./grbl/grbllib.o
 .text.task_free
                0x0800f8dc       0x14 ./grbl/grbllib.o
 .text.task_execute
                0x0800f8f0       0x94 ./grbl/grbllib.o
 .text.reset_handler
                0x0800f984       0x14 ./grbl/grbllib.o
                0x0800f984                reset_handler
 .text.get_homing_status2
                0x0800f998       0x44 ./grbl/grbllib.o
 .text.report_driver_error
                0x0800f9dc       0x44 ./grbl/grbllib.o
 .text.task_alloc
                0x0800fa20       0x34 ./grbl/grbllib.o
 .text.task_add_delayed
                0x0800fa54       0x70 ./grbl/grbllib.o
                0x0800fa54                task_add_delayed
 .text.grbl_enter
                0x0800fac4      0x36c ./grbl/grbllib.o
                0x0800fac4                grbl_enter
 .text.auto_realtime_report
                0x0800fe30       0x44 ./grbl/grbllib.o
 .text.realtime_report_check
                0x0800fe74       0x2c ./grbl/grbllib.o
 .text.task_delete
                0x0800fea0       0x3c ./grbl/grbllib.o
                0x0800fea0                task_delete
 .text.ioports_count
                0x0800fedc       0x2c ./grbl/ioports.o
 .text.get_pnum
                0x0800ff08       0x16 ./grbl/ioports.o
 *fill*         0x0800ff1e        0x2 
 .text.aux_get_value
                0x0800ff20       0x38 ./grbl/ioports.o
 .text.is_setting_available
                0x0800ff58       0x40 ./grbl/ioports.o
 .text.ioports_available
                0x0800ff98       0x68 ./grbl/ioports.o
                0x0800ff98                ioports_available
 .text.ioports_add
                0x08010000      0x20c ./grbl/ioports.o
                0x08010000                ioports_add
 .text.ioports_map_reverse
                0x0801020c       0x1c ./grbl/ioports.o
                0x0801020c                ioports_map_reverse
 .text.ioport_settings_load
                0x08010228      0x184 ./grbl/ioports.o
 .text.aux_set_value
                0x080103ac      0x24c ./grbl/ioports.o
 .text.ioport_save_input_settings
                0x080105f8       0x7c ./grbl/ioports.o
                0x080105f8                ioport_save_input_settings
 .text.ioport_save_output_settings
                0x08010674       0x3c ./grbl/ioports.o
                0x08010674                ioport_save_output_settings
 .text.ioport_setting_changed
                0x080106b0      0x178 ./grbl/ioports.o
                0x080106b0                ioport_setting_changed
 .text.ioports_add_settings
                0x08010828       0x20 ./grbl/ioports.o
                0x08010828                ioports_add_settings
 .text.get_homing_rate
                0x08010848       0x18 ./grbl/machine_limits.o
 .text.check_travel_limits
                0x08010860       0x60 ./grbl/machine_limits.o
 .text.limits_pull_off
                0x080108c0      0x144 ./grbl/machine_limits.o
 .text.check_arc_travel_limits
                0x08010a04      0x2a0 ./grbl/machine_limits.o
 .text.apply_jog_limits
                0x08010ca4      0x1c4 ./grbl/machine_limits.o
 .text.limit_signals_merge
                0x08010e68       0x18 ./grbl/machine_limits.o
                0x08010e68                limit_signals_merge
 .text.limit_interrupt_handler
                0x08010e80       0x3c ./grbl/machine_limits.o
                0x08010e80                limit_interrupt_handler
 .text.limits_set_work_envelope
                0x08010ebc       0x98 ./grbl/machine_limits.o
                0x08010ebc                limits_set_work_envelope
 .text.limits_set_machine_positions
                0x08010f54       0x98 ./grbl/machine_limits.o
                0x08010f54                limits_set_machine_positions
 .text.homing_cycle
                0x08010fec      0x460 ./grbl/machine_limits.o
 .text.limits_go_home
                0x0801144c       0xa8 ./grbl/machine_limits.o
                0x0801144c                limits_go_home
 .text.limits_soft_check
                0x080114f4       0x78 ./grbl/machine_limits.o
                0x080114f4                limits_soft_check
 .text.limits_set_homing_axes
                0x0801156c       0x2c ./grbl/machine_limits.o
                0x0801156c                limits_set_homing_axes
 .text.limits_homing_required
                0x08011598       0x38 ./grbl/machine_limits.o
                0x08011598                limits_homing_required
 .text.limits_init
                0x080115d0       0x40 ./grbl/machine_limits.o
                0x080115d0                limits_init
 .text.message_get
                0x08011610       0x24 ./grbl/messages.o
                0x08011610                message_get
 .text.eval_bezier
                0x08011634       0x3a ./grbl/motion_control.o
 *fill*         0x0801166e        0x2 
 .text.mc_line  0x08011670       0x7c ./grbl/motion_control.o
                0x08011670                mc_line
 *fill*         0x080116ec        0x4 
 .text.mc_arc   0x080116f0      0x4ec ./grbl/motion_control.o
                0x080116f0                mc_arc
 .text.mc_cubic_b_spline
                0x08011bdc      0x1fc ./grbl/motion_control.o
                0x08011bdc                mc_cubic_b_spline
 .text.mc_thread
                0x08011dd8      0x2c0 ./grbl/motion_control.o
                0x08011dd8                mc_thread
 .text.mc_jog_execute
                0x08012098       0x90 ./grbl/motion_control.o
                0x08012098                mc_jog_execute
 .text.mc_dwell
                0x08012128       0x2e ./grbl/motion_control.o
                0x08012128                mc_dwell
 *fill*         0x08012156        0x2 
 .text.mc_canned_drill
                0x08012158      0x200 ./grbl/motion_control.o
                0x08012158                mc_canned_drill
 .text.mc_probe_cycle
                0x08012358      0x200 ./grbl/motion_control.o
                0x08012358                mc_probe_cycle
 .text.mc_parking_motion
                0x08012558       0x38 ./grbl/motion_control.o
                0x08012558                mc_parking_motion
 .text.mc_override_ctrl_update
                0x08012590       0x18 ./grbl/motion_control.o
                0x08012590                mc_override_ctrl_update
 .text.mc_reset
                0x080125a8       0x94 ./grbl/motion_control.o
                0x080125a8                mc_reset
 .text.mc_homing_cycle
                0x0801263c      0x200 ./grbl/motion_control.o
                0x0801263c                mc_homing_cycle
 .text.my_plugin_init
                0x0801283c        0x2 ./grbl/my_plugin.o
                0x0801283c                my_plugin_init
 *fill*         0x0801283e        0x2 
 .text.probe_result
                0x08012840       0x20 ./grbl/ngc_params.o
 .text.m66_result
                0x08012860       0x10 ./grbl/ngc_params.o
 .text.tool_number
                0x08012870       0x14 ./grbl/ngc_params.o
 .text.tool_offset
                0x08012884       0x28 ./grbl/ngc_params.o
 .text.coord_system
                0x080128ac       0x1c ./grbl/ngc_params.o
 .text.g92_offset_applied
                0x080128c8       0x14 ./grbl/ngc_params.o
 .text.g92_offset
                0x080128dc       0x28 ./grbl/ngc_params.o
 .text.debug_output
                0x08012904       0x18 ./grbl/ngc_params.o
 .text.ngc_name_tolower
                0x0801291c       0x34 ./grbl/ngc_params.o
 .text.coord_system_offset
                0x08012950       0x50 ./grbl/ngc_params.o
 .text.g30_home
                0x080129a0       0x38 ./grbl/ngc_params.o
 .text.g28_home
                0x080129d8       0x38 ./grbl/ngc_params.o
 .text.probe_coord
                0x08012a10       0xa0 ./grbl/ngc_params.o
 .text.scaling_factors
                0x08012ab0       0x2c ./grbl/ngc_params.o
 .text._relative_pos.part.0
                0x08012adc       0x58 ./grbl/ngc_params.o
 .text.work_position
                0x08012b34       0x20 ./grbl/ngc_params.o
 .text.ngc_param_get
                0x08012b54       0x84 ./grbl/ngc_params.o
                0x08012b54                ngc_param_get
 .text.ngc_named_param_get_by_id
                0x08012bd8      0x1fc ./grbl/ngc_params.o
                0x08012bd8                ngc_named_param_get_by_id
 .text.ngc_named_param_get
                0x08012dd4       0x8c ./grbl/ngc_params.o
                0x08012dd4                ngc_named_param_get
 .text.ngc_named_param_set
                0x08012e60       0xd0 ./grbl/ngc_params.o
                0x08012e60                ngc_named_param_set
 .text.ngc_modal_state_save
                0x08012f30       0x58 ./grbl/ngc_params.o
                0x08012f30                ngc_modal_state_save
 .text.ngc_modal_state_invalidate
                0x08012f88       0x38 ./grbl/ngc_params.o
                0x08012f88                ngc_modal_state_invalidate
 .text.ngc_modal_state_restore
                0x08012fc0       0x28 ./grbl/ngc_params.o
                0x08012fc0                ngc_modal_state_restore
 .text.ngc_call_push
                0x08012fe8       0x34 ./grbl/ngc_params.o
                0x08012fe8                ngc_call_push
 .text.ngc_call_level
                0x0801301c        0xc ./grbl/ngc_params.o
                0x0801301c                ngc_call_level
 .text.ngc_float_decimals
                0x08013028       0x14 ./grbl/ngc_params.o
                0x08013028                ngc_float_decimals
 .text.uitoa    0x0801303c       0x38 ./grbl/nuts_bolts.o
                0x0801303c                uitoa
 .text.ftoa     0x08013074       0xf0 ./grbl/nuts_bolts.o
                0x08013074                ftoa
 .text.trim_float
                0x08013164       0x32 ./grbl/nuts_bolts.o
                0x08013164                trim_float
 *fill*         0x08013196        0x2 
 .text.read_uint
                0x08013198       0x84 ./grbl/nuts_bolts.o
                0x08013198                read_uint
 .text.read_float
                0x0801321c       0xd8 ./grbl/nuts_bolts.o
                0x0801321c                read_float
 .text.isintf   0x080132f4       0x34 ./grbl/nuts_bolts.o
                0x080132f4                isintf
 .text.delay_sec
                0x08013328       0x54 ./grbl/nuts_bolts.o
                0x08013328                delay_sec
 .text.convert_delta_vector_to_unit_vector
                0x0801337c       0x58 ./grbl/nuts_bolts.o
                0x0801337c                convert_delta_vector_to_unit_vector
 .text.get_datetime
                0x080133d4      0x124 ./grbl/nuts_bolts.o
                0x080133d4                get_datetime
 .text.calc_checksum
                0x080134f8       0x1e ./grbl/nuts_bolts.o
                0x080134f8                calc_checksum
 .text.dummy_handler
                0x08013516        0x2 ./grbl/nuts_bolts.o
                0x08013516                dummy_handler
 .text.ram_get_byte
                0x08013518        0xc ./grbl/nvs_buffer.o
 .text.ram_put_byte
                0x08013524       0x38 ./grbl/nvs_buffer.o
 .text.memcpy_from_ram
                0x0801355c       0x80 ./grbl/nvs_buffer.o
 .text.memcpy_to_ram
                0x080135dc      0x134 ./grbl/nvs_buffer.o
 .text.nvs_buffer_alloc
                0x08013710       0x28 ./grbl/nvs_buffer.o
                0x08013710                nvs_buffer_alloc
 .text.nvs_buffer_init
                0x08013738      0x120 ./grbl/nvs_buffer.o
                0x08013738                nvs_buffer_init
 .text.nvs_buffer_sync_physical
                0x08013858      0x188 ./grbl/nvs_buffer.o
                0x08013858                nvs_buffer_sync_physical
 .text.nvs_buffer_free
                0x080139e0       0x1c ./grbl/nvs_buffer.o
                0x080139e0                nvs_buffer_free
 .text.nvs_buffer_get_physical
                0x080139fc       0x1c ./grbl/nvs_buffer.o
                0x080139fc                nvs_buffer_get_physical
 .text.enqueue_feed_override
                0x08013a18       0x20 ./grbl/override.o
                0x08013a18                enqueue_feed_override
 .text.get_feed_override
                0x08013a38       0x20 ./grbl/override.o
                0x08013a38                get_feed_override
 .text.enqueue_spindle_override
                0x08013a58       0x20 ./grbl/override.o
                0x08013a58                enqueue_spindle_override
 .text.get_spindle_override
                0x08013a78       0x20 ./grbl/override.o
                0x08013a78                get_spindle_override
 .text.enqueue_coolant_override
                0x08013a98       0x20 ./grbl/override.o
                0x08013a98                enqueue_coolant_override
 .text.get_coolant_override
                0x08013ab8       0x20 ./grbl/override.o
                0x08013ab8                get_coolant_override
 .text.flush_override_buffers
                0x08013ad8       0x24 ./grbl/override.o
                0x08013ad8                flush_override_buffers
 .text.limit_acceleration_by_axis_maximum
                0x08013afc       0x44 ./grbl/planner.o
 .text.plan_cleanup
                0x08013b40       0x20 ./grbl/planner.o
 .text.planner_recalculate
                0x08013b60      0x11c ./grbl/planner.o
 .text.plan_get_buffer_size
                0x08013c7c        0xc ./grbl/planner.o
                0x08013c7c                plan_get_buffer_size
 .text.plan_reset
                0x08013c88      0x10c ./grbl/planner.o
                0x08013c88                plan_reset
 .text.plan_discard_current_block
                0x08013d94       0x30 ./grbl/planner.o
                0x08013d94                plan_discard_current_block
 .text.plan_get_system_motion_block
                0x08013dc4        0xc ./grbl/planner.o
                0x08013dc4                plan_get_system_motion_block
 .text.plan_get_current_block
                0x08013dd0       0x18 ./grbl/planner.o
                0x08013dd0                plan_get_current_block
 .text.plan_get_exec_block_exit_speed_sqr
                0x08013de8       0x24 ./grbl/planner.o
                0x08013de8                plan_get_exec_block_exit_speed_sqr
 .text.plan_check_full_buffer
                0x08013e0c       0x18 ./grbl/planner.o
                0x08013e0c                plan_check_full_buffer
 .text.plan_compute_profile_nominal_speed
                0x08013e24       0x94 ./grbl/planner.o
                0x08013e24                plan_compute_profile_nominal_speed
 .text.plan_buffer_line
                0x08013eb8      0x374 ./grbl/planner.o
                0x08013eb8                plan_buffer_line
 .text.plan_sync_position
                0x0801422c       0x14 ./grbl/planner.o
                0x0801422c                plan_sync_position
 .text.plan_get_block_buffer_available
                0x08014240       0x38 ./grbl/planner.o
                0x08014240                plan_get_block_buffer_available
 .text.plan_cycle_reinitialize
                0x08014278       0x2c ./grbl/planner.o
                0x08014278                plan_cycle_reinitialize
 .text.plan_feed_override
                0x080142a4       0xe8 ./grbl/planner.o
                0x080142a4                plan_feed_override
 .text.plan_data_init
                0x0801438c       0x40 ./grbl/planner.o
                0x0801438c                plan_data_init
 .text.protocol_poll_cmd
                0x080143cc       0xa4 ./grbl/protocol.o
 .text.protocol_execute_rt_commands.constprop.0
                0x08014470       0x4c ./grbl/protocol.o
 .text.protocol_on_execute_delay
                0x080144bc       0x34 ./grbl/protocol.o
 .text.protocol_enqueue_gcode
                0x080144f0       0x60 ./grbl/protocol.o
                0x080144f0                protocol_enqueue_gcode
 .text.protocol_auto_cycle_start
                0x08014550       0x20 ./grbl/protocol.o
                0x08014550                protocol_auto_cycle_start
 .text.protocol_exec_rt_system
                0x08014570      0x48c ./grbl/protocol.o
                0x08014570                protocol_exec_rt_system
 .text.protocol_execute_realtime
                0x080149fc       0xd8 ./grbl/protocol.o
                0x080149fc                protocol_execute_realtime
 .text.protocol_main_loop
                0x08014ad4      0x468 ./grbl/protocol.o
                0x08014ad4                protocol_main_loop
 .text.protocol_buffer_synchronize
                0x08014f3c       0x38 ./grbl/protocol.o
                0x08014f3c                protocol_buffer_synchronize
 .text.protocol_enqueue_foreground_task
                0x08014f74       0x48 ./grbl/protocol.o
                0x08014f74                protocol_enqueue_foreground_task
 .text.protocol_enqueue_realtime_command
                0x08014fbc      0x318 ./grbl/protocol.o
                0x08014fbc                protocol_enqueue_realtime_command
 .text.matchstar
                0x080152d4       0x26 ./grbl/regex.o
                0x080152d4                matchstar
 .text.matchhere
                0x080152fa       0x4c ./grbl/regex.o
                0x080152fa                matchhere
 *fill*         0x08015346        0x2 
 .text.axis_signals_tostring
                0x08015348       0x24 ./grbl/report.o
 .text.control_signals_tostring
                0x0801536c       0x40 ./grbl/report.o
 .text.report_init_message
                0x080153ac       0x24 ./grbl/report.o
 .text.report_help_message
                0x080153d0       0x14 ./grbl/report.o
 .text.cmp_settings
                0x080153e4        0xc ./grbl/report.o
 .text.is_g92_active
                0x080153f0       0x3c ./grbl/report.o
 .text.write_quoted
                0x0801542c       0x38 ./grbl/report.o
 .text.cmp_alarms
                0x08015464        0xc ./grbl/report.o
 .text.cmp_errors
                0x08015470        0xc ./grbl/report.o
 .text.cmp_setting_group_id
                0x0801547c        0xc ./grbl/report.o
 .text.count_pins
                0x08015488        0x8 ./grbl/report.o
 .text.cmp_pins
                0x08015490        0x8 ./grbl/report.o
 .text.get_rate_value_mm
                0x08015498        0xc ./grbl/report.o
 .text.get_rate_value_inch
                0x080154a4       0x18 ./grbl/report.o
 .text.print_alarm
                0x080154bc       0x90 ./grbl/report.o
 .text.print_error
                0x0801554c       0x90 ./grbl/report.o
 .text.print_uito2a
                0x080155dc       0x34 ./grbl/report.o
 .text.report_spindle
                0x08015610      0x1b0 ./grbl/report.o
 .text.get_axis_values_mm
                0x080157c0       0x5c ./grbl/report.o
 .text.get_axis_values_inches
                0x0801581c       0x74 ./grbl/report.o
 .text.get_axis_value_mm
                0x08015890       0x18 ./grbl/report.o
 .text.get_axis_value_inches
                0x080158a8       0x24 ./grbl/report.o
 .text.map_coord_system
                0x080158cc       0x44 ./grbl/report.o
 .text.get_pin_info
                0x08015910       0x3a ./grbl/report.o
 .text.get_pins
                0x0801594a       0x18 ./grbl/report.o
 *fill*         0x08015962        0x2 
 .text.appendbuf
                0x08015964       0x38 ./grbl/report.o
 .text.report_alarm_message
                0x0801599c       0x34 ./grbl/report.o
 .text.report_bitfield
                0x080159d0       0xd4 ./grbl/report.o
 .text.cmp_setting_group_name
                0x08015aa4        0xc ./grbl/report.o
 .text.write_name
                0x08015ab0       0x50 ./grbl/report.o
 .text.report_settings_detail
                0x08015b00      0x598 ./grbl/report.o
 .text.print_unsorted
                0x08016098       0x32 ./grbl/report.o
 .text.print_sorted
                0x080160ca       0x20 ./grbl/report.o
 *fill*         0x080160ea        0x2 
 .text.print_settings_details
                0x080160ec      0x144 ./grbl/report.o
 .text.report_group_settings
                0x08016230       0x80 ./grbl/report.o
 .text.report_pin_info
                0x080162b0       0x6c ./grbl/report.o
 .text.report_pin
                0x0801631c       0x12 ./grbl/report.o
 *fill*         0x0801632e        0x2 
 .text.report_setting
                0x08016330       0x58 ./grbl/report.o
 .text.print_setting
                0x08016388       0x44 ./grbl/report.o
 .text.report_status_message
                0x080163cc       0x38 ./grbl/report.o
 .text.print_setting_group
                0x08016404       0x8c ./grbl/report.o
 .text.add_limits.isra.0
                0x08016490       0x34 ./grbl/report.o
 .text.report_init
                0x080164c4       0x5c ./grbl/report.o
                0x080164c4                report_init
 .text.report_message
                0x08016520       0x6c ./grbl/report.o
                0x08016520                report_message
 .text.report_feedback_message
                0x0801658c       0x34 ./grbl/report.o
 .text.report_plain
                0x080165c0        0x6 ./grbl/report.o
                0x080165c0                report_plain
 .text.report_warning
                0x080165c6        0x6 ./grbl/report.o
                0x080165c6                report_warning
 .text.report_grbl_setting
                0x080165cc       0x28 ./grbl/report.o
                0x080165cc                report_grbl_setting
 .text.report_grbl_settings
                0x080165f4      0x10c ./grbl/report.o
                0x080165f4                report_grbl_settings
 .text.report_probe_parameters
                0x08016700       0x68 ./grbl/report.o
                0x08016700                report_probe_parameters
 .text.report_home_position
                0x08016768       0x58 ./grbl/report.o
                0x08016768                report_home_position
 .text.report_tool_offsets
                0x080167c0       0x3c ./grbl/report.o
                0x080167c0                report_tool_offsets
 .text.report_ngc_parameter
                0x080167fc       0x78 ./grbl/report.o
                0x080167fc                report_ngc_parameter
 .text.report_named_ngc_parameter
                0x08016874       0x74 ./grbl/report.o
                0x08016874                report_named_ngc_parameter
 .text.report_ngc_parameters
                0x080168e8      0x1e4 ./grbl/report.o
                0x080168e8                report_ngc_parameters
 .text.report_gcode_modes
                0x08016acc      0x348 ./grbl/report.o
                0x08016acc                report_gcode_modes
 .text.report_startup_line
                0x08016e14       0x40 ./grbl/report.o
                0x08016e14                report_startup_line
 .text.report_execute_startup_message
                0x08016e54       0x3c ./grbl/report.o
                0x08016e54                report_execute_startup_message
 .text.report_build_info
                0x08016e90      0x5bc ./grbl/report.o
                0x08016e90                report_build_info
 .text.report_realtime_status
                0x0801744c      0x934 ./grbl/report.o
                0x0801744c                report_realtime_status
 .text.report_settings_details
                0x08017d80       0x36 ./grbl/report.o
                0x08017d80                report_settings_details
 *fill*         0x08017db6        0x2 
 .text.report_setting_description
                0x08017db8       0xa8 ./grbl/report.o
                0x08017db8                report_setting_description
 .text.report_alarm_details
                0x08017e60       0xb0 ./grbl/report.o
                0x08017e60                report_alarm_details
 .text.report_error_details
                0x08017f10       0xb0 ./grbl/report.o
                0x08017f10                report_error_details
 .text.report_setting_group_details
                0x08017fc0       0xc4 ./grbl/report.o
                0x08017fc0                report_setting_group_details
 .text.report_help
                0x08018084       0xcc ./grbl/report.o
                0x08018084                report_help
 .text.report_last_signals_event
                0x08018150       0x54 ./grbl/report.o
                0x08018150                report_last_signals_event
 .text.report_current_limit_state
                0x080181a4       0x44 ./grbl/report.o
                0x080181a4                report_current_limit_state
 .text.report_current_home_signal_state
                0x080181e8       0x74 ./grbl/report.o
                0x080181e8                report_current_home_signal_state
 .text.report_spindle_data
                0x0801825c       0xa0 ./grbl/report.o
                0x0801825c                report_spindle_data
 .text.report_pins
                0x080182fc       0x80 ./grbl/report.o
                0x080182fc                report_pins
 .text.report_pin_states
                0x0801837c      0x3dc ./grbl/report.o
                0x0801837c                report_pin_states
 .text.report_time
                0x08018758       0x80 ./grbl/report.o
                0x08018758                report_time
 .text.report_spindles
                0x080187d8       0x2c ./grbl/report.o
                0x080187d8                report_spindles
 .text.report_pid_log
                0x08018804        0xc ./grbl/report.o
                0x08018804                report_pid_log
 .text.report_init_fns
                0x08018810       0x28 ./grbl/report.o
                0x08018810                report_init_fns
 .text.group_is_available
                0x08018838        0x4 ./grbl/settings.o
 .text.set_ganged_dir_invert
                0x0801883c       0x28 ./grbl/settings.o
 .text.set_stepper_deenergize_mask
                0x08018864       0x20 ./grbl/settings.o
 .text.set_report_interval
                0x08018884       0x20 ./grbl/settings.o
 .text.set_report_mask
                0x080188a4       0x10 ./grbl/settings.o
 .text.set_pwm_mode
                0x080188b4       0x1c ./grbl/settings.o
 .text.set_pwm_options
                0x080188d0       0x3c ./grbl/settings.o
 .text.set_estop_unlock
                0x0801890c       0x30 ./grbl/settings.o
 .text.set_offset_lock
                0x0801893c       0x28 ./grbl/settings.o
 .text.set_hard_limits_enable
                0x08018964       0x60 ./grbl/settings.o
 .text.set_jog_soft_limited
                0x080189c4       0x2c ./grbl/settings.o
 .text.set_enable_legacy_rt_commands
                0x080189f0       0x1c ./grbl/settings.o
 .text.set_parking_enable
                0x08018a0c       0x18 ./grbl/settings.o
 .text.set_restore_overrides
                0x08018a24       0x1c ./grbl/settings.o
 .text.set_sleep_enable
                0x08018a40       0x1c ./grbl/settings.o
 .text.set_hold_actions
                0x08018a5c       0x28 ./grbl/settings.o
 .text.set_g92_disable_persistence
                0x08018a84       0x1c ./grbl/settings.o
 .text.set_force_initialization_alarm
                0x08018aa0       0x1c ./grbl/settings.o
 .text.set_probe_allow_feed_override
                0x08018abc       0x1c ./grbl/settings.o
 .text.set_tool_change_probing_distance
                0x08018ad8       0x20 ./grbl/settings.o
 .text.set_tool_restore_pos
                0x08018af8       0x30 ./grbl/settings.o
 .text.get_int  0x08018b28      0x270 ./grbl/settings.o
 .text.is_available
                0x08018d98       0x12 ./grbl/settings.o
 *fill*         0x08018daa        0x2 
 .text.set_encoder_spindle
                0x08018dac       0x34 ./grbl/settings.o
 .text.set_spindle_type
                0x08018de0       0x3c ./grbl/settings.o
 .text.set_tool_change_mode
                0x08018e1c       0x34 ./grbl/settings.o
 .text.set_homing_cycle
                0x08018e50       0x18 ./grbl/settings.o
 .text.set_mode
                0x08018e68       0x48 ./grbl/settings.o
 .text.set_spindle_invert
                0x08018eb0       0x34 ./grbl/settings.o
 .text.set_probe_disable_pullup
                0x08018ee4       0x34 ./grbl/settings.o
 .text.set_control_disable_pullup
                0x08018f18       0x24 ./grbl/settings.o
 .text.set_probe_invert
                0x08018f3c       0x3c ./grbl/settings.o
 .text.set_control_invert
                0x08018f78       0x28 ./grbl/settings.o
 .text.set_report_inches
                0x08018fa0       0x28 ./grbl/settings.o
 .text.get_decimal_places
                0x08018fc8       0x24 ./grbl/settings.o
 .text.validate_value
                0x08018fec       0x84 ./grbl/settings.o
 .text.tmp_set_soft_limits
                0x08019070       0x60 ./grbl/settings.o
 .text.set_soft_limits_enable
                0x080190d0       0x30 ./grbl/settings.o
 .text.set_homing_enable
                0x08019100       0x5c ./grbl/settings.o
 .text.normalize_id
                0x0801915c       0x76 ./grbl/settings.o
 *fill*         0x080191d2        0x2 
 .text.is_setting_available
                0x080191d4      0x2a4 ./grbl/settings.o
 .text.settings_write_global
                0x08019478       0x54 ./grbl/settings.o
                0x08019478                settings_write_global
 .text.settings_changed_spindle
                0x080194cc       0x2c ./grbl/settings.o
 .text.strnumentries.constprop.0
                0x080194f8       0x20 ./grbl/settings.o
 .text.settings_register
                0x08019518       0x10 ./grbl/settings.o
                0x08019518                settings_register
 .text.settings_get_details
                0x08019528        0x8 ./grbl/settings.o
                0x08019528                settings_get_details
 .text.settings_get_axis_base
                0x08019530       0x1a ./grbl/settings.o
                0x08019530                settings_get_axis_base
 *fill*         0x0801954a        0x2 
 .text.get_float
                0x0801954c       0xa8 ./grbl/settings.o
 .text.set_axis_setting
                0x080195f4      0x230 ./grbl/settings.o
 .text.setting_get_value
                0x08019824       0xd0 ./grbl/settings.o
                0x08019824                setting_get_value
 .text.setting_get_int_value
                0x080198f4       0x58 ./grbl/settings.o
                0x080198f4                setting_get_int_value
 .text.settings_write_build_info
                0x0801994c       0x2c ./grbl/settings.o
                0x0801994c                settings_write_build_info
 .text.settings_read_build_info
                0x08019978       0x34 ./grbl/settings.o
                0x08019978                settings_read_build_info
 .text.settings_write_startup_line
                0x080199ac       0x48 ./grbl/settings.o
                0x080199ac                settings_write_startup_line
 .text.settings_read_startup_line
                0x080199f4       0x60 ./grbl/settings.o
                0x080199f4                settings_read_startup_line
 .text.settings_write_coord_data
                0x08019a54       0x48 ./grbl/settings.o
                0x08019a54                settings_write_coord_data
 .text.settings_read_coord_data
                0x08019a9c       0x60 ./grbl/settings.o
                0x08019a9c                settings_read_coord_data
 .text.read_global_settings
                0x08019afc       0x98 ./grbl/settings.o
                0x08019afc                read_global_settings
 .text.settings_restore
                0x08019b94       0xec ./grbl/settings.o
                0x08019b94                settings_restore
 .text.settings_normalize_group
                0x08019c80        0xc ./grbl/settings.o
                0x08019c80                settings_normalize_group
 .text.setting_get_details
                0x08019c8c       0xac ./grbl/settings.o
                0x08019c8c                setting_get_details
 .text.settings_iterator
                0x08019d38       0x74 ./grbl/settings.o
                0x08019d38                settings_iterator
 .text.setting_get_description
                0x08019dac       0x60 ./grbl/settings.o
                0x08019dac                setting_get_description
 .text.setting_get_group_details
                0x08019e0c       0x34 ./grbl/settings.o
                0x08019e0c                setting_get_group_details
 .text.settings_is_group_available
                0x08019e40       0xac ./grbl/settings.o
                0x08019e40                settings_is_group_available
 .text.is_group_available
                0x08019eec        0x6 ./grbl/settings.o
 .text.setting_datatype_to_external
                0x08019ef2        0xc ./grbl/settings.o
                0x08019ef2                setting_datatype_to_external
 .text.setting_is_list
                0x08019efe        0xe ./grbl/settings.o
                0x08019efe                setting_is_list
 .text.setting_remove_elements
                0x08019f0c       0xa8 ./grbl/settings.o
                0x08019f0c                setting_remove_elements
 .text.setting_validate_me
                0x08019fb4      0x120 ./grbl/settings.o
                0x08019fb4                setting_validate_me
 .text.settings_store_setting
                0x0801a0d4      0x17c ./grbl/settings.o
                0x0801a0d4                settings_store_setting
 .text.settings_add_spindle_type
                0x0801a250       0x44 ./grbl/settings.o
                0x0801a250                settings_add_spindle_type
 .text.settings_clear
                0x0801a294       0x14 ./grbl/settings.o
                0x0801a294                settings_clear
 .text.settings_init
                0x0801a2a8      0x1b8 ./grbl/settings.o
                0x0801a2a8                settings_init
 .text.fall_asleep
                0x0801a460        0xc ./grbl/sleep.o
 .text.sleep_execute
                0x0801a46c       0x84 ./grbl/sleep.o
 .text.sleep_check
                0x0801a4f0       0x78 ./grbl/sleep.o
                0x0801a4f0                sleep_check
 .text.null_set_state
                0x0801a568        0x2 ./grbl/spindle_control.o
 .text.null_get_state
                0x0801a56a        0x6 ./grbl/spindle_control.o
 .text.null_update_pwm
                0x0801a570        0x2 ./grbl/spindle_control.o
 .text.null_get_pwm
                0x0801a572        0x4 ./grbl/spindle_control.o
 .text.null_update_rpm
                0x0801a576        0x2 ./grbl/spindle_control.o
 .text.spindle_activate.constprop.0
                0x0801a578      0x1e0 ./grbl/spindle_control.o
 .text.spindle_register
                0x0801a758       0xc8 ./grbl/spindle_control.o
                0x0801a758                spindle_register
 .text.spindle_get_caps
                0x0801a820       0x3c ./grbl/spindle_control.o
                0x0801a820                spindle_get_caps
 .text.spindle_enumerate_spindles
                0x0801a85c       0xa4 ./grbl/spindle_control.o
                0x0801a85c                spindle_enumerate_spindles
 .text.spindle_is_enabled
                0x0801a900       0x1c ./grbl/spindle_control.o
                0x0801a900                spindle_is_enabled
 .text.spindle_get
                0x0801a91c       0x1c ./grbl/spindle_control.o
                0x0801a91c                spindle_get
 .text.spindle_add_null
                0x0801a938       0x34 ./grbl/spindle_control.o
                0x0801a938                spindle_add_null
 .text.spindle_select
                0x0801a96c       0x38 ./grbl/spindle_control.o
                0x0801a96c                spindle_select
 .text.spindle_get_count
                0x0801a9a4       0x28 ./grbl/spindle_control.o
                0x0801a9a4                spindle_get_count
 .text.spindle_set_rpm
                0x0801a9cc       0x60 ./grbl/spindle_control.o
                0x0801a9cc                spindle_set_rpm
 .text.set_state
                0x0801aa2c       0x88 ./grbl/spindle_control.o
 .text.spindle_set_state
                0x0801aab4        0x4 ./grbl/spindle_control.o
                0x0801aab4                spindle_set_state
 .text.spindle_restore
                0x0801aab8       0xa0 ./grbl/spindle_control.o
                0x0801aab8                spindle_restore
 .text.spindle_sync
                0x0801ab58       0xcc ./grbl/spindle_control.o
                0x0801ab58                spindle_sync
 .text.spindle_set_override
                0x0801ac24       0x8c ./grbl/spindle_control.o
                0x0801ac24                spindle_set_override
 .text.spindle_all_off
                0x0801acb0       0x34 ./grbl/spindle_control.o
                0x0801acb0                spindle_all_off
 .text.spindle_is_on
                0x0801ace4       0x1c ./grbl/spindle_control.o
                0x0801ace4                spindle_is_on
 .text.state_noop
                0x0801ad00        0x2 ./grbl/state_machine.o
 *fill*         0x0801ad02        0x2 
 .text.initiate_hold
                0x0801ad04      0x144 ./grbl/state_machine.o
 .text.enter_sleep
                0x0801ae48       0x34 ./grbl/state_machine.o
 .text.state_await_restart_retract
                0x0801ae7c       0x38 ./grbl/state_machine.o
 .text.state_await_waypoint_retract
                0x0801aeb4       0xd0 ./grbl/state_machine.o
 .text.restart_retract
                0x0801af84       0x58 ./grbl/state_machine.o
 .text.state_restore
                0x0801afdc      0x118 ./grbl/state_machine.o
 .text.state_door_reopened
                0x0801b0f4       0x20 ./grbl/state_machine.o
                0x0801b0f4                state_door_reopened
 .text.state_get
                0x0801b114        0xc ./grbl/state_machine.o
                0x0801b114                state_get
 .text.state_set
                0x0801b120      0x230 ./grbl/state_machine.o
                0x0801b120                state_set
 .text.state_idle
                0x0801b350       0x44 ./grbl/state_machine.o
 .text.state_update
                0x0801b394       0x2c ./grbl/state_machine.o
                0x0801b394                state_update
 .text.state_await_resume
                0x0801b3c0      0x208 ./grbl/state_machine.o
 .text.state_await_resumed
                0x0801b5c8       0x44 ./grbl/state_machine.o
 .text.state_await_toolchanged
                0x0801b60c       0x64 ./grbl/state_machine.o
 .text.state_cycle
                0x0801b670       0x68 ./grbl/state_machine.o
 .text.state_await_motion_cancel
                0x0801b6d8       0x60 ./grbl/state_machine.o
 .text.state_await_hold.part.0
                0x0801b738      0x1c8 ./grbl/state_machine.o
 .text.state_await_hold
                0x0801b900        0xa ./grbl/state_machine.o
 *fill*         0x0801b90a        0x2 
 .text.state_suspend_manager
                0x0801b90c       0xec ./grbl/state_machine.o
                0x0801b90c                state_suspend_manager
 .text.st_deenergize
                0x0801b9f8       0x28 ./grbl/stepper.o
                0x0801b9f8                st_deenergize
 .text.st_wake_up
                0x0801ba20       0x18 ./grbl/stepper.o
                0x0801ba20                st_wake_up
 .text.st_go_idle
                0x0801ba38       0x84 ./grbl/stepper.o
                0x0801ba38                st_go_idle
 .text.stepper_driver_interrupt_handler
                0x0801babc      0x27c ./grbl/stepper.o
                0x0801babc                stepper_driver_interrupt_handler
 .text.st_reset
                0x0801bd38       0xfc ./grbl/stepper.o
                0x0801bd38                st_reset
 .text.st_rpm_changed
                0x0801be34        0xc ./grbl/stepper.o
                0x0801be34                st_rpm_changed
 .text.st_update_plan_block_parameters
                0x0801be40       0x2c ./grbl/stepper.o
                0x0801be40                st_update_plan_block_parameters
 .text.st_parking_setup_buffer
                0x0801be6c       0x5c ./grbl/stepper.o
                0x0801be6c                st_parking_setup_buffer
 .text.st_parking_restore_buffer
                0x0801bec8       0x68 ./grbl/stepper.o
                0x0801bec8                st_parking_restore_buffer
 .text.st_prep_buffer
                0x0801bf30      0x74c ./grbl/stepper.o
                0x0801bf30                st_prep_buffer
 .text.st_get_realtime_rate
                0x0801c67c       0x20 ./grbl/stepper.o
                0x0801c67c                st_get_realtime_rate
 .text.st_get_offset_id
                0x0801c69c       0x34 ./grbl/stepper.o
                0x0801c69c                st_get_offset_id
 .text.stream_get_null
                0x0801c6d0        0x6 ./grbl/stream.o
                0x0801c6d0                stream_get_null
 .text.stream_connected
                0x0801c6d6        0x4 ./grbl/stream.o
                0x0801c6d6                stream_connected
 .text.is_not_connected
                0x0801c6da        0x4 ./grbl/stream.o
 *fill*         0x0801c6de        0x2 
 .text.stream_write_all
                0x0801c6e0       0x20 ./grbl/stream.o
 .text._open_instance
                0x0801c700       0x34 ./grbl/stream.o
 .text.null_rx_free
                0x0801c734        0x6 ./grbl/stream.o
 .text.null_count
                0x0801c73a        0x4 ./grbl/stream.o
 .text.null_put_c
                0x0801c73e        0x4 ./grbl/stream.o
 .text.null_write_string
                0x0801c742        0x2 ./grbl/stream.o
 .text.null_write
                0x0801c744        0x2 ./grbl/stream.o
 .text.null_suspend_disable
                0x0801c746        0x4 ./grbl/stream.o
 .text.null_set_baudrate
                0x0801c74a        0x4 ./grbl/stream.o
 *fill*         0x0801c74e        0x2 
 .text.null_enqueue_rt_command
                0x0801c750        0xc ./grbl/stream.o
 .text.null_set_rt_handler
                0x0801c75c       0x10 ./grbl/stream.o
 .text.stream_null_init
                0x0801c76c        0x8 ./grbl/stream.o
                0x0801c76c                stream_null_init
 .text.await_toolchange_ack
                0x0801c774       0x60 ./grbl/stream.o
 .text.add_connection
                0x0801c7d4       0x64 ./grbl/stream.o
 .text.connection_is_up
                0x0801c838       0x48 ./grbl/stream.o
 .text.stream_register_streams
                0x0801c880       0x14 ./grbl/stream.o
                0x0801c880                stream_register_streams
 .text.stream_enumerate_streams
                0x0801c894       0x34 ./grbl/stream.o
                0x0801c894                stream_enumerate_streams
 .text.stream_tx_blocking
                0x0801c8c8       0x24 ./grbl/stream.o
                0x0801c8c8                stream_tx_blocking
 .text.stream_rx_suspend
                0x0801c8ec       0x74 ./grbl/stream.o
                0x0801c8ec                stream_rx_suspend
 .text.stream_enqueue_realtime_command
                0x0801c960       0x44 ./grbl/stream.o
                0x0801c960                stream_enqueue_realtime_command
 .text.stream_set_description
                0x0801c9a4       0x44 ./grbl/stream.o
                0x0801c9a4                stream_set_description
 .text.stream_mpg_enable
                0x0801c9e8      0x120 ./grbl/stream.o
                0x0801c9e8                stream_mpg_enable
 .text.stream_select
                0x0801cb08      0x220 ./grbl/stream.o
 .text.stream_connect
                0x0801cd28       0x20 ./grbl/stream.o
                0x0801cd28                stream_connect
 .text.stream_connect_instance
                0x0801cd48       0x28 ./grbl/stream.o
                0x0801cd48                stream_connect_instance
 .text.stream_mpg_set_mode
                0x0801cd70        0xa ./grbl/stream.o
                0x0801cd70                stream_mpg_set_mode
 *fill*         0x0801cd7a        0x2 
 .text.toggle_single_block
                0x0801cd7c       0x48 ./grbl/system.o
 .text.toggle_block_delete
                0x0801cdc4       0x4c ./grbl/system.o
 .text.toggle_optional_stop
                0x0801ce10       0x4c ./grbl/system.o
 .text.help_rtc
                0x0801ce5c       0x2c ./grbl/system.o
                0x0801ce5c                help_rtc
 .text.help_pins
                0x0801ce88       0x18 ./grbl/system.o
                0x0801ce88                help_pins
 .text.help_pin_state
                0x0801cea0       0x18 ./grbl/system.o
                0x0801cea0                help_pin_state
 .text.help_switches
                0x0801ceb8       0x50 ./grbl/system.o
                0x0801ceb8                help_switches
 .text.help_rst
                0x0801cf08       0x58 ./grbl/system.o
                0x0801cf08                help_rst
 .text.spindle_reset_data
                0x0801cf60       0x1a ./grbl/system.o
 *fill*         0x0801cf7a        0x2 
 .text.rtc_action
                0x0801cf7c       0x28 ./grbl/system.o
 .text.pin_state
                0x0801cfa4        0x4 ./grbl/system.o
 .text.enumerate_pins
                0x0801cfa8        0x4 ./grbl/system.o
 .text.enumerate_alarms_grblformatted
                0x0801cfac        0x6 ./grbl/system.o
 .text.enumerate_alarms
                0x0801cfb2        0x6 ./grbl/system.o
 .text.enumerate_errors_grblformatted
                0x0801cfb8        0x6 ./grbl/system.o
 .text.enumerate_errors
                0x0801cfbe        0x6 ./grbl/system.o
 .text.enumerate_groups
                0x0801cfc4        0x8 ./grbl/system.o
 .text.enumerate_all
                0x0801cfcc       0x26 ./grbl/system.o
 .text.enumerate_settings_halformatted
                0x0801cff2        0xc ./grbl/system.o
 .text.enumerate_settings_grblformatted
                0x0801cffe        0xc ./grbl/system.o
 .text.enumerate_settings
                0x0801d00a        0xc ./grbl/system.o
 .text.set_startup_line
                0x0801d016       0x46 ./grbl/system.o
 .text.set_startup_line1
                0x0801d05c        0x6 ./grbl/system.o
 .text.set_startup_line0
                0x0801d062        0x6 ./grbl/system.o
 .text.output_startup_lines
                0x0801d068       0x58 ./grbl/system.o
 .text.settings_reset
                0x0801d0c0       0x60 ./grbl/system.o
 .text.output_all_build_info
                0x0801d120       0x1a ./grbl/system.o
 .text.build_info
                0x0801d13a       0x40 ./grbl/system.o
 .text.tool_probe_workpiece
                0x0801d17a        0x4 ./grbl/system.o
 .text.enumerate_spindles_mr
                0x0801d17e        0x6 ./grbl/system.o
 .text.enumerate_spindles
                0x0801d184        0x6 ./grbl/system.o
 .text.output_help
                0x0801d18a        0x6 ./grbl/system.o
 .text.check_mode
                0x0801d190       0x30 ./grbl/system.o
 .text.read_int
                0x0801d1c0       0x4c ./grbl/system.o
 .text.output_ngc_parameters
                0x0801d20c       0x38 ./grbl/system.o
 .text.enter_sleep
                0x0801d244       0x34 ./grbl/system.o
 .text.help_homing
                0x0801d278       0x3c ./grbl/system.o
                0x0801d278                help_homing
 .text.jog      0x0801d2b4       0x1e ./grbl/system.o
 *fill*         0x0801d2d2        0x2 
 .text.help_spindle
                0x0801d2d4       0x44 ./grbl/system.o
                0x0801d2d4                help_spindle
 .text.disable_lock
                0x0801d318       0x8c ./grbl/system.o
 .text.output_setting_description
                0x0801d3a4       0x2c ./grbl/system.o
 .text.output_settings
                0x0801d3d0       0x3c ./grbl/system.o
 .text.output_all_settings
                0x0801d40c        0x4 ./grbl/system.o
 .text.system_init_switches
                0x0801d410       0x34 ./grbl/system.o
                0x0801d410                system_init_switches
 .text.control_interrupt_handler
                0x0801d444      0x174 ./grbl/system.o
                0x0801d444                control_interrupt_handler
 .text.system_execute_startup
                0x0801d5b8       0x40 ./grbl/system.o
                0x0801d5b8                system_execute_startup
 .text.go_home.constprop.0
                0x0801d5f8       0xe4 ./grbl/system.o
 .text.home     0x0801d6dc        0x8 ./grbl/system.o
 .text.home_x   0x0801d6e4        0x8 ./grbl/system.o
 .text.home_y   0x0801d6ec        0x8 ./grbl/system.o
 .text.home_z   0x0801d6f4        0x8 ./grbl/system.o
 .text._system_output_help
                0x0801d6fc       0x94 ./grbl/system.o
                0x0801d6fc                _system_output_help
 .text.system_command_help
                0x0801d790       0x28 ./grbl/system.o
                0x0801d790                system_command_help
 .text.system_execute_line
                0x0801d7b8      0x1d8 ./grbl/system.o
                0x0801d7b8                system_execute_line
 .text.system_convert_array_steps_to_mpos
                0x0801d990       0x28 ./grbl/system.o
                0x0801d990                system_convert_array_steps_to_mpos
 .text.system_xy_at_fixture
                0x0801d9b8       0x6c ./grbl/system.o
                0x0801d9b8                system_xy_at_fixture
 .text.system_raise_alarm
                0x0801da24       0x80 ./grbl/system.o
                0x0801da24                system_raise_alarm
 .text.system_get_rt_report_flags
                0x0801daa4        0xc ./grbl/system.o
                0x0801daa4                system_get_rt_report_flags
 .text.system_add_rt_report
                0x0801dab0       0x58 ./grbl/system.o
                0x0801dab0                system_add_rt_report
 .text.set_tool_reference
                0x0801db08       0x4c ./grbl/system.o
 .text.output_parser_state
                0x0801db54       0x10 ./grbl/system.o
 .text.system_clear_tlo_reference
                0x0801db64       0x4c ./grbl/system.o
                0x0801db64                system_clear_tlo_reference
 .text.system_flag_wco_change
                0x0801dbb0       0x2c ./grbl/system.o
                0x0801dbb0                system_flag_wco_change
 .text.change_completed
                0x0801dbdc       0x88 ./grbl/tool_change.o
 .text.execute_warning
                0x0801dc64        0xc ./grbl/tool_change.o