../trinamic/tmc2130hal.c:49:27:getConfig	0	static
../trinamic/tmc2130hal.c:117:25:getIholdIrun	0	static
../trinamic/tmc2130hal.c:214:17:getTPWMThrsRaw	0	static
../trinamic/tmc2130hal.c:234:13:stealthChopGet	0	static
../trinamic/tmc2130hal.c:253:16:get_sg_stall_value	0	static
../trinamic/tmc2130hal.c:311:13:write_register	16	static
../trinamic/tmc2130hal.c:298:13:read_register	16	static
../trinamic/tmc2130hal.c:323:14:get_register_addr	8	static
../trinamic/tmc2130hal.c:272:13:chopper_timing	8	static
../trinamic/tmc2130hal.c:258:13:coolconf	8	static
../trinamic/tmc2130hal.c:247:13:sg_stall_value	8	static
../trinamic/tmc2130hal.c:241:13:sg_filter	8	static
../trinamic/tmc2130hal.c:147:13:setTHighRaw	8	static
../trinamic/tmc2130hal.c:158:13:setTCoolThrsRaw	8	static
../trinamic/tmc2130hal.c:182:13:stealthChopEnable	16	static
../trinamic/tmc2130hal.c:196:13:coolStepEnable	16	static
../trinamic/tmc2130hal.c:224:13:stealthChop	8	static
../trinamic/tmc2130hal.c:291:13:vsense	16	static
../trinamic/tmc2130hal.c:284:16:pwm_scale	16	static
../trinamic/tmc2130hal.c:88:17:getStallGuardResult	16	static
../trinamic/tmc2130hal.c:135:17:getTStep	16	static
../trinamic/tmc2130hal.c:128:17:getDriverStatusRaw	16	static
../trinamic/tmc2130hal.c:95:25:getDriverStatus	16	static
../trinamic/tmc2130hal.c:74:23:getChopconf	16	static
../trinamic/tmc2130hal.c:219:13:setTPWMThrs	8	static
../trinamic/tmc2130hal.c:209:14:getTPWMThrs	8	static
../trinamic/tmc2130hal.c:142:13:setTHigh	8	static
../trinamic/tmc2130hal.c:153:13:setTCoolThrs	8	static
../trinamic/tmc2130hal.c:164:13:stallGuardEnable	24	static
../trinamic/tmc2130hal.c:69:17:getCurrent	8	static
../trinamic/tmc2130hal.c:64:13:setCurrent	8	static
../trinamic/tmc2130hal.c:59:13:setMicrosteps	8	static
../trinamic/tmc2130hal.c:54:13:isValidMicrosteps	8	static
../trinamic/tmc2130hal.c:370:17:TMC2130_AddMotor	40	static
