../lwip/src/core/netif.c:526:1:netif_do_set_netmask	0	static
../lwip/src/core/netif.c:590:1:netif_do_set_gw	0	static
../lwip/src/core/netif.c:1637:1:netif_null_output_ip4	0	static
../lwip/src/core/netif.c:445:1:netif_do_ip_addr_changed	16	static
../lwip/src/core/netif.c:878:1:netif_issue_reports	8	static
../lwip/src/core/netif.c:460:1:netif_do_set_ipaddr	24	static
../lwip/src/core/netif.c:177:1:netif_init	0	static
../lwip/src/core/netif.c:217:1:netif_input	8	static
../lwip/src/core/netif.c:503:1:netif_set_ipaddr	16	static
../lwip/src/core/netif.c:563:1:netif_set_netmask	8	static
../lwip/src/core/netif.c:624:1:netif_set_gw	8	static
../lwip/src/core/netif.c:661:1:netif_set_addr	32	static
../lwip/src/core/netif.c:276:1:netif_add	16	static
../lwip/src/core/netif.c:239:1:netif_add_noaddr	24	static
../lwip/src/core/netif.c:825:1:netif_set_default	0	static
../lwip/src/core/netif.c:847:1:netif_set_up	8	static
../lwip/src/core/netif.c:922:1:netif_set_down	8	static
../lwip/src/core/netif.c:740:1:netif_remove	8	static
../lwip/src/core/netif.c:960:1:netif_set_status_callback	0	static
../lwip/src/core/netif.c:991:1:netif_set_link_up	8	static
../lwip/src/core/netif.c:1029:1:netif_set_link_down	8	static
../lwip/src/core/netif.c:1058:1:netif_set_link_callback	0	static
../lwip/src/core/netif.c:1694:1:netif_get_by_index	0	static
../lwip/src/core/netif.c:1674:1:netif_index_to_name	16	static
../lwip/src/core/netif.c:1719:1:netif_find	8	static
../lwip/src/core/netif.c:1655:1:netif_name_to_index	8	static
