../grbl/motion_control.c:412:21:eval_bezier	0	static
../grbl/motion_control.c:78:6:mc_line	16	static
../grbl/motion_control.c:209:6:mc_arc	224	static
../grbl/motion_control.c:472:6:mc_cubic_b_spline	112	static
../grbl/motion_control.c:660:6:mc_thread	88	static
../grbl/motion_control.c:778:15:mc_jog_execute	16	static
../grbl/motion_control.c:810:6:mc_dwell	16	static
../grbl/motion_control.c:562:6:mc_canned_drill	48	static
../grbl/motion_control.c:971:12:mc_probe_cycle	48	static
../grbl/motion_control.c:1083:6:mc_parking_motion	8	static
../grbl/motion_control.c:1101:6:mc_override_ctrl_update	8	static
../grbl/motion_control.c:1114:15:mc_reset	8	static
../grbl/motion_control.c:821:15:mc_homing_cycle	32	static
