../grbl/nuts_bolts.c:96:7:uitoa	0	static
../grbl/nuts_bolts.c:115:7:ftoa	4	static
../grbl/nuts_bolts.c:170:7:trim_float	8	static
../grbl/nuts_bolts.c:184:15:read_uint	16	static
../grbl/nuts_bolts.c:242:6:read_float	24	static
../grbl/nuts_bolts.c:307:6:isintf	16	static
../grbl/nuts_bolts.c:313:6:delay_sec	16	static
../grbl/nuts_bolts.c:332:7:convert_delta_vector_to_unit_vector	8	static
../grbl/nuts_bolts.c:354:12:get_datetime	16	static
../grbl/nuts_bolts.c:415:9:calc_checksum	0	static
../grbl/nuts_bolts.c:428:7:strcaps	0	static
../grbl/nuts_bolts.c:444:6:dummy_handler	0	static
