../grbl/stepper2.c:95:13:st2_reset	0	static
../grbl/stepper2.c:130:20:st2_set_axis_setting_unit	8	static
../grbl/stepper2.c:167:20:st2_setting_get_description	16	static
../grbl/stepper2.c:83:13:st_motor_config	8	static
../grbl/stepper2.c:111:13:st2_settings_changed	8	static
../grbl/stepper2.c:209:6:st2_motor_bind_spindle	8	static
../grbl/stepper2.c:241:14:st2_motor_init	24	static
../grbl/stepper2.c:283:7:st2_motor_set_speed	4	static
../grbl/stepper2.c:353:6:st2_motor_move	24	static
../grbl/stepper2.c:435:9:st2_get_position	0	static
../grbl/stepper2.c:447:6:st2_set_position	8	static
../grbl/stepper2.c:463:6:st2_motor_run	32	static
../grbl/stepper2.c:544:6:st2_motor_stop	0	static
../grbl/stepper2.c:573:6:st2_motor_running	0	static
../grbl/stepper2.c:582:6:st2_motor_cruising	0	static
